01-19 20:56:38.124   995  2654 W ActivityManager: Unable to start service Intent { cmp=com.android.email/.service.AttachmentService } U=0: not found
01-19 20:56:38.124   995  2746 W ActivityManager: Unable to start service Intent { cmp=com.android.email/.service.AttachmentService } U=0: not found
01-19 20:56:38.135  4468  4506 I Email   : Observing account changes for notifications
01-19 20:56:38.141   995  2004 W ActivityManager: Unable to start service Intent { act=com.android.email.EXCHANGE_INTENT pkg=com.android.exchange } U=0: not found
01-19 20:56:38.207   995  2746 W ActivityManager: Unable to start service Intent { act=com.android.email.EXCHANGE_INTENT pkg=com.android.exchange } U=0: not found
01-19 20:56:38.210   995  2028 W ActivityManager: Unable to start service Intent { act=com.android.email.EXCHANGE_INTENT pkg=com.android.exchange } U=0: not found
01-19 20:56:38.212  4496  4496 I Xposed  : com.android.gallery3d
01-19 20:56:38.218  4496  4496 I Xposed  : we set ro_product_device  as  kolhzntyzgt
01-19 20:56:38.218  4496  4496 I Xposed  : we set ro_product_manufacturer  as  Sony
01-19 20:56:38.234  4468  4468 E ActivityThread: Service com.android.email.service.EmailBroadcastProcessorService has leaked ServiceConnection com.android.emailcommon.service.ServiceProxy$ProxyConnection@f086196 that was originally bound here
01-19 20:56:38.234  4468  4468 E ActivityThread: android.app.ServiceConnectionLeaked: Service com.android.email.service.EmailBroadcastProcessorService has leaked ServiceConnection com.android.emailcommon.service.ServiceProxy$ProxyConnection@f086196 that was originally bound here
01-19 20:56:38.234  4468  4468 E ActivityThread: 	at android.app.LoadedApk$ServiceDispatcher.<init>(LoadedApk.java:1078)
01-19 20:56:38.234  4468  4468 E ActivityThread: 	at android.app.LoadedApk.getServiceDispatcher(LoadedApk.java:972)
01-19 20:56:38.234  4468  4468 E ActivityThread: 	at android.app.ContextImpl.bindServiceCommon(ContextImpl.java:1805)
01-19 20:56:38.234  4468  4468 E ActivityThread: 	at android.app.ContextImpl.bindService(ContextImpl.java:1788)
01-19 20:56:38.234  4468  4468 E ActivityThread: 	at android.content.ContextWrapper.bindService(ContextWrapper.java:545)
01-19 20:56:38.234  4468  4468 E ActivityThread: 	at com.android.emailcommon.service.ServiceProxy.setTask(ServiceProxy.java:189)
01-19 20:56:38.234  4468  4468 E ActivityThread: 	at com.android.emailcommon.service.ServiceProxy.test(ServiceProxy.java:234)
01-19 20:56:38.234  4468  4468 E ActivityThread: 	at com.android.email.service.EmailServiceUtils.isServiceAvailable(EmailServiceUtils.java:160)
01-19 20:56:38.234  4468  4468 E ActivityThread: 	at com.android.email.provider.AccountReconciler.reconcileAccountsInternal(AccountReconciler.java:171)
01-19 20:56:38.234  4468  4468 E ActivityThread: 	at com.android.email.provider.AccountReconciler.reconcileAccounts(AccountReconciler.java:115)
01-19 20:56:38.234  4468  4468 E ActivityThread: 	at com.android.email.service.EmailBroadcastProcessorService.reconcileAndStartServices(EmailBroadcastProcessorService.java:309)
01-19 20:56:38.234  4468  4468 E ActivityThread: 	at com.android.email.service.EmailBroadcastProcessorService.onBootCompleted(EmailBroadcastProcessorService.java:295)
01-19 20:56:38.234  4468  4468 E ActivityThread: 	at com.android.email.service.EmailBroadcastProcessorService.onHandleIntent(EmailBroadcastProcessorService.java:130)
01-19 20:56:38.234  4468  4468 E ActivityThread: 	at android.app.IntentService$ServiceHandler.handleMessage(IntentService.java:65)
01-19 20:56:38.234  4468  4468 E ActivityThread: 	at android.os.Handler.dispatchMessage(Handler.java:102)
01-19 20:56:38.234  4468  4468 E ActivityThread: 	at android.os.Looper.loop(Looper.java:135)
01-19 20:56:38.234  4468  4468 E ActivityThread: 	at android.os.HandlerThread.run(HandlerThread.java:61)
01-19 20:56:38.235   995  2028 W ActivityManager: Unbind failed: could not find connection for android.os.BinderProxy@3b353e
01-19 20:56:38.475   995  1623 I ActivityManager: Killing 4101:com.android.dialer/u0a8 (adj 15): empty #17
01-19 20:56:38.505  1697  1697 I SystemBroadcastReceiver: Boot has been completed
01-19 20:56:38.509  1697  1697 I LauncherIconVisibilityManager: Activity has already been disabled: ComponentInfo{com.android.inputmethod.latin/com.android.inputmethod.latin.setup.SetupActivity}
01-19 20:56:38.511  1697  1697 I Xposed  : ANDR_ID!
01-19 20:56:38.546   995  2821 I ActivityManager: Start proc 4519:org.whispersystems.whisperpush/u0a72 for broadcast org.whispersystems.whisperpush/.service.DirectoryRefreshListener
01-19 20:56:38.675  4519  4519 I Xposed  : org.whispersystems.whisperpush
01-19 20:56:38.693  4519  4519 I Xposed  : we set ro_product_device  as  kolhzntyzgt
01-19 20:56:38.693  4519  4519 I Xposed  : we set ro_product_manufacturer  as  Sony
01-19 20:56:38.876  3947  4072 I GAV2    : Thread[GAThread,5,main]: No campaign data found.
01-19 20:56:38.884  2844  2844 I GAv4-SVC: Google Analytics 8.4.89 is starting up.
01-19 20:56:38.937   995  2746 I ActivityManager: Start proc 4541:com.qualcomm.telephony/1000 for broadcast com.qualcomm.atfwd/.AtFwdAutoboot
01-19 20:56:39.040   995  1028 I ActivityManager: Killing 4184:com.qualcomm.timeservice/1000 (adj 15): empty #17
01-19 20:56:39.047  4541  4541 I Xposed  : com.qualcomm.atfwd
01-19 20:56:39.056  4541  4541 I Xposed  : we set ro_product_device  as  kolhzntyzgt
01-19 20:56:39.056  4541  4541 I Xposed  : we set ro_product_manufacturer  as  Sony
01-19 20:56:39.072  4541  4541 W ContextImpl: Calling a method in the system process without a qualified user: android.app.ContextImpl.startService:1723 android.content.ContextWrapper.startService:522 android.content.ContextWrapper.startService:522 com.qualcomm.atfwd.AtFwdAutoboot.onReceive:24 android.app.ActivityThread.handleReceiver:2657 
01-19 20:56:39.073  4541  4541 E AtFwd AutoBoot: AtFwd Auto Boot Started Successfully
01-19 20:56:39.074  4541  4541 D AtFwdService: onCreate method
01-19 20:56:39.074  4541  4541 I AtFwdService: Instantiate AtCmdFwd Service
01-19 20:56:39.079  4541  4562 D AtCkpdCmdHandler: De-queing command
01-19 20:56:39.099   995  3920 I ActivityManager: Start proc 4564:com.qualcomm.telephony/1001 for broadcast org.codeaurora.ims/.ImsServiceAutoboot
01-19 20:56:39.197  4564  4564 I Xposed  : org.codeaurora.ims
01-19 20:56:39.206  4564  4564 I Xposed  : we set ro_product_device  as  kolhzntyzgt
01-19 20:56:39.206  4564  4564 I Xposed  : we set ro_product_manufacturer  as  Sony
01-19 20:56:39.234  4564  4564 E ImsService AutoBoot: ImsService Auto Boot Started Successfully
01-19 20:56:39.246  2400  4582 I GoogleHttpClient: GMS http client unavailable, use old client
01-19 20:56:39.276   995  1502 I ActivityManager: Start proc 4584:com.android.vending/u0a16 for broadcast com.android.vending/com.google.android.finsky.receivers.BootCompletedReceiver
01-19 20:56:39.427  4584  4584 I Xposed  : com.android.vending
01-19 20:56:39.438  4584  4584 I Xposed  : we set ro_product_device  as  kolhzntyzgt
01-19 20:56:39.438  4584  4584 I Xposed  : we set ro_product_manufacturer  as  Sony
01-19 20:56:39.444   995  1026 I ActivityManager: Killing 4235:com.cyanogenmod.account/u0a4 (adj 15): empty #17
01-19 20:56:39.540  4584  4584 I Xposed  : ANDR_ID!
01-19 20:56:39.584  4584  4584 D Finsky  : [1] FinskyApp.onCreate: Initializing network with DFE https://android.clients.google.com/fdfe/
01-19 20:56:39.631  4584  4584 I Xposed  : ANDR_ID!
01-19 20:56:39.641  4584  4584 D Finsky  : [1] DailyHygiene.goMakeHygieneIfDirty: No need to run daily hygiene.
01-19 20:56:39.654  4584  4584 W Settings: Setting download_manager_max_bytes_over_mobile has moved from android.provider.Settings.Secure to android.provider.Settings.Global.
01-19 20:56:39.655  4584  4584 W Settings: Setting download_manager_recommended_max_bytes_over_mobile has moved from android.provider.Settings.Secure to android.provider.Settings.Global.
01-19 20:56:39.681  4584  4607 D Volley  : [312] DiskBasedCache.clear: Cache cleared.
01-19 20:56:39.682  4584  4614 D Volley  : [319] DiskBasedCache.clear: Cache cleared.
01-19 20:56:39.703  4584  4584 D Finsky  : [1] Libraries$2.run: Loaded library for account: [n5WWhgyVYKAZZ3maagzJxwsvbqQ]
01-19 20:56:39.703  4584  4584 D Finsky  : [1] Libraries$2.run: Finished loading 1 libraries.
01-19 20:56:39.733  4584  4623 D Ads     : Skipping gmscore version check
01-19 20:56:39.738  1442  4333 D MediaProvider: object removed 15158
01-19 20:56:39.739  4584  4584 D Finsky  : [1] GmsCoreHelper.cleanupNlp: result=false type=4
01-19 20:56:39.761  2134  2134 I Xposed  : ANDR_ID!
01-19 20:56:39.811  4584  4584 D Finsky  : [1] RestoreTracker.stopServiceIfDone: Restore complete with 0 success and 0 failed.
01-19 20:56:39.819  1442  4333 D MediaProvider: object removed 15168
01-19 20:56:39.820  1442  4333 D MediaProvider: object removed 15169
01-19 20:56:39.859  2134  2134 D WearableService: callingUid 10029, callindPid: 2134
01-19 20:56:39.868  2134  2134 E GmsWearableNodeHelper: GoogleApiClient connection failed: ConnectionResult{statusCode=API_UNAVAILABLE, resolution=null, message=null}
01-19 20:56:40.333  2844  2844 W InstanceID/Rpc: Found 10029
01-19 20:56:40.338  2844  4624 D FileApkUtils: Spent 56ms computing apk sha1.
01-19 20:56:40.339  2844  4624 D FileApkUtils: Module already staged or being staged:chimera-modules/MapsModule.apk
01-19 20:56:40.353  2844  4624 D DexOptUtils: Module /data/data/com.google.android.gms/app_chimera/chimera-module-root/module-eadf3a03a14c8741cdcafd8c1812c44afdd347da/MapsModule.apk is already optimized. Bailing.
01-19 20:56:40.357  2844  4624 D FileApkUtils: Keeping up-to-date module: module-eadf3a03a14c8741cdcafd8c1812c44afdd347da
01-19 20:56:40.363  4158  4229 E ELEVEN  : calling refresh!
01-19 20:56:40.366  2844  4624 D GmsModuleFndr: Beginning GMS chimera module scan
01-19 20:56:40.396  2844  4624 D GmsModuleFndr: Module pkg com.google.android.play.games not installed, skipping
01-19 20:56:40.396  2844  4624 D GmsModuleFndr: Module pkg com.google.android.apps.kids.kidsetup not installed, skipping
01-19 20:56:40.397  2844  4624 D ChimeraCfgMgr: Beginning module configuration check
01-19 20:56:40.398  2844  4624 D ChimeraCfgMgr: Module APKs unchanged, check complete
01-19 20:56:40.418  2844  2844 I CheckinService: Checkin interval check for package: unspecified last checkin: 1453223736462 min interval config: 0 actual interval: 2463956
01-19 20:56:40.428  2844  4637 I GCoreUlr: Starting service, intent=Intent { act=com.google.android.location.reporting.ACTION_UPDATE_WORLD cmp=com.google.android.gms/com.google.android.location.reporting.service.DispatchingService (has extras) }, extras=Bundle[{receiverAction=android.intent.action.BOOT_COMPLETED}]
01-19 20:56:40.435  2134  4640 D GCM     : GcmService start Intent { act=android.intent.action.BOOT_COMPLETED flg=0x8000010 cmp=com.google.android.gms/.gcm.GcmService (has extras) } android.intent.action.BOOT_COMPLETED
01-19 20:56:40.437  2844  4642 I CheckinService: Disabling old GoogleServicesFramework version
01-19 20:56:40.454  2844  4644 V CheckinService: No Subscriptions found on the device
01-19 20:56:40.457  2844  2844 D SystemUpdateService: onCreate
01-19 20:56:40.457   995  1487 I ActivityManager: Delay finish: com.google.android.gms/.auth.api.credentials.sync.CredentialSyncReceiverService$Receiver
01-19 20:56:40.461  2844  4644 I CheckinService: Checking schedule, now: 1453226200461 next: 1453223766421
01-19 20:56:40.461  2844  4644 I CheckinService: active receiver: enabled
01-19 20:56:40.474  2844  2844 D SystemUpdateService: onStartCommand: intent: Intent { cmp=com.google.android.gms/.update.SystemUpdateService (has extras) }
01-19 20:56:40.478  2844  4644 I CheckinService: Preparing to send checkin request
01-19 20:56:40.478  2844  4644 I CheckinService: Overwrite current checkin reason type from: 1 to: 6
01-19 20:56:40.478  2844  4644 I EventLogService: Accumulating logs since 1453224991905
01-19 20:56:40.482  2844  4649 V AuthZen : Handling intent: android.intent.action.BOOT_COMPLETED
01-19 20:56:40.493  2134  2134 I GCoreUlr: DispatchingService.onCreate()
01-19 20:56:40.495  2844  4648 I SystemUpdateService: cancelUpdate (empty URL)
01-19 20:56:40.495  2844  4648 I SystemUpdateService: active receiver: disabled
01-19 20:56:40.498  2844  4649 D AuthZenEventHandler: Handling event: android.intent.action.BOOT_COMPLETED
01-19 20:56:40.498   995  2654 D PackageManager: Ignoring attempt to set enabled state of disabled component com.google.android.gms/com.google.android.gms.update.SystemUpdateService$ActiveReceiver
01-19 20:56:40.518  2844  4649 W BaseAppContext: Using Auth Proxy for data requests.
01-19 20:56:40.531  2844  3353 I Xposed  : ANDR_ID!
01-19 20:56:40.545   995  2028 I ActivityManager: Resuming delayed broadcast
01-19 20:56:40.549  2134  4651 I GCoreUlr: WorldUpdater received intent Intent { act=com.google.android.location.reporting.ACTION_UPDATE_WORLD cmp=com.google.android.gms/com.google.android.location.reporting.service.DispatchingService (has extras) } with receiverAction android.intent.action.BOOT_COMPLETED
01-19 20:56:40.555  2844  4649 E BaseAppContext: Tried to stop global GMSCore RequestQueue. This is likely unintended, so ignoring.
01-19 20:56:40.569  2844  2844 D ChimeraCfgMgr: Loading module com.google.android.gms.gass from APK com.google.android.gms
01-19 20:56:40.569  2134  2134 V GLSActivity: AuthDelegateWrapperCreated with selected intent: Intent { cmp=com.google.android.gms/.auth.DefaultAuthDelegateService }
01-19 20:56:40.570  2844  2844 D BootCompletedReceiver: Will schedule periodic tasks:android.intent.action.BOOT_COMPLETED.
01-19 20:56:40.570  2844  2844 D BootCompletedReceiver: Got an BootCompleted event.
01-19 20:56:40.571  2134  2134 V GLSActivity: AuthDelegateWrapperCreated with selected intent: Intent { cmp=com.google.android.gms/.auth.DefaultAuthDelegateService }
01-19 20:56:40.574  2844  2844 D BootCompletedReceiver: Will NOT schedule AdAttestation signal task because it's disabled.
01-19 20:56:40.581  2844  2844 D SystemUpdateService: onDestroy
01-19 20:56:40.596  2844  4649 I AuthZen : Fetching signing key...
01-19 20:56:40.619  2844  4649 I AuthZen : Signing key fetched successfully!
01-19 20:56:40.624  2844  4649 W BaseAppContext: Using Auth Proxy for data requests.
01-19 20:56:40.648  2134  2134 W Auth    : [FRP,FrpUpdateIntentService] Received invalid intent action: com.google.android.gms.auth.ACTION_INVALID
01-19 20:56:40.652  2134  4651 I GCoreUlr: WorldUpdater:android.intent.action.BOOT_COMPLETED: Ensuring that reporting is stopped because of reasons: {account#5#=[InactiveReason{mVersionCode=0, mIdentifier=12, mName='LocationDisabled'}, InactiveReason{mVersionCode=0, mIdentifier=6, mName='ReportingNotEnabled'}, InactiveReason{mVersionCode=0, mIdentifier=14, mName='HistoryNotEnabled'}]}
01-19 20:56:40.659  2134  2134 V GLSActivity: AuthDelegateWrapperCreated with selected intent: Intent { cmp=com.google.android.gms/.auth.DefaultAuthDelegateService }
01-19 20:56:40.662  2844  4649 D a       : Opening database auth.proximity.permit_store...
01-19 20:56:40.670  2844  4649 D AuthZenTransactionCache: Initialized cache in: /data/data/com.google.android.gms/files
01-19 20:56:40.670  2844  4649 D AuthZenTransactionCache: Clearing transaction cache
01-19 20:56:40.695  2134  4651 I GCoreUlr: Unbound from all location providers
01-19 20:56:40.695  2134  4651 I GCoreUlr: Place inference reporting - stopped
01-19 20:56:40.704  2134  2878 W GCoreFlp: No location to return for getLastLocation()
01-19 20:56:40.704  2134  4301 W FusedLocationProvider: location=null
01-19 20:56:40.715  2134  2134 I GCoreUlr: DispatchingService.onDestroy()
01-19 20:56:40.715  2134  2134 I GCoreUlr: Stopping handler for UlrDispSvcFast
01-19 20:56:40.718  2134  2878 W GCoreFlp: No location to return for getLastLocation()
01-19 20:56:40.719  2134  2163 W FusedLocationProvider: location=null
01-19 20:56:40.720  2134  2134 I GCoreUlr: Unbound from all location providers
01-19 20:56:40.720  2134  2134 I GCoreUlr: Place inference reporting - stopped
01-19 20:56:40.734  2134  2134 D PersistentNotificationBroadcastReceiver: Received intent: Intent { act=android.intent.action.BOOT_COMPLETED flg=0x8000010 cmp=com.google.android.gms/.common.notification.PersistentNotificationBroadcastReceiver (has extras) }
01-19 20:56:40.747  2844  4644 I CheckinRequestBuilder: Checkin reason type: 6 attempt count: 1
01-19 20:56:40.754   995  1327 D WifiService: New client listening to asynchronous messages
01-19 20:56:40.759  2844  4644 E ActivityThread: Failed to find provider info for com.google.android.wearable.settings
01-19 20:56:40.779  3390  3390 W Babel   : On boot, found 1 ready accounts
01-19 20:56:40.779  3390  3390 I Babel   : babel boot account: elishaeva.rostislava@gmail.com
01-19 20:56:40.806  3390  4677 E SQLiteLog: (284) automatic index on conversation_participants_view(conversation_id)
01-19 20:56:40.814   995  1943 I ActivityManager: Start proc 4678:com.google.android.youtube/u0a81 for broadcast com.google.android.youtube/com.google.android.libraries.youtube.upload.service.UploadService$BootReceiver
01-19 20:56:40.828  3390  4677 W VideoCapabilities: Unrecognized profile 2130706433 for video/avc
01-19 20:56:40.830  3390  4677 W VideoCapabilities: Unrecognized profile 2130706433 for video/avc
01-19 20:56:40.832  3390  4677 W VideoCapabilities: Unrecognized profile 2130706433 for video/avc
01-19 20:56:40.835  3390  4677 E SQLiteLog: (284) automatic index on conversation_participants_view(conversation_id)
01-19 20:56:40.929  3390  4677 E SQLiteLog: (284) automatic index on conversation_participants_view(conversation_id)
01-19 20:56:40.937  4678  4678 I Xposed  : com.google.android.youtube
01-19 20:56:40.945  4678  4678 I Xposed  : we set ro_product_device  as  kolhzntyzgt
01-19 20:56:40.945  4678  4678 I Xposed  : we set ro_product_manufacturer  as  Sony
01-19 20:56:41.001  2844  4644 I Xposed  : getDeviceId 985512346068861
01-19 20:56:41.023  2844  4644 V CheckinRequestBuilder: No Subscriptions found on the device
01-19 20:56:41.025  4678  4699 I Xposed  : com.google.android.gms
01-19 20:56:41.025  4678  4699 I Xposed  : we set ro_product_device  as  kolhzntyzgt
01-19 20:56:41.025  4678  4699 I Xposed  : we set ro_product_manufacturer  as  Sony
01-19 20:56:41.065  4678  4699 V JNIHelp : Registering com/google/android/gms/org/conscrypt/NativeCrypto's 254 native methods...
01-19 20:56:41.103  4678  4699 I ProviderInstaller: Installed default security provider GmsCore_OpenSSL
01-19 20:56:41.160  4678  4678 E YouTube MDX: Bogus value in shared preferences for key MdxServerSelection value , returning default value.
01-19 20:56:41.197  4678  4678 I Xposed  : ANDR_ID!
01-19 20:56:41.197  4678  4678 I Xposed  : ANDR_ID!
01-19 20:56:41.421  4731  4731 I dex2oat : /system/bin/dex2oat --runtime-arg -classpath --runtime-arg /system/framework/XposedBridge.jar --instruction-set=arm --instruction-set-features=default --runtime-arg -Xnorelocate --boot-image=/system/framework/boot.art --dex-file=/data/data/com.google.android.youtube/cache/ads-107361653.jar --oat-fd=46 --oat-location=/data/data/com.google.android.youtube/cache/ads-107361653.dex --runtime-arg -Xms64m --runtime-arg -Xmx512m
01-19 20:56:41.488  4731  4731 I dex2oat : dex2oat took 67.744ms (threads: 4) arena alloc=196KB java alloc=36KB native alloc=1408KB free=1663KB
01-19 20:56:41.556  4678  4678 W InstanceID/Rpc: Found 10029
01-19 20:56:41.572  2844  4644 I Adreno  : EGLInit: QTI Build: 01/29/15, 1bccc5d, I0ba6dce82d
01-19 20:56:41.651   995  2028 I ActivityManager: Start proc 4755:com.google.android.gms.unstable/u0a29 for service com.google.android.gms/.droidguard.DroidGuardService
01-19 20:56:41.778  4755  4755 I Xposed  : com.google.android.gms
01-19 20:56:41.791  4755  4755 I Xposed  : we set ro_product_device  as  kolhzntyzgt
01-19 20:56:41.791  4755  4755 I Xposed  : we set ro_product_manufacturer  as  Sony
01-19 20:56:41.827  4755  4755 I MultiDex: VM with version 2.1.0 has multidex support
01-19 20:56:41.827  4755  4755 I MultiDex: install
01-19 20:56:41.827  4755  4755 I MultiDex: VM has multidex support, MultiDex support library is disabled.
01-19 20:56:41.836  4267  4267 V AlarmClock: AlarmInitReceiver android.intent.action.BOOT_COMPLETED
01-19 20:56:41.851  4755  4755 V JNIHelp : Registering com/google/android/gms/org/conscrypt/NativeCrypto's 254 native methods...
01-19 20:56:41.852  4267  4295 V AlarmClock: AlarmInitReceiver - Reset timers and clear stopwatch data
01-19 20:56:41.858  4267  4295 V AlarmClock: AlarmInitReceiver finished
01-19 20:56:41.877   995  1502 I ActivityManager: Start proc 4794:com.google.android.apps.maps/u0a80 for broadcast com.google.android.apps.maps/com.google.android.apps.gmm.iamhere.ble.StartBleServiceReceiver
01-19 20:56:41.887  4755  4755 I ProviderInstaller: Installed default security provider GmsCore_OpenSSL
01-19 20:56:41.908  4755  4755 I art     : Rejecting re-init on previously-failed class java.lang.Class<com.google.android.gms.common.j.c>
01-19 20:56:41.908  4755  4755 I art     : Rejecting re-init on previously-failed class java.lang.Class<com.google.android.gms.common.j.c>
01-19 20:56:41.985   995  2004 I ActivityManager: Killing 4053:com.android.providers.calendar/u0a5 (adj 15): empty #17
01-19 20:56:41.991  4755  4810 D NativeLibraryUtils: Install completed successfully. count=14 extracted=0
01-19 20:56:42.006  4794  4794 I Xposed  : com.google.android.apps.maps
01-19 20:56:42.014  4794  4794 I Xposed  : we set ro_product_device  as  kolhzntyzgt
01-19 20:56:42.014  4794  4794 I Xposed  : we set ro_product_manufacturer  as  Sony
01-19 20:56:42.092   378  1243 D WVCdm   : Instantiating CDM.
01-19 20:56:42.093   378  1244 I WVCdm   : CdmEngine::OpenSession
01-19 20:56:42.093   378  1244 I WVCdm   : Level3 Library Dec 11 2014 16:13:16
01-19 20:56:42.116   378  1244 W WVCdm   : Could not read /data/mediadrm/IDM1013/ay64.dat2: No such file or directory
01-19 20:56:42.120   378  1244 D DrmWidevineDash: OEMCrypto_Initialize: starts! g_qsee_apps_version = 0x11
01-19 20:56:42.120   378  1244 D DrmWidevineDash: Service_Initialize: starts!
01-19 20:56:42.120   378  1244 D QSEECOMAPI: : QSEECom_get_handle sb_length = 0x19000
01-19 20:56:42.120   378  1244 D QSEECOMAPI: : App is not loaded in QSEE
01-19 20:56:42.202   995  2654 W BroadcastQueue: Permission Denial: receiving Intent { act=android.intent.action.BOOT_COMPLETED flg=0x8000010 (has extras) } to com.google.android.apps.plus/com.google.android.libraries.social.notifications.impl.BootCompletedReceiver requires android.permission.RECEIVE_BOOT_COMPLETED due to sender null (uid 1000)
01-19 20:56:42.203   995  2654 I ActivityManager: Killing 3947:com.google.android.calendar/u0a74 (adj 15): empty #17
01-19 20:56:42.259   995  1052 I ActivityManager: Start proc 4827:com.google.android.gm/u0a77 for broadcast com.google.android.gm/.GoogleMailDeviceStartupReceiver
01-19 20:56:42.325   378  1244 D QSEECOMAPI: : Loaded image: APP id = 3
01-19 20:56:42.326   378  1244 D DrmWidevineDash: Service_Initialize: ends! returns 0
01-19 20:56:42.326   378  1244 D DrmWidevineDash: OEMCrypto_Initialize sion_buffer g_wv_fhandle->ion_sbuffer  0x0xb4283000
01-19 20:56:42.326   378  1244 E DrmWidevineDash: sion_buffer g_wv_fhandle->ion_sbuffer  0x0xb4283000
01-19 20:56:42.331   334   337 D DrmLibTime: got the req here! ret=0
01-19 20:56:42.331   334   337 D DrmLibTime: command id, time_cmd_id = 770
01-19 20:56:42.331   334   337 D DrmLibTime: time_getutcsec starts!
01-19 20:56:42.331   334   337 D DrmLibTime: QSEE Time Listener: time_getutcsec
01-19 20:56:42.331   334   337 D DrmLibTime: QSEE Time Listener: get_utc_seconds
01-19 20:56:42.331   334   337 D DrmLibTime: QSEE Time Listener: seconds: 1453226202
01-19 20:56:42.331   334   337 D DrmLibTime: QSEE Time Listener: nano seconds: 331860826
01-19 20:56:42.331   334   337 D DrmLibTime: time_getutcsec returns 0, sec = 1453226202; nsec = 331860826
01-19 20:56:42.331   334   337 D DrmLibTime: time_getutcsec finished! 
01-19 20:56:42.331   334   337 D DrmLibTime: iotcl_continue_command finished! and return 0 
01-19 20:56:42.331   334   337 D DrmLibTime: before calling ioctl to read the next time_cmd
01-19 20:56:42.337   378  1244 D DrmWidevineDash: OEMCrypto_Initialize: ends! returns 0
01-19 20:56:42.337   378  1244 D DrmWidevineDash: OEMCrypto_APIVersion: starts!
01-19 20:56:42.338   378  1244 D DrmWidevineDash: hlos api version =  9
01-19 20:56:42.338   378  1244 D DrmWidevineDash: tz api version =  9
01-19 20:56:42.338   378  1244 D DrmWidevineDash: OEMCrypto_APIVersion: ends! returns version 9
01-19 20:56:42.338   378  1244 D DrmWidevineDash: OEMCrypto_IsKeyboxValid: starts!
01-19 20:56:42.364   378  1244 D DrmWidevineDash: OEMCrypto_IsKeyboxValid: ends! returns 0
01-19 20:56:42.364   378  1244 D WVCdm   : OEMCrypto_Initialize Level 1 success. I will use level 1.
01-19 20:56:42.364   378  1244 D DrmWidevineDash: OEMCrypto_OpenSession: starts! SID=0xb4503908
01-19 20:56:42.365   378  1244 D DrmWidevineDash: OEMCrypto_OpenSession SID = 1
01-19 20:56:42.365   378  1244 D DrmWidevineDash: OEMCrypto_OpenSession: ends! returns 0
01-19 20:56:42.365   378  1244 D DrmWidevineDash: OEMCrypto_GetRandom: starts! randomData=0xb5627290, dataLength=8
01-19 20:56:42.366   378  1244 D DrmWidevineDash: OEMCrypto_GetRandom: ends! returns 0
01-19 20:56:42.368   378  1244 D DrmWidevineDash: OEMCrypto_LoadDeviceRSAKey: starts!SID=1, wrapped_rsa_key=0xb4cf3c00, wrapped_rsa_key_length=1280
01-19 20:56:42.371   378  1244 D DrmWidevineDash: OEMCrypto_LoadDeviceRSAKey: ends! returns 0
01-19 20:56:42.371   378  1244 I WVCdm   : CdmEngine::QueryKeyControlInfo
01-19 20:56:42.382   378  2092 W WVCdm   : BufferReader::Read<T> : Failure during parse: Not enough bytes (4)
01-19 20:56:42.382   378  2092 W WVCdm   : CdmEngine::ExtractWidevinePssh: Unable to read PSSH atom size
01-19 20:56:42.382   378  2092 I WVCdm   : CdmEngine::GenerateKeyRequest
01-19 20:56:42.382   378  2092 D DrmWidevineDash: OEMCrypto_GetDeviceID: starts! deviceID=0xb2903340, idLength=0xb23836d8
01-19 20:56:42.395   378  2092 D DrmWidevineDash: OEMCrypto_GetDeviceID: ends! returns 0
01-19 20:56:42.395   378  2092 D DrmWidevineDash: OEMCrypto_SupportsUsageTable: starts!
01-19 20:56:42.396   378  2092 D DrmWidevineDash: OEMCrypto_SupportsUsageTable: is_supported = 1
01-19 20:56:42.396   378  2092 D DrmWidevineDash: OEMCrypto_SupportsUsageTable: wv_app_version = 21
01-19 20:56:42.396   378  2092 D DrmWidevineDash: OEMCrypto_SupportsUsageTable: ends! returns 0x0
01-19 20:56:42.396   378  2092 D DrmWidevineDash: OEMCrypto_GetHDCPCapability: starts!
01-19 20:56:42.397   378  2092 D DrmWidevineDash: OEMCrypto_GetHDCPCapability: ends! returns 0x0
01-19 20:56:42.397   378  2092 D DrmWidevineDash: OEMCrypto_APIVersion: starts!
01-19 20:56:42.398   378  2092 D DrmWidevineDash: hlos api version =  9
01-19 20:56:42.398   378  2092 D DrmWidevineDash: tz api version =  9
01-19 20:56:42.398   378  2092 D DrmWidevineDash: OEMCrypto_APIVersion: ends! returns version 9
01-19 20:56:42.398   378  2092 D DrmWidevineDash: OEMCrypto_GenerateNonce: starts! SID=1
01-19 20:56:42.399   378  2092 D DrmWidevineDash: OEMCrypto_GenerateNonce: ends! returns 0
01-19 20:56:42.399   378  2092 D WVCdm   : PrepareKeyRequest: nonce=4120749529
01-19 20:56:42.399  4827  4827 I Xposed  : com.google.android.gm
01-19 20:56:42.400   378  2092 D DrmWidevineDash: OEMCrypto_GenerateRSASignature starts! SID=1, message=0xb4d69c00
01-19 20:56:42.400   378  2092 D DrmWidevineDash: message_length=1628, signature=0xb60d9d40, signature_length=2990028476
01-19 20:56:42.408  4827  4827 I Xposed  : we set ro_product_device  as  kolhzntyzgt
01-19 20:56:42.408  4827  4827 I Xposed  : we set ro_product_manufacturer  as  Sony
01-19 20:56:42.443  4755  4773 I Xposed  : getDeviceId 985512346068861
01-19 20:56:42.464   378  2092 D DrmWidevineDash: OEMCrypto_GenerateRSASignature returns 0
01-19 20:56:42.464  4794  4822 W com.google.a.a.b.d.a: Application name is not set. Call Builder#setApplicationName.
01-19 20:56:42.464   378  1243 I WVCdm   : CdmEngine::CloseSession
01-19 20:56:42.464   378  1243 D DrmWidevineDash: OEMCrypto_CloseSession: starts! SID=1
01-19 20:56:42.465   378  1243 D DrmWidevineDash: OEMCrypto_CloseSession: ends! returns 0
01-19 20:56:42.465   378  1243 I WVCdm   : L3 Terminate.
01-19 20:56:42.465   378  1243 D DrmWidevineDash: OEMCrypto_Terminate: starts!
01-19 20:56:42.466   378  1243 D DrmWidevineDash: Service_Uninitialize: starts!
01-19 20:56:42.466   378  1243 D QSEECOMAPI: : QSEECom_dealloc_memory 
01-19 20:56:42.466   378  1243 D QSEECOMAPI: : QSEECom_shutdown_app, app_id = 3
01-19 20:56:42.467   378  1243 D DrmWidevineDash: Service_Uninitialize: ends! returns 0x0
01-19 20:56:42.467   378  1243 D DrmWidevineDash: OEMCrypto_Terminate: ends! returns 0
01-19 20:56:42.475   995  1061 D BluetoothManagerService: Message: 20
01-19 20:56:42.475   995  1061 D BluetoothManagerService: Added callback: android.bluetooth.IBluetoothManagerCallback$Stub$Proxy@2e54363b:true
01-19 20:56:42.479  4827  4849 I Gmail   : getAccountsCursor
01-19 20:56:42.484  4827  4850 D ActivityThread: Loading provider com.google.android.gmail.provider;com.android.mail.notifier;com.google.android.gm.email.provider;com.google.android.gm.email.notifier: com.android.email.provider.EmailProvider
01-19 20:56:42.488  2134  2134 V GLSActivity: AuthDelegateWrapperCreated with selected intent: Intent { cmp=com.google.android.gms/.auth.DefaultAuthDelegateService }
01-19 20:56:42.494   378  1244 I WVCdm   : CdmEngine::OpenSession
01-19 20:56:42.494   378  1244 I WVCdm   : Level3 Library Dec 11 2014 16:13:16
01-19 20:56:42.502   378  1244 W WVCdm   : Could not read /data/mediadrm/IDM1013/ay64.dat2: No such file or directory
01-19 20:56:42.503   378  1244 D DrmWidevineDash: OEMCrypto_Initialize: starts! g_qsee_apps_version = 0x11
01-19 20:56:42.503   378  1244 D DrmWidevineDash: Service_Initialize: starts!
01-19 20:56:42.503   378  1244 D QSEECOMAPI: : QSEECom_get_handle sb_length = 0x19000
01-19 20:56:42.503   378  1244 D QSEECOMAPI: : App is not loaded in QSEE
01-19 20:56:42.596  4827  4827 W GAV2    : Thread[main,5,main]: Need to call initialize() and be in fallback mode to start dispatch.
01-19 20:56:42.644  4827  4864 E Gmail   : Error finding the version of the Email provider.....
01-19 20:56:42.644  4827  4864 E Gmail   : android.content.pm.PackageManager$NameNotFoundException: com.google.android.email
01-19 20:56:42.644  4827  4864 E Gmail   : 	at android.app.ApplicationPackageManager.getPackageInfo(ApplicationPackageManager.java:115)
01-19 20:56:42.644  4827  4864 E Gmail   : 	at com.google.android.gm.EmailMigrationService.a(SourceFile:1280)
01-19 20:56:42.644  4827  4864 E Gmail   : 	at com.google.android.gm.EmailMigrationService.onHandleIntent(SourceFile:219)
01-19 20:56:42.644  4827  4864 E Gmail   : 	at android.app.IntentService$ServiceHandler.handleMessage(IntentService.java:65)
01-19 20:56:42.644  4827  4864 E Gmail   : 	at android.os.Handler.dispatchMessage(Handler.java:102)
01-19 20:56:42.644  4827  4864 E Gmail   : 	at android.os.Looper.loop(Looper.java:135)
01-19 20:56:42.644  4827  4864 E Gmail   : 	at android.os.HandlerThread.run(HandlerThread.java:61)
01-19 20:56:42.644  4827  4864 W EmailMigration: We do not support migrating this version of the Email provider.
01-19 20:56:42.649  4827  4866 I Gmail   : getAccountsCursor
01-19 20:56:42.651  4827  4862 I Gmail   : Initiated Service map for: [gPop3, gLegacyImap, gEas, gmail]
01-19 20:56:42.652  2134  2134 V GLSActivity: AuthDelegateWrapperCreated with selected intent: Intent { cmp=com.google.android.gms/.auth.DefaultAuthDelegateService }
01-19 20:56:42.682   995  1028 I ActivityManager: Start proc 4871:com.google.android.gm.exchange/u0a76 for service com.google.android.gm.exchange/com.android.exchange.service.EasService
01-19 20:56:42.683   995  1970 W BroadcastQueue: Permission Denial: receiving Intent { act=android.intent.action.BOOT_COMPLETED flg=0x8000010 (has extras) } to com.google.android.apps.photos/.camerashortcut.CameraShortcutBroadcastReceiver requires android.permission.RECEIVE_BOOT_COMPLETED due to sender null (uid 1000)
01-19 20:56:42.683   995  1026 W ActivityManager: Unable to start service Intent { cmp=com.google.android.gm/com.android.email.service.AttachmentService } U=0: not found
01-19 20:56:42.683   995  1052 W BroadcastQueue: Permission Denial: receiving Intent { act=android.intent.action.BOOT_COMPLETED flg=0x8000010 (has extras) } to com.google.android.apps.photos/com.google.android.libraries.social.notifications.impl.BootCompletedReceiver requires android.permission.RECEIVE_BOOT_COMPLETED due to sender null (uid 1000)
01-19 20:56:42.694   391   391 I art     : Explicit concurrent mark sweep GC freed 706(30KB) AllocSpace objects, 0(0B) LOS objects, 39% free, 21MB/35MB, paused 190us total 11.388ms
01-19 20:56:42.706   378  1244 D QSEECOMAPI: : Loaded image: APP id = 3
01-19 20:56:42.706   391   391 I art     : Explicit concurrent mark sweep GC freed 5(160B) AllocSpace objects, 0(0B) LOS objects, 39% free, 21MB/35MB, paused 228us total 11.274ms
01-19 20:56:42.707   378  1244 D DrmWidevineDash: Service_Initialize: ends! returns 0
01-19 20:56:42.707   378  1244 D DrmWidevineDash: OEMCrypto_Initialize sion_buffer g_wv_fhandle->ion_sbuffer  0x0xb4283000
01-19 20:56:42.707   378  1244 E DrmWidevineDash: sion_buffer g_wv_fhandle->ion_sbuffer  0x0xb4283000
01-19 20:56:42.712   334   337 D DrmLibTime: got the req here! ret=0
01-19 20:56:42.712   334   337 D DrmLibTime: command id, time_cmd_id = 770
01-19 20:56:42.712   334   337 D DrmLibTime: time_getutcsec starts!
01-19 20:56:42.712   334   337 D DrmLibTime: QSEE Time Listener: time_getutcsec
01-19 20:56:42.712   334   337 D DrmLibTime: QSEE Time Listener: get_utc_seconds
01-19 20:56:42.712   334   337 D DrmLibTime: QSEE Time Listener: seconds: 1453226202
01-19 20:56:42.712   334   337 D DrmLibTime: QSEE Time Listener: nano seconds: 712148899
01-19 20:56:42.712   334   337 D DrmLibTime: time_getutcsec returns 0, sec = 1453226202; nsec = 712148899
01-19 20:56:42.712   334   337 D DrmLibTime: time_getutcsec finished! 
01-19 20:56:42.712   334   337 D DrmLibTime: iotcl_continue_command finished! and return 0 
01-19 20:56:42.712   334   337 D DrmLibTime: before calling ioctl to read the next time_cmd
01-19 20:56:42.718  4827  4880 I Gmail   : Observing account changes for notifications
01-19 20:56:42.719   378  1244 D DrmWidevineDash: OEMCrypto_Initialize: ends! returns 0
01-19 20:56:42.719   378  1244 D DrmWidevineDash: OEMCrypto_APIVersion: starts!
01-19 20:56:42.720   378  1244 D DrmWidevineDash: hlos api version =  9
01-19 20:56:42.720   378  1244 D DrmWidevineDash: tz api version =  9
01-19 20:56:42.720   378  1244 D DrmWidevineDash: OEMCrypto_APIVersion: ends! returns version 9
01-19 20:56:42.720   378  1244 D DrmWidevineDash: OEMCrypto_IsKeyboxValid: starts!
01-19 20:56:42.728   391   391 I art     : Explicit concurrent mark sweep GC freed 5(160B) AllocSpace objects, 0(0B) LOS objects, 39% free, 21MB/35MB, paused 206us total 21.556ms
01-19 20:56:42.734   378  1244 D DrmWidevineDash: OEMCrypto_IsKeyboxValid: ends! returns 0
01-19 20:56:42.734   378  1244 D WVCdm   : OEMCrypto_Initialize Level 1 success. I will use level 1.
01-19 20:56:42.734   378  1244 D DrmWidevineDash: OEMCrypto_OpenSession: starts! SID=0xb4503908
01-19 20:56:42.735   378  1244 D DrmWidevineDash: OEMCrypto_OpenSession SID = 1
01-19 20:56:42.735   378  1244 D DrmWidevineDash: OEMCrypto_OpenSession: ends! returns 0
01-19 20:56:42.735   378  1244 D DrmWidevineDash: OEMCrypto_GetRandom: starts! randomData=0xb60c6848, dataLength=8
01-19 20:56:42.736   378  1244 D DrmWidevineDash: OEMCrypto_GetRandom: ends! returns 0
01-19 20:56:42.736   378  1244 D DrmWidevineDash: OEMCrypto_LoadDeviceRSAKey: starts!SID=1, wrapped_rsa_key=0xb4cf3600, wrapped_rsa_key_length=1280
01-19 20:56:42.739   378  1244 D DrmWidevineDash: OEMCrypto_LoadDeviceRSAKey: ends! returns 0
01-19 20:56:42.739   378  1244 I WVCdm   : CdmEngine::QueryKeyControlInfo
01-19 20:56:42.741   378   378 W WVCdm   : BufferReader::Read<T> : Failure during parse: Not enough bytes (4)
01-19 20:56:42.741   378   378 W WVCdm   : CdmEngine::ExtractWidevinePssh: Unable to read PSSH atom size
01-19 20:56:42.741   378   378 I WVCdm   : CdmEngine::GenerateKeyRequest
01-19 20:56:42.741   378   378 D DrmWidevineDash: OEMCrypto_GetDeviceID: starts! deviceID=0xb2903380, idLength=0xbede01f8
01-19 20:56:42.752   995  1052 I ActivityManager: Start proc 4890:com.google.android.googlequicksearchbox:search/u0a35 for broadcast com.google.android.googlequicksearchbox/com.google.android.apps.gsa.search.core.StartUpReceiver
01-19 20:56:42.754   378   378 D DrmWidevineDash: OEMCrypto_GetDeviceID: ends! returns 0
01-19 20:56:42.754   378   378 D DrmWidevineDash: OEMCrypto_SupportsUsageTable: starts!
01-19 20:56:42.755   378   378 D DrmWidevineDash: OEMCrypto_SupportsUsageTable: is_supported = 1
01-19 20:56:42.755   378   378 D DrmWidevineDash: OEMCrypto_SupportsUsageTable: wv_app_version = 21
01-19 20:56:42.755   378   378 D DrmWidevineDash: OEMCrypto_SupportsUsageTable: ends! returns 0x0
01-19 20:56:42.755   378   378 D DrmWidevineDash: OEMCrypto_GetHDCPCapability: starts!
01-19 20:56:42.756   378   378 D DrmWidevineDash: OEMCrypto_GetHDCPCapability: ends! returns 0x0
01-19 20:56:42.756   378   378 D DrmWidevineDash: OEMCrypto_APIVersion: starts!
01-19 20:56:42.756  2134  2134 V GLSActivity: AuthDelegateWrapperCreated with selected intent: Intent { cmp=com.google.android.gms/.auth.DefaultAuthDelegateService }
01-19 20:56:42.757   378   378 D DrmWidevineDash: hlos api version =  9
01-19 20:56:42.757   378   378 D DrmWidevineDash: tz api version =  9
01-19 20:56:42.757   378   378 D DrmWidevineDash: OEMCrypto_APIVersion: ends! returns version 9
01-19 20:56:42.757   378   378 D DrmWidevineDash: OEMCrypto_GenerateNonce: starts! SID=1
01-19 20:56:42.757   378   378 D DrmWidevineDash: OEMCrypto_GenerateNonce: ends! returns 0
01-19 20:56:42.757   378   378 D WVCdm   : PrepareKeyRequest: nonce=4143786167
01-19 20:56:42.758   378   378 D DrmWidevineDash: OEMCrypto_GenerateRSASignature starts! SID=1, message=0xb4d6b800
01-19 20:56:42.758   378   378 D DrmWidevineDash: message_length=1663, signature=0xb60da240, signature_length=3202220508
01-19 20:56:42.816   378   378 D DrmWidevineDash: OEMCrypto_GenerateRSASignature returns 0
01-19 20:56:42.822   378  1244 I WVCdm   : CdmEngine::CloseSession
01-19 20:56:42.823   378  1244 D DrmWidevineDash: OEMCrypto_CloseSession: starts! SID=1
01-19 20:56:42.823   378  1244 D DrmWidevineDash: OEMCrypto_CloseSession: ends! returns 0
01-19 20:56:42.823   378  1244 I WVCdm   : L3 Terminate.
01-19 20:56:42.823   378  1244 D DrmWidevineDash: OEMCrypto_Terminate: starts!
01-19 20:56:42.824   378  1244 D DrmWidevineDash: Service_Uninitialize: starts!
01-19 20:56:42.824   378  1244 D QSEECOMAPI: : QSEECom_dealloc_memory 
01-19 20:56:42.824   378  1244 D QSEECOMAPI: : QSEECom_shutdown_app, app_id = 3
01-19 20:56:42.825   378  1244 D DrmWidevineDash: Service_Uninitialize: ends! returns 0x0
01-19 20:56:42.825   378  1244 D DrmWidevineDash: OEMCrypto_Terminate: ends! returns 0
01-19 20:56:42.887  4871  4871 I Xposed  : com.google.android.gm.exchange
01-19 20:56:42.891  2134  2134 V GLSActivity: AuthDelegateWrapperCreated with selected intent: Intent { cmp=com.google.android.gms/.auth.DefaultAuthDelegateService }
01-19 20:56:42.895  4871  4871 I Xposed  : we set ro_product_device  as  kolhzntyzgt
01-19 20:56:42.895  4871  4871 I Xposed  : we set ro_product_manufacturer  as  Sony
01-19 20:56:42.900  4890  4890 I Xposed  : com.google.android.googlequicksearchbox
01-19 20:56:42.907  4827  4827 E ActivityThread: Service com.android.email.service.EmailBroadcastProcessorService has leaked ServiceConnection com.android.emailcommon.service.aq@28668e88 that was originally bound here
01-19 20:56:42.907  4827  4827 E ActivityThread: android.app.ServiceConnectionLeaked: Service com.android.email.service.EmailBroadcastProcessorService has leaked ServiceConnection com.android.emailcommon.service.aq@28668e88 that was originally bound here
01-19 20:56:42.907  4827  4827 E ActivityThread: 	at android.app.LoadedApk$ServiceDispatcher.<init>(LoadedApk.java:1078)
01-19 20:56:42.907  4827  4827 E ActivityThread: 	at android.app.LoadedApk.getServiceDispatcher(LoadedApk.java:972)
01-19 20:56:42.907  4827  4827 E ActivityThread: 	at android.app.ContextImpl.bindServiceCommon(ContextImpl.java:1805)
01-19 20:56:42.907  4827  4827 E ActivityThread: 	at android.app.ContextImpl.bindService(ContextImpl.java:1788)
01-19 20:56:42.907  4827  4827 E ActivityThread: 	at android.content.ContextWrapper.bindService(ContextWrapper.java:545)
01-19 20:56:42.907  4827  4827 E ActivityThread: 	at com.android.emailcommon.service.ao.a(SourceFile:181)
01-19 20:56:42.907  4827  4827 E ActivityThread: 	at com.android.emailcommon.service.ao.e(SourceFile:222)
01-19 20:56:42.907  4827  4827 E ActivityThread: 	at com.android.email.service.m.c(SourceFile:161)
01-19 20:56:42.907  4827  4827 E ActivityThread: 	at com.android.email.provider.b.a(SourceFile:201)
01-19 20:56:42.907  4827  4827 E ActivityThread: 	at com.android.email.provider.b.a(SourceFile:145)
01-19 20:56:42.907  4827  4827 E ActivityThread: 	at com.android.email.service.EmailBroadcastProcessorService.c(SourceFile:349)
01-19 20:56:42.907  4827  4827 E ActivityThread: 	at com.android.email.service.EmailBroadcastProcessorService.onHandleIntent(SourceFile:1334)
01-19 20:56:42.907  4827  4827 E ActivityThread: 	at android.app.IntentService$ServiceHandler.handleMessage(IntentService.java:65)
01-19 20:56:42.907  4827  4827 E ActivityThread: 	at android.os.Handler.dispatchMessage(Handler.java:102)
01-19 20:56:42.907  4827  4827 E ActivityThread: 	at android.os.Looper.loop(Looper.java:135)
01-19 20:56:42.907  4827  4827 E ActivityThread: 	at android.os.HandlerThread.run(HandlerThread.java:61)
01-19 20:56:42.907  4890  4890 I Xposed  : we set ro_product_device  as  kolhzntyzgt
01-19 20:56:42.907  4890  4890 I Xposed  : we set ro_product_manufacturer  as  Sony
01-19 20:56:42.927  4871  4871 I Exchange: EasService.onCreate
01-19 20:56:42.935  4871  4912 I Exchange: RestartPingTask
01-19 20:56:42.951  4827  4909 E SQLiteLog: (283) recovered 37 frames from WAL file /data/data/com.google.android.gm/databases/mailstore.elishaeva.rostislava@gmail.com.db-wal
01-19 20:56:42.974  4871  4871 I Exchange: RestartPingsTask did not start any pings.
01-19 20:56:42.974  4871  4871 I Exchange: PSS stopIfIdle
01-19 20:56:42.974  4871  4871 I Exchange: PSS has no active accounts; stopping service.
01-19 20:56:42.975  4871  4871 I Exchange: onDestroy
01-19 20:56:42.976   995  1623 I ActivityManager: Killing 4305:com.android.managedprovisioning/u0a12 (adj 15): empty #17
01-19 20:56:42.988   396   396 I Atfwd_Daemon: result : 0 	 ,Init step :2 	 ,qmiErrorCode: 0
01-19 20:56:42.988   396   396 I Atfwd_Daemon: ATFWD --> QMI Port : rmnet_usb0
01-19 20:56:43.005  4827  4910 I Gmail   : notifyAccountChanged
01-19 20:56:43.006  4827  4862 I Gmail   : getAccountsCursor
01-19 20:56:43.010  2134  2134 V GLSActivity: AuthDelegateWrapperCreated with selected intent: Intent { cmp=com.google.android.gms/.auth.DefaultAuthDelegateService }
01-19 20:56:43.025  4827  4867 I Gmail   : Sending provider changed intent: Intent { act=android.intent.action.PROVIDER_CHANGED dat=content://gmail-ls/unread/^sq_ig_i_promo (has extras) }
01-19 20:56:43.026  4827  4910 I Gmail   : calculateUnknownSyncRationalesAndPurgeInBackground: queueing
01-19 20:56:43.029  4827  4867 I Gmail   : Sending provider changed intent: Intent { act=android.intent.action.PROVIDER_CHANGED dat=content://gmail-ls/unread/^sq_ig_i_social (has extras) }
01-19 20:56:43.040  4827  4862 W Gmail   : AccountHistory cannot find the addedEvent of elishaeva.rostislava@gmail.com (went back to elishaeva.rostislava@gmail.com)
01-19 20:56:43.044  4827  4910 I Gmail   : calculateUnknownSyncRationalesAndPurgeInBackground: queueing
01-19 20:56:43.056   396   396 I Atfwd_Daemon: qmi_atcop_srvc_init_client - QMI Err code 0 , handle 486606848
01-19 20:56:43.056   396   396 I Atfwd_Daemon: Trying to register 8 commands:
01-19 20:56:43.056   396   396 I Atfwd_Daemon: cmd0: +CKPD
01-19 20:56:43.066   396   396 I Atfwd_Daemon: qmi_atcop_reg_at_command_fwd_req: 0
01-19 20:56:43.066   396   396 I Atfwd_Daemon: cmd1: +CTSA
01-19 20:56:43.075   396   396 I Atfwd_Daemon: qmi_atcop_reg_at_command_fwd_req: 0
01-19 20:56:43.075   396   396 I Atfwd_Daemon: cmd2: +CFUN
01-19 20:56:43.084   396   396 I Atfwd_Daemon: qmi_atcop_reg_at_command_fwd_req: 0
01-19 20:56:43.084   396   396 I Atfwd_Daemon: cmd3: +CMAR
01-19 20:56:43.091  4827  4867 I Gmail   : Sending provider changed intent: Intent { act=android.intent.action.PROVIDER_CHANGED dat=content://gmail-ls/unread/^sq_ig_i_personal (has extras) }
01-19 20:56:43.093   396   396 I Atfwd_Daemon: qmi_atcop_reg_at_command_fwd_req: 0
01-19 20:56:43.093   396   396 I Atfwd_Daemon: cmd4: +CDIS
01-19 20:56:43.101  4827  4910 I Gmail   : calculateUnknownSyncRationalesAndPurgeInBackground: running
01-19 20:56:43.101  4827  4910 I Gmail   : calculateUnknownSyncRationalesAndPurgeInBackground: running
01-19 20:56:43.102   396   396 I Atfwd_Daemon: qmi_atcop_reg_at_command_fwd_req: 0
01-19 20:56:43.102   396   396 I Atfwd_Daemon: cmd5: +CRSL
01-19 20:56:43.106  4827  4850 I Gmail   : getAccountsCursor
01-19 20:56:43.109  2134  2134 V GLSActivity: AuthDelegateWrapperCreated with selected intent: Intent { cmp=com.google.android.gms/.auth.DefaultAuthDelegateService }
01-19 20:56:43.112   396   396 I Atfwd_Daemon: qmi_atcop_reg_at_command_fwd_req: 0
01-19 20:56:43.112   396   396 I Atfwd_Daemon: cmd6: +CSS
01-19 20:56:43.120   396   396 I Atfwd_Daemon: qmi_atcop_reg_at_command_fwd_req: 0
01-19 20:56:43.120   396   396 I Atfwd_Daemon: cmd7: $QCPWRDN
01-19 20:56:43.128  4827  4850 W Gmail   : AccountHistory cannot find the addedEvent of elishaeva.rostislava@gmail.com (went back to elishaeva.rostislava@gmail.com)
01-19 20:56:43.130   396   396 I Atfwd_Daemon: qmi_atcop_reg_at_command_fwd_req: 0
01-19 20:56:43.130   396   396 I Atfwd_Daemon: Registered AT Commands event handler
01-19 20:56:43.220   995  1970 I ActivityManager: Killing 4345:com.android.mms/u0a13 (adj 15): empty #17
01-19 20:56:43.229   995  3920 D CountryDetector: No listener is left
01-19 20:56:43.277   995  1623 I ActivityManager: Start proc 4933:com.google.android.googlequicksearchbox/u0a35 for broadcast com.google.android.googlequicksearchbox/com.android.launcher3.StartupReceiver
01-19 20:56:43.278   995  1623 I ActivityManager: Killing 4377:com.ota.updates/1000 (adj 15): empty #17
01-19 20:56:43.395  2844  4644 I CheckinRequestBuilder: Classify the device as Phone.
01-19 20:56:43.396  4933  4933 I Xposed  : com.google.android.googlequicksearchbox
01-19 20:56:43.403  4933  4933 I Xposed  : we set ro_product_device  as  kolhzntyzgt
01-19 20:56:43.403  4933  4933 I Xposed  : we set ro_product_manufacturer  as  Sony
01-19 20:56:43.497   995  2821 I ActivityManager: Start proc 4956:com.google.android.calendar/u0a74 for broadcast com.google.android.calendar/com.android.calendar.alerts.AlertReceiver
01-19 20:56:43.497   995  2821 I ActivityManager: Killing 4401:com.android.settings/1000 (adj 15): empty #17
01-19 20:56:43.573  4956  4956 I Xposed  : com.google.android.calendar
01-19 20:56:43.577  2844  4644 I CheckinTask: Sending checkin request (10035 bytes)
01-19 20:56:43.580  4956  4956 I Xposed  : we set ro_product_device  as  kolhzntyzgt
01-19 20:56:43.580  4956  4956 I Xposed  : we set ro_product_manufacturer  as  Sony
01-19 20:56:43.618  4956  4956 E SQLiteLog: (283) recovered 53 frames from WAL file /data/data/com.google.android.calendar/databases/timelydata.db-wal
01-19 20:56:43.702   995  2004 I ActivityManager: Start proc 4978:com.android.providers.calendar/u0a5 for content provider com.android.providers.calendar/.CalendarProvider2
01-19 20:56:43.849  4978  4978 I Xposed  : com.android.providers.calendar
01-19 20:56:43.863  4978  4978 I Xposed  : we set ro_product_device  as  kolhzntyzgt
01-19 20:56:43.863  4978  4978 I Xposed  : we set ro_product_manufacturer  as  Sony
01-19 20:56:43.908  4978  4978 I CalendarProvider2: Created com.android.providers.calendar.CalendarAlarmManager@aabb609(com.android.providers.calendar.CalendarProvider2@3089700e)
01-19 20:56:43.982   995  2004 I ActivityManager: Start proc 5006:ru.gekos.naebator/u0a89 for broadcast ru.gekos.naebator/.Receivers.BReceiver
01-19 20:56:44.049  5006  5006 I Xposed  : ru.gekos.naebator
01-19 20:56:44.055  5006  5006 I Xposed  : we set ro_product_device  as  kolhzntyzgt
01-19 20:56:44.055  5006  5006 I Xposed  : we set ro_product_manufacturer  as  Sony
01-19 20:56:44.055  4956  4956 I AnalyticsLogBase: PlayLogger.onLoggerConnected
01-19 20:56:44.100  5031  5031 D su      : su invoked.
01-19 20:56:44.100  5031  5031 D su      : starting daemon client 10089 10089
01-19 20:56:44.102  5033  5033 D su      : remote pid: 5031
01-19 20:56:44.102  5033  5033 D su      : remote pts_slave: 
01-19 20:56:44.102  5033  5033 D su      : waiting for child exit
01-19 20:56:44.103  5035  5035 D su      : su invoked.
01-19 20:56:44.103  5035  5035 E su      : SU from: u0_a89
01-19 20:56:44.104  5035  5035 D su      : Checking whether app [uid:10089, pkgName: ru.gekos.naebator] is allowed to be root
01-19 20:56:44.106  1372  1372 I SuControllerImpl: Got change
01-19 20:56:44.108  5035  5035 D su      : Privilege elevation allowed by appops
01-19 20:56:44.108  5035  5035 D su      : Allowing via appops.
01-19 20:56:44.108  5035  5035 D su      : 10089 /system/bin/app_process32_xposed executing 0 /system/bin/sh using binary /system/bin/sh : sh
