01-19 20:56:24.710   378  2485 D FFmpegExtractor: ffmpeg detected media content as 'audio/vorbis' with confidence 0.08
01-19 20:56:24.711  2400  2400 I Xposed  : com.google.android.syncadapters.contacts
01-19 20:56:24.712  2400  2400 I Xposed  : we set ro_product_device  as  kolhzntyzgt
01-19 20:56:24.712  2400  2400 I Xposed  : we set ro_product_manufacturer  as  Sony
01-19 20:56:24.726   378  1244 D NuPlayerDriver: start(0xb60c0e80)
01-19 20:56:24.726   378  2484 I GenericSource: start
01-19 20:56:24.727   378  2484 W Utils   : bool android::canOffloadStream(const android::sp<android::MetaData>&, bool, const android::sp<android::MetaData>&, bool, audio_stream_type_t) No sample bit depth info in meta data
01-19 20:56:24.727   378  2484 E AudioPolicyManager: isOffloadSupported: stream_type != MUSIC, returning false
01-19 20:56:24.727   378  2484 I NuPlayer: Could not offload audio decode, pcm offload decided :0
01-19 20:56:24.728   378  2484 W Utils   : bool android::canOffloadStream(const android::sp<android::MetaData>&, bool, const android::sp<android::MetaData>&, bool, audio_stream_type_t) No sample bit depth info in meta data
01-19 20:56:24.728   378  2484 E AudioPolicyManager: isOffloadSupported: stream_type != MUSIC, returning false
01-19 20:56:24.738   269   302 D VoldCmdListener: cryptfs getpw
01-19 20:56:24.739   269   302 D VoldCmdListener: cryptfs clearpw
01-19 20:56:24.788   269  1222 I fstrim  : Trimmed 17255170048 bytes on /data
01-19 20:56:24.789   269  1222 I fstrim  : Invoking FITRIM ioctl on /data
01-19 20:56:24.799   995  1326 E WifiStateMachine: Did not find remoteAddress {192.168.88.1} in /proc/net/arp
01-19 20:56:24.811   995  1010 I art     : Background sticky concurrent mark sweep GC freed 210723(12MB) AllocSpace objects, 34(1142KB) LOS objects, 16% free, 41MB/49MB, paused 2.417ms total 177.489ms
01-19 20:56:24.818  2400  2400 I GoogleHttpClient: GMS http client unavailable, use old client
01-19 20:56:24.824   995  1007 W CursorWrapperInner: Cursor finalized without prior close()
01-19 20:56:24.841  1982  1982 D ImsServiceSub: Message received: what = 5
01-19 20:56:24.841  1982  1982 D ImsServiceSub: Received event: EVENT_GET_STATUS_UPDATE
01-19 20:56:24.841  1982  1982 E ImsServiceSub: IMS Service Status Update failed!
01-19 20:56:24.851  1372  1372 W CustomTileListenerService[]: CustomTile listener service not yet bound.
01-19 20:56:24.856   378  1244 D NuPlayerDriver: reset(0xb60c0e80)
01-19 20:56:24.863   378  2484 D NuPlayerDriver: notifyResetComplete(0xb60c0e80)
01-19 20:56:24.865  1982  2512 D ImsServiceClassTracker: updateVtCapability false
01-19 20:56:24.865  1982  2512 D ImsServiceSub: send new listener registered event
01-19 20:56:24.865  1982  2512 D ImsServiceSub: getServiceId returns 1
01-19 20:56:24.865  1982  2512 D ImsSenderRxr: [0001]> REQUEST_IMS_REGISTRATION_STATE
01-19 20:56:24.865  1982  2512 D ImsSenderRxr: Message data: [0, 0, 0, 12, 11, 13, 1, 0, 0, 0, 16, 1, 24, 1, 32, 0]
01-19 20:56:24.867  1982  1982 D Telephony: TelecomAccountRegistry: Found 1 phones.  Attempting to register.
01-19 20:56:24.867  1982  1982 D Telephony: TelecomAccountRegistry: Phone with subscription id 2147483643
01-19 20:56:24.870  2400  2400 I GoogleHttpClient: GMS http client unavailable, use old client
01-19 20:56:24.872  1982  1982 E PhoneInterfaceManager: [PhoneIntfMgr] getIccId: ICC ID is null or empty.
01-19 20:56:24.880   995  1007 W CursorWrapperInner: Cursor finalized without prior close()
01-19 20:56:24.894  1982  2512 D ImsService: Open returns serviceId 1
01-19 20:56:24.894  1982  2459 V ImsSenderRxr: Read packet: 12 bytes
01-19 20:56:24.894  1982  2459 D ImsSenderRxr:  Tag 1 2 1 2
01-19 20:56:24.894  1982  2459 D ImsSenderRxr: [0001]< REQUEST_IMS_REGISTRATION_STATE error: 2
01-19 20:56:24.897  1982  2512 D ImsSenderRxr: setUiTTYMode uittyMode=0
01-19 20:56:24.897  1982  2512 D ImsSenderRxr: [0002]> REQUEST_SEND_UI_TTY_MODE
01-19 20:56:24.897  1982  2512 D ImsSenderRxr: Message data: [0, 0, 0, 14, 11, 13, 2, 0, 0, 0, 16, 1, 24, 39, 32, 0, 8, 0]
01-19 20:56:24.902  1488  1488 V ClassMarkerLoader: Class com.facebook.common.classmarkers.IsNotColdStartRun was loaded
01-19 20:56:24.909   995  1328 E ConnectivityService: Unexpected mtu value: 0, wlan0
01-19 20:56:24.909   270  1224 D PermissionCache: checking android.permission.ACCESS_SURFACE_FLINGER for uid=10019 => granted (6835 us)
01-19 20:56:24.945  1982  2459 V ImsSenderRxr: Read packet: 12 bytes
01-19 20:56:24.945  1982  2459 D ImsSenderRxr:  Tag 2 2 39 0
01-19 20:56:24.945  1982  1982 D Telephony: AccountEntry: Registered phoneAccount: [PhoneAccount: ComponentInfo{com.android.phone/com.android.services.telephony.TelephonyConnectionService}, [4208433e9abcef6d04057081ae5a7fc2b23515a1], UserHandle{0} Capabilities: 54 Schemes: tel voicemail ] with handle: ComponentInfo{com.android.phone/com.android.services.telephony.TelephonyConnectionService}, [4208433e9abcef6d04057081ae5a7fc2b23515a1], UserHandle{0}
01-19 20:56:24.945  1982  2459 D ImsSenderRxr: [0002]< REQUEST_SEND_UI_TTY_MODE 
01-19 20:56:24.945  1982  1982 I Telephony: PstnIncomingCallNotifier: Registering: Handler (com.android.internal.telephony.cdma.CDMALTEPhone) {a8d9fe2}
01-19 20:56:24.947  1982  1982 D Telephony: PstnPhoneCapabilitiesNotifier: Registering: Handler (com.android.internal.telephony.cdma.CDMALTEPhone) {a8d9fe2}
01-19 20:56:24.960   995  2205 D NetworkMonitor/NetworkAgentInfo [WIFI () - 100]: DefaultState{ when=-2ms what=532481 target=com.android.internal.util.StateMachine$SmHandler }
01-19 20:56:24.960   995  2205 D NetworkMonitor/NetworkAgentInfo [WIFI () - 100]: Connected
01-19 20:56:24.960   995  2205 D NetworkMonitor/NetworkAgentInfo [WIFI () - 100]: EvaluatingState{ when=0 what=532486 arg1=1 target=com.android.internal.util.StateMachine$SmHandler }
01-19 20:56:24.960  1488  2449 W fb4a(:<default>):UserScope: Called user scoped provider with no viewer. ViewerContextManager was created with no ViewerContext. Using EmptyViewerContextManager to return fake logged in instance.
01-19 20:56:24.961   995  2205 D NetworkMonitor/NetworkAgentInfo [WIFI () - 100]: Checking http://connectivitycheck.android.com/generate_204 on PFRODAO84
01-19 20:56:24.962  1982  1982 D CallNotifier: onReceive... 
01-19 20:56:24.977  1372  2441 D ConnectivityManager.CallbackHandler: CM callback handler got msg 524290
01-19 20:56:24.983   995  1328 D CSLegacyTypeTracker: Sending connected broadcast for type 1 NetworkAgentInfo [WIFI () - 100] isDefaultNetwork=true
01-19 20:56:24.984   995  1051 D GpsLocationProvider: received SIM change, new known MCC/MNC: []
01-19 20:56:24.988  1806  1806 W QCNEJ   : |CORE| No family connected
01-19 20:56:24.988   995  1061 D Tethering: MasterInitialState.processMessage what=3
01-19 20:56:24.993  1982  1982 I Telephony: PstnIncomingCallNotifier: Unregistering: Handler (com.android.internal.telephony.cdma.CDMALTEPhone) {a8d9fe2}
01-19 20:56:24.995  1982  1982 D Telephony: PstnPhoneCapabilitiesNotifier: Unregistering: Handler (com.android.internal.telephony.cdma.CDMALTEPhone) {a8d9fe2}
01-19 20:56:24.996  1982  1982 D Telephony: TelecomAccountRegistry: Found 1 phones.  Attempting to register.
01-19 20:56:24.996  1982  1982 D Telephony: TelecomAccountRegistry: Phone with subscription id 2147483643
01-19 20:56:24.999  1982  1982 E PhoneInterfaceManager: [PhoneIntfMgr] getIccId: ICC ID is null or empty.
01-19 20:56:25.024   995  1051 D GpsLocationProvider: received SIM change, new known MCC/MNC: []
01-19 20:56:25.029   995  2205 D NetworkMonitor/NetworkAgentInfo [WIFI () - 100]: isCaptivePortal: ret=204 headers={null=[HTTP/1.1 204 No Content], Content-Length=[0], Date=[Tue, 19 Jan 2016 17:56:24 GMT], Server=[GFE/2.0], X-Android-Received-Millis=[1453226185029], X-Android-Response-Source=[NETWORK 204], X-Android-Sent-Millis=[1453226185026]}
01-19 20:56:25.029   995  2205 D NetworkMonitor/NetworkAgentInfo [WIFI () - 100]: Don't send network conditions - lacking user consent.
01-19 20:56:25.030   995  2205 D NetworkMonitor/NetworkAgentInfo [WIFI () - 100]: Validated
01-19 20:56:25.032  2134  2134 V JNIHelp : Registering com/google/android/gms/org/conscrypt/NativeCrypto's 254 native methods...
01-19 20:56:25.034  1372  2441 D ConnectivityManager.CallbackHandler: CM callback handler got msg 524290
01-19 20:56:25.055  1982  2002 D TelephonyProvider: Preferred APN: -1
01-19 20:56:25.057  1982  1982 D Telephony: AccountEntry: Registered phoneAccount: [PhoneAccount: ComponentInfo{com.android.phone/com.android.services.telephony.TelephonyConnectionService}, [4208433e9abcef6d04057081ae5a7fc2b23515a1], UserHandle{0} Capabilities: 54 Schemes: tel voicemail ] with handle: ComponentInfo{com.android.phone/com.android.services.telephony.TelephonyConnectionService}, [4208433e9abcef6d04057081ae5a7fc2b23515a1], UserHandle{0}
01-19 20:56:25.057  1982  1982 I Telephony: PstnIncomingCallNotifier: Registering: Handler (com.android.internal.telephony.cdma.CDMALTEPhone) {a8d9fe2}
01-19 20:56:25.059  1982  1982 D Telephony: PstnPhoneCapabilitiesNotifier: Registering: Handler (com.android.internal.telephony.cdma.CDMALTEPhone) {a8d9fe2}
01-19 20:56:25.064  1982  1982 D CallNotifier: onReceive... 
01-19 20:56:25.081  1982  1982 D Telephony: TtyManager: setting TTY mode to 0 succeeded
01-19 20:56:25.088  1982  1982 D MccTable: updateMccMncConfiguration mccmnc='00000' fromServiceState=true
01-19 20:56:25.089  2005  2225 D Launcher.Model: 11683562 - loadWorkspaceScreensDb()
01-19 20:56:25.090  2005  2225 D Launcher.Model: 11683562 -   screens: { 0: 1 }, { 1: 2 }
01-19 20:56:25.090  2005  2225 D Launcher.Model: 11683562 -   sBgWorkspaceScreens: 1, 2
01-19 20:56:25.090  2005  2225 D Launcher.Model: 11683562 - updateWorkspaceScreenOrder()
01-19 20:56:25.090  2005  2225 D Launcher.Model: 11683562 -   screens: 1, 2
01-19 20:56:25.090  1488  2449 W fb4a(:<default>):UserScope: Called user scoped provider with no viewer. ViewerContextManager was created with no ViewerContext. Using EmptyViewerContextManager to return fake logged in instance.
01-19 20:56:25.092   995  1026 W SoundModelDBHelper: No SoundModel available for the given keyphrase
01-19 20:56:25.092  1982  1982 D MccTable: updateMccMncConfiguration defaultMccMnc=
01-19 20:56:25.092  1982  1982 D MccTable: updateMccMncConfiguration: mcc=0, mnc=0
01-19 20:56:25.093  1982  1982 D MccTable: WIFI_COUNTRY_CODE set to 
01-19 20:56:25.093   995  1026 I WifiService: WifiService trying to set country code to  with persist set to true
01-19 20:56:25.093   995  1026 E WifiStateMachine: Ignoring resetting of country code
01-19 20:56:25.102   995  1051 E GpsLocationProvider: No APN found to select.
01-19 20:56:25.104   995  1051 D GpsLocationProvider: received SIM change, new known MCC/MNC: [00000]
01-19 20:56:25.104   995  1051 D GpsLocationProvider: Reset GPS properties, previous size = 17
01-19 20:56:25.104   995  1051 D GpsLocationProvider: GpsParamsResource: SUPL_HOST=supl.google.com
01-19 20:56:25.104   995  1051 D GpsLocationProvider: GpsParamsResource: SUPL_PORT=7275
01-19 20:56:25.105   995  1051 D GpsLocationProvider: GpsParamsResource: XTRA_SERVER_1=http://xtrapath1.izatcloud.net/xtra2.bin
01-19 20:56:25.105   995  1051 D GpsLocationProvider: GpsParamsResource: XTRA_SERVER_2=http://xtrapath2.izatcloud.net/xtra2.bin
01-19 20:56:25.105   995  1051 D GpsLocationProvider: GpsParamsResource: XTRA_SERVER_3=http://xtrapath3.izatcloud.net/xtra2.bin
01-19 20:56:25.105   995  1051 D GpsLocationProvider: GpsParamsResource: NTP_SERVER=north-america.pool.ntp.org
01-19 20:56:25.105   995  1051 D GpsLocationProvider: GpsParamsResource: SUPL_MODE=1
01-19 20:56:25.105   995  1051 D GpsLocationProvider: GpsParamsResource: SUPL_VER=0x20000
01-19 20:56:25.105   995  1051 D GpsLocationProvider: GpsParamsResource: LPP_PROFILE=0
01-19 20:56:25.105   995  1051 D GpsLocationProvider: GpsParamsResource: NMEA_PROVIDER=0
01-19 20:56:25.105   995  1051 D GpsLocationProvider: GpsParamsResource: A_GLONASS_POS_PROTOCOL_SELECT=0
01-19 20:56:25.105   995  1051 D GpsLocationProvider: GpsParamsResource: ERR_ESTIMATE=0
01-19 20:56:25.105   995  1051 D GpsLocationProvider: GpsParamsResource: INTERMEDIATE_POS=0
01-19 20:56:25.106   995  1051 D GpsLocationProvider: GpsParamsResource: SUPL_ES=0
01-19 20:56:25.106   995  1051 D GpsLocationProvider: GPS properties reloaded, size = 17
01-19 20:56:25.107   995  1051 D GpsLocationProvider: GPS configuration:
01-19 20:56:25.107   995  1051 D GpsLocationProvider:  #Tue Jan 19 20:56:25 GMT+03:00 2016
01-19 20:56:25.107   995  1051 D GpsLocationProvider: SUPL_HOST=supl.google.com
01-19 20:56:25.107   995  1051 D GpsLocationProvider: XTRA_SERVER_3=http\://xtrapath3.izatcloud.net/xtra2.bin
01-19 20:56:25.107   995  1051 D GpsLocationProvider: XTRA_SERVER_1=http\://xtrapath1.izatcloud.net/xtra2.bin
01-19 20:56:25.107   995  1051 D GpsLocationProvider: SUPL_PORT=7275
01-19 20:56:25.107   995  1051 D GpsLocationProvider: DEBUG_LEVEL=2
01-19 20:56:25.107   995  1051 D GpsLocationProvider: XTRA_SERVER_2=http\://xtrapath2.izatcloud.net/xtra2.bin
01-19 20:56:25.107   995  1051 D GpsLocationProvider: SUPL_ES=0
01-19 20:56:25.107   995  1051 D GpsLocationProvider: NMEA_PROVIDER=0
01-19 20:56:25.107   995  1051 D GpsLocationProvider: CAPABILITIES=0x33
01-19 20:56:25.107   995  1051 D GpsLocationProvider: SUPL_VER=0x20000
01-19 20:56:25.107   995  1051 D GpsLocationProvider: XTRA_SERVER_QUERY=0
01-19 20:56:25.107   995  1051 D GpsLocationProvider: ERR_ESTIMATE=0
01-19 20:56:25.107   995  1051 D GpsLocationProvider: A_GLONASS_POS_PROTOCOL_SELECT=0
01-19 20:56:25.107   995  1051 D GpsLocationProvider: INTERMEDIATE_POS=0
01-19 20:56:25.107   995  1051 D GpsLocationProvider: LPP_PROFILE=0
01-19 20:56:25.107   995  1051 D GpsLocationProvider: NTP_SERVER=north-america.pool.ntp.org
01-19 20:56:25.107   995  1051 D GpsLocationProvider: SUPL_MODE=1
01-19 20:56:25.107   995  1051 D GpsLocationProvider: final config = #Tue Jan 19 20:56:25 GMT+03:00 2016
01-19 20:56:25.107   995  1051 D GpsLocationProvider: SUPL_HOST=supl.google.com
01-19 20:56:25.107   995  1051 D GpsLocationProvider: XTRA_SERVER_3=http\://xtrapath3.izatcloud.net/xtra2.bin
01-19 20:56:25.107   995  1051 D GpsLocationProvider: XTRA_SERVER_1=http\://xtrapath1.izatcloud.net/xtra2.bin
01-19 20:56:25.107   995  1051 D GpsLocationProvider: SUPL_PORT=7275
01-19 20:56:25.107   995  1051 D GpsLocationProvider: DEBUG_LEVEL=2
01-19 20:56:25.107   995  1051 D GpsLocationProvider: XTRA_SERVER_2=http\://xtrapath2.izatcloud.net/xtra2.bin
01-19 20:56:25.107   995  1051 D GpsLocationProvider: SUPL_ES=0
01-19 20:56:25.107   995  1051 D GpsLocationProvider: NMEA_PROVIDER=0
01-19 20:56:25.107   995  1051 D GpsLocationProvider: CAPABILITIES=0x33
01-19 20:56:25.107   995  1051 D GpsLocationProvider: SUPL_VER=0x20000
01-19 20:56:25.107   995  1051 D GpsLocationProvider: XTRA_SERVER_QUERY=0
01-19 20:56:25.107   995  1051 D GpsLocationProvider: ERR_ESTIMATE=0
01-19 20:56:25.107   995  1051 D GpsLocationProvider: A_GLONASS_POS_PROTOCOL_SELECT=0
01-19 20:56:25.107   995  1051 D GpsLocationProvider: INTERMEDIATE_POS=0
01-19 20:56:25.107   995  1051 D GpsLocationProvider: LPP_PROFILE=0
01-19 20:56:25.107   995  1051 D GpsLocationProvider: NTP_SERVER=north-america.pool.ntp.org
01-19 20:56:25.107   995  1051 D GpsLocationProvider: SUPL_MODE=1
01-19 20:56:25.118   995  1795 D AlarmManagerService: Setting time of day to sec=1453226184
01-19 20:56:24.811   995  1795 W AlarmManagerService: Unable to set rtc to 1453226184: Invalid argument
01-19 20:56:24.811  2298  2298 W ThreadPoolDumper: Queue length for executor User-Facing Non-Blocking with 5 threads is now 16. Perhaps some tasks are too long, or the pool is too small.
01-19 20:56:24.813  1372  1372 I Xposed  : ANDR_ID!
01-19 20:56:24.823  2005  2225 I Xposed  : ANDR_ID!
01-19 20:56:24.830  2005  2005 D Launcher: 11683562 - bindAddScreens()
01-19 20:56:24.830  2005  2005 D Launcher: 11683562 -   orderedScreenIds: 1, 2
01-19 20:56:24.830  2005  2005 D Launcher.Workspace: 11683562 - insertNewWorkspaceScreen(): 1 at index: 0
01-19 20:56:24.862  2134  2134 I ProviderInstaller: Installed default security provider GmsCore_OpenSSL
01-19 20:56:24.870  2005  2225 I Xposed  : ANDR_ID!
01-19 20:56:24.878  2005  2005 D Launcher.Workspace: 11683562 - insertNewWorkspaceScreen(): 2 at index: 1
01-19 20:56:24.901   995  2548 D GpsLocationProvider: NTP server returned: 1453226184902 (Tue Jan 19 20:56:24 GMT+03:00 2016) reference: 40537 certainty: 49 system time offset: 1
01-19 20:56:24.901   995  2548 E LocSvc_eng: E/int loc_eng_inject_time(loc_eng_data_s_type&, GpsUtcTime, int64_t, int): log_eng state error: instance not initialized
01-19 20:56:24.925  1372  1372 I Xposed  : ANDR_ID!
01-19 20:56:24.949  1372  1372 I Choreographer: Skipped 224 frames!  The application may be doing too much work on its main thread.
01-19 20:56:24.983  1982  1982 D ImsServiceSub: Message received: what = 12
01-19 20:56:24.983  1982  1982 D ImsServiceSub: Message received: what = 3
01-19 20:56:24.983  1982  1982 D ImsServiceSub: handleImsStateChanged
01-19 20:56:24.983  1982  1982 E ImsServiceSub: handleImsStateChanged error
01-19 20:56:24.984   396   396 I ServiceManager: Waiting for service AtCmdFwd...
01-19 20:56:24.984  1982  1982 D Telephony: PstnPhoneCapabilitiesNotifier: handleVideoCapabilitesChanged. Video capability - false
01-19 20:56:25.004  1372  2312 I Adreno  : EGLInit: QTI Build: 01/29/15, 1bccc5d, I0ba6dce82d
01-19 20:56:25.019  1372  2312 I OpenGLRenderer: Initialized EGL, version 1.4
01-19 20:56:25.027  1372  2312 D OpenGLRenderer: Enabling debug mode 0
01-19 20:56:25.040  2298  2298 I VelvetUpgradeTasks: System upgraded from C8816 to DAFE16: running system upgrade tasks.
01-19 20:56:25.050   995   995 V BackupManagerService: Connected to transport ComponentInfo{com.google.android.gms/com.google.android.gms.backup.BackupTransportService}
01-19 20:56:25.052   995   995 V BackupManagerService: Registering transport com.google.android.gms/.backup.BackupTransportService::com.google.android.gms/.backup.BackupTransportService = com.android.internal.backup.IBackupTransport$Stub$Proxy@15c9072f
01-19 20:56:25.058  1982  1982 D Telephony: PstnPhoneCapabilitiesNotifier: handleVideoCapabilitesChanged. Video capability - false
01-19 20:56:25.086  2134  2566 D NativeLibraryUtils: Install completed successfully. count=14 extracted=0
01-19 20:56:25.102   995  1943 I ActivityManager: Start proc 2619:com.android.settings/1000 for broadcast com.android.settings/.DateChangeReceiver
01-19 20:56:25.200   995   995 D GpsLocationProvider: received SIM change, new known MCC/MNC: [00000]
01-19 20:56:25.212  2134  2134 I GCoreNlp: shouldConfirmNlp, NLP off. Ensuring opt-in disabled
01-19 20:56:25.227   995  1502 I ActivityManager: Start proc 2672:com.google.android.partnersetup/u0a30 for content provider com.google.android.partnersetup/.RlzAppProvider
01-19 20:56:25.245  2619  2619 I Xposed  : com.android.settings
01-19 20:56:25.260  2619  2619 I Xposed  : we set ro_product_device  as  kolhzntyzgt
01-19 20:56:25.260  2619  2619 I Xposed  : we set ro_product_manufacturer  as  Sony
01-19 20:56:25.274  2298  2298 W art     : Long monitor contention event with owner method=com.google.android.apps.gsa.search.core.p.y com.google.android.apps.gsa.velvet.d.g.axc() from VelvetServices.java:278 waiters=0 for 170ms
01-19 20:56:25.278  1372  1372 D ViewRootImpl: changeCanvasOpacity: opaque=true
01-19 20:56:25.377  1372  1372 W Settings: Setting airplane_mode_on has moved from android.provider.Settings.System to android.provider.Settings.Global, returning read-only value.
01-19 20:56:25.484   995  1053 W WindowManager: Keyguard drawn timeout. Setting mKeyguardDrawComplete
01-19 20:56:25.488  2005  2440 V RenderScript: Application requested CPU execution
01-19 20:56:25.493  2005  2440 V RenderScript: 0x625bea00 Launching thread(s), CPUs 4
01-19 20:56:25.498  2672  2672 I Xposed  : com.google.android.partnersetup
01-19 20:56:25.500  1372  1372 W Settings: Setting airplane_mode_on has moved from android.provider.Settings.System to android.provider.Settings.Global, returning read-only value.
01-19 20:56:25.501  1372  1372 W Settings: Setting airplane_mode_on has moved from android.provider.Settings.System to android.provider.Settings.Global, returning read-only value.
01-19 20:56:25.519  1372  1372 W Settings: Setting airplane_mode_on has moved from android.provider.Settings.System to android.provider.Settings.Global, returning read-only value.
01-19 20:56:25.531   995  1054 W ProcessCpuTracker: Skipping unknown process pid 2781
01-19 20:56:25.546  1982  1982 D Telephony: : Radio technology switched. Now GSM is active.
01-19 20:56:25.546  1982  1982 D Telephony: PstnPhoneCapabilitiesNotifier: Unregistering: Handler (com.android.internal.telephony.cdma.CDMALTEPhone) {a8d9fe2}
01-19 20:56:25.546  1982  1982 D Telephony: PstnPhoneCapabilitiesNotifier: Registering: Handler (com.android.internal.telephony.gsm.GSMPhone) {3434e8d8}
01-19 20:56:25.547  1982  1982 D Telephony: : Radio technology switched. Now GSM is active.
01-19 20:56:25.547  1982  1982 I Telephony: PstnIncomingCallNotifier: Unregistering: Handler (com.android.internal.telephony.cdma.CDMALTEPhone) {a8d9fe2}
01-19 20:56:25.547  1982  1982 I Telephony: PstnIncomingCallNotifier: Registering: Handler (com.android.internal.telephony.gsm.GSMPhone) {3434e8d8}
01-19 20:56:25.547  1982  1982 D PhoneApp: Radio technology switched. Now GSM is active.
01-19 20:56:25.557  2672  2672 I Xposed  : we set ro_product_device  as  kolhzntyzgt
01-19 20:56:25.557  2672  2672 I Xposed  : we set ro_product_manufacturer  as  Sony
01-19 20:56:25.565  1982  1982 E AudioTrack: AudioTrack::set : Exit
01-19 20:56:25.565  1982  1982 D CallNotifier: CallNotifier: mSignalInfoToneGenerator created when toneplay
01-19 20:56:25.568  2619  2619 I System  : Loaded time zone names for "en_GB" in 19ms (18ms in ICU)
01-19 20:56:25.571  1982  1982 I Telephony: PstnIncomingCallNotifier: Unregistering: Handler (com.android.internal.telephony.gsm.GSMPhone) {3434e8d8}
01-19 20:56:25.593   995  1623 I ActivityManager: Start proc 2800:com.cyanogenmod.eleven/u0a47 for broadcast com.cyanogenmod.eleven/.locale.LocaleChangeReceiver
01-19 20:56:25.653  1982  1982 D Telephony: PstnPhoneCapabilitiesNotifier: Unregistering: Handler (com.android.internal.telephony.gsm.GSMPhone) {3434e8d8}
01-19 20:56:25.657  1982  1982 D Telephony: TelecomAccountRegistry: Found 1 phones.  Attempting to register.
01-19 20:56:25.657  1982  1982 D Telephony: TelecomAccountRegistry: Phone with subscription id 2147483643
01-19 20:56:25.659  1982  1982 E PhoneInterfaceManager: [PhoneIntfMgr] getIccId: ICC ID is null or empty.
01-19 20:56:25.663  2800  2800 I Xposed  : com.cyanogenmod.eleven
01-19 20:56:25.671  2800  2800 I Xposed  : we set ro_product_device  as  kolhzntyzgt
01-19 20:56:25.671  2800  2800 I Xposed  : we set ro_product_manufacturer  as  Sony
01-19 20:56:25.705  1982  1982 D Telephony: AccountEntry: Registered phoneAccount: [PhoneAccount: ComponentInfo{com.android.phone/com.android.services.telephony.TelephonyConnectionService}, [4208433e9abcef6d04057081ae5a7fc2b23515a1], UserHandle{0} Capabilities: 54 Schemes: tel voicemail ] with handle: ComponentInfo{com.android.phone/com.android.services.telephony.TelephonyConnectionService}, [4208433e9abcef6d04057081ae5a7fc2b23515a1], UserHandle{0}
01-19 20:56:25.705  1982  1982 I Telephony: PstnIncomingCallNotifier: Registering: Handler (com.android.internal.telephony.gsm.GSMPhone) {3434e8d8}
01-19 20:56:25.706  1982  1982 D Telephony: PstnPhoneCapabilitiesNotifier: Registering: Handler (com.android.internal.telephony.gsm.GSMPhone) {3434e8d8}
01-19 20:56:25.712  1982  1982 D CallNotifier: onReceive... 
01-19 20:56:25.726   995  1051 D GpsLocationProvider: received SIM change, new known MCC/MNC: [00000]
01-19 20:56:25.735   995   995 D GpsLocationProvider: received SIM change, new known MCC/MNC: [00000]
01-19 20:56:25.760   995  2821 I ActivityManager: Start proc 2844:com.google.android.gms/u0a29 for service com.google.android.gms/.usagereporting.service.UsageReportingService
01-19 20:56:25.766   269  1222 I fstrim  : Trimmed 636809216 bytes on /data
01-19 20:56:25.766   269  1222 I fstrim  : Invoking FITRIM ioctl on /cache
01-19 20:56:25.780  1982  1982 D MccTable: updateMccMncConfiguration mccmnc='null' fromServiceState=true
01-19 20:56:25.780  1982  1982 D MccTable: WIFI_COUNTRY_CODE set to 
01-19 20:56:25.780   995  1487 I WifiService: WifiService trying to set country code to  with persist set to true
01-19 20:56:25.780   995  1487 E WifiStateMachine: Ignoring resetting of country code
01-19 20:56:25.797  1982  1982 D Telephony: PstnPhoneCapabilitiesNotifier: handleVideoCapabilitesChanged. Video capability - false
01-19 20:56:25.829   995  1062 I Timeline: Timeline: Activity_windows_visible id: ActivityRecord{2ee0cf03 u0 com.cyanogenmod.trebuchet/com.android.launcher3.Launcher t1287} time:41465
01-19 20:56:25.838   269  1222 I fstrim  : Trimmed 256835584 bytes on /cache
01-19 20:56:25.838   269  1222 I fstrim  : Invoking FITRIM ioctl on /cache
01-19 20:56:25.838   269  1222 I fstrim  : Trimmed 0 bytes on /cache
01-19 20:56:25.839   269  1222 I fstrim  : Invoking FITRIM ioctl on /persist
01-19 20:56:25.839   269  1222 I fstrim  : Trimmed 0 bytes on /persist
01-19 20:56:25.839   269  1222 I fstrim  : Finished fstrim work.
01-19 20:56:25.844  2844  2844 I Xposed  : com.google.android.gms
01-19 20:56:25.858  1982  1982 D Telephony: PstnPhoneCapabilitiesNotifier: handleVideoCapabilitesChanged. Video capability - false
01-19 20:56:25.877  2005  2005 D Launcher.Workspace: 11683562 - stripEmptyScreens()
01-19 20:56:25.881  2844  2844 I Xposed  : we set ro_product_device  as  kolhzntyzgt
01-19 20:56:25.881  2844  2844 I Xposed  : we set ro_product_manufacturer  as  Sony
01-19 20:56:25.888  1982  1982 D Telephony: : Radio technology switched. Now GSM is active.
01-19 20:56:25.889  1982  1982 D Telephony: : Radio technology switched. Now GSM is active.
01-19 20:56:25.893  1982  1982 I Telephony: PstnIncomingCallNotifier: Unregistering: Handler (com.android.internal.telephony.gsm.GSMPhone) {3434e8d8}
01-19 20:56:25.895  1982  1982 D Telephony: PstnPhoneCapabilitiesNotifier: Unregistering: Handler (com.android.internal.telephony.gsm.GSMPhone) {3434e8d8}
01-19 20:56:25.896  1982  1982 D Telephony: TelecomAccountRegistry: Found 1 phones.  Attempting to register.
01-19 20:56:25.897  1982  1982 D Telephony: TelecomAccountRegistry: Phone with subscription id 2147483643
01-19 20:56:25.898  1982  1982 E PhoneInterfaceManager: [PhoneIntfMgr] getIccId: ICC ID is null or empty.
01-19 20:56:25.928  1982  1982 D Telephony: AccountEntry: Registered phoneAccount: [PhoneAccount: ComponentInfo{com.android.phone/com.android.services.telephony.TelephonyConnectionService}, [4208433e9abcef6d04057081ae5a7fc2b23515a1], UserHandle{0} Capabilities: 54 Schemes: tel voicemail ] with handle: ComponentInfo{com.android.phone/com.android.services.telephony.TelephonyConnectionService}, [4208433e9abcef6d04057081ae5a7fc2b23515a1], UserHandle{0}
01-19 20:56:25.928  1982  1982 I Telephony: PstnIncomingCallNotifier: Registering: Handler (com.android.internal.telephony.gsm.GSMPhone) {3434e8d8}
01-19 20:56:25.953  2298  2881 I UpdateIcingCorporaServi: Updating corpora: APPS=FORCE_ALL, CONTACTS=MAYBE
01-19 20:56:25.961   995  2525 I ActivityManager: Start proc 2880:com.android.email/u0a48 for broadcast com.android.email/.service.EmailBroadcastReceiver
01-19 20:56:25.984   396   396 I ServiceManager: Waiting for service AtCmdFwd...
01-19 20:56:26.002  2800  2877 D LocaleSetManager: Locale Changed from: null to en-GB
01-19 20:56:26.007  2800  2877 I MusicLocale: AddressBook Labels [en-GB]: [, A, B, C, D, E, F, G, H, I, J, K, L, M, N, O, P, Q, R, S, T, U, V, W, X, Y, Z, Α, Β, Γ, Δ, Ε, Ζ, Η, Θ, Ι, Κ, Λ, Μ, Ν, Ξ, Ο, Π, Ρ, Σ, Τ, Υ, Φ, Χ, Ψ, Ω, , А, Б, В, Г, Д, Ђ, Е, Є, Ж, З, И, І, Ї, Й, Ј, К, Л, Љ, М, Н, Њ, О, П, Р, С, Т, Ћ, У, Ф, Х, Ц, Ч, Џ, Ш, Щ, Ю, Я, , א, ב, ג, ד, ה, ו, ז, ח, ט, י, כ, ל, מ, נ, ס, ע, פ, צ, ק, ר, ש, ת, , ا, ب, ت, ث, ج, ح, خ, د, ذ, ر, ز, س, ش, ص, ض, ط, ظ, ع, غ, ف, ق, ك, ل, م, ن, ه, و, ي, , ก, ข, ฃ, ค, ฅ, ฆ, ง, จ, ฉ, ช, ซ, ฌ, ญ, ฎ, ฏ, ฐ, ฑ, ฒ, ณ, ด, ต, ถ, ท, ธ, น, บ, ป, ผ, ฝ, พ, ฟ, ภ, ม, ย, ร, ฤ, ล, ฦ, ว, ศ, ษ, ส, ห, ฬ, อ, ฮ, , ㄱ, ㄴ, ㄷ, ㄹ, ㅁ, ㅂ, ㅅ, ㅇ, ㅈ, ㅊ, ㅋ, ㅌ, ㅍ, ㅎ, , あ, か, さ, た, な, は, ま, や, ら, わ, #, ]
01-19 20:56:26.019  1982  1982 D Telephony: PstnPhoneCapabilitiesNotifier: Registering: Handler (com.android.internal.telephony.gsm.GSMPhone) {3434e8d8}
01-19 20:56:26.026  1982  1982 D CallNotifier: onReceive... 
01-19 20:56:26.048  2880  2880 I Xposed  : com.android.email
01-19 20:56:26.051   995  1051 D GpsLocationProvider: received SIM change, new known MCC/MNC: []
01-19 20:56:26.054   995   995 D GpsLocationProvider: received SIM change, new known MCC/MNC: []
01-19 20:56:26.057  2880  2880 I Xposed  : we set ro_product_device  as  kolhzntyzgt
01-19 20:56:26.057  2880  2880 I Xposed  : we set ro_product_manufacturer  as  Sony
01-19 20:56:26.064  1982  1982 D Telephony: PstnPhoneCapabilitiesNotifier: handleVideoCapabilitesChanged. Video capability - false
01-19 20:56:26.092  1982  1982 D Telephony: : Radio technology switched. Now GSM is active.
01-19 20:56:26.095  1982  1982 D Telephony: : Radio technology switched. Now GSM is active.
01-19 20:56:26.102  1982  1982 I Telephony: PstnIncomingCallNotifier: Unregistering: Handler (com.android.internal.telephony.gsm.GSMPhone) {3434e8d8}
01-19 20:56:26.104  1982  1982 D Telephony: PstnPhoneCapabilitiesNotifier: Unregistering: Handler (com.android.internal.telephony.gsm.GSMPhone) {3434e8d8}
01-19 20:56:26.104  1982  1982 D Telephony: TelecomAccountRegistry: Found 1 phones.  Attempting to register.
01-19 20:56:26.105  1982  1982 D Telephony: TelecomAccountRegistry: Phone with subscription id 2147483643
01-19 20:56:26.106  1982  1982 E PhoneInterfaceManager: [PhoneIntfMgr] getIccId: ICC ID is null or empty.
01-19 20:56:26.117  2844  2844 I MultiDex: VM with version 2.1.0 has multidex support
01-19 20:56:26.117  2844  2844 I MultiDex: install
01-19 20:56:26.117  2844  2844 I MultiDex: VM has multidex support, MultiDex support library is disabled.
01-19 20:56:26.135  1982  1982 D Telephony: AccountEntry: Registered phoneAccount: [PhoneAccount: ComponentInfo{com.android.phone/com.android.services.telephony.TelephonyConnectionService}, [4208433e9abcef6d04057081ae5a7fc2b23515a1], UserHandle{0} Capabilities: 54 Schemes: tel voicemail ] with handle: ComponentInfo{com.android.phone/com.android.services.telephony.TelephonyConnectionService}, [4208433e9abcef6d04057081ae5a7fc2b23515a1], UserHandle{0}
01-19 20:56:26.135  1982  1982 I Telephony: PstnIncomingCallNotifier: Registering: Handler (com.android.internal.telephony.gsm.GSMPhone) {3434e8d8}
01-19 20:56:26.137  1982  1982 D Telephony: PstnPhoneCapabilitiesNotifier: Registering: Handler (com.android.internal.telephony.gsm.GSMPhone) {3434e8d8}
01-19 20:56:26.141  1982  1982 D CallNotifier: onReceive... 
01-19 20:56:26.176   995  1051 D GpsLocationProvider: received SIM change, new known MCC/MNC: []
01-19 20:56:26.221  2298  2298 I MicroDetectionWrkImpl: Micro detection mode: 1.
01-19 20:56:26.260   995  1010 I art     : Background partial concurrent mark sweep GC freed 53914(5MB) AllocSpace objects, 45(2MB) LOS objects, 28% free, 41MB/57MB, paused 1.179ms total 114.656ms
01-19 20:56:26.282  1982  1982 D Telephony: : Radio technology switched. Now GSM is active.
01-19 20:56:26.282  1982  1982 D Telephony: PstnPhoneCapabilitiesNotifier: handleVideoCapabilitesChanged. Video capability - false
01-19 20:56:26.325  1982  1982 D Telephony: : Radio technology switched. Now GSM is active.
01-19 20:56:26.330  2298  2743 I GrammarCompilationSvcCt: Grammar compilation alarm set for interval 604800000
01-19 20:56:26.372  2134  2134 I GCoreNlp: shouldConfirmNlp, NLP off. Ensuring opt-in disabled
01-19 20:56:26.375   995  1623 W ActivityManager: Unable to start service Intent { act=com.android.email.EXCHANGE_INTENT pkg=com.android.exchange } U=0: not found
01-19 20:56:26.382  2844  2844 V JNIHelp : Registering com/google/android/gms/org/conscrypt/NativeCrypto's 254 native methods...
01-19 20:56:26.417  2880  2947 D ActivityThread: Loading provider com.android.email.provider;com.android.email.notifier: com.android.email.provider.EmailProvider
01-19 20:56:26.417  2844  2844 I ProviderInstaller: Installed default security provider GmsCore_OpenSSL
01-19 20:56:26.426   995  1028 W ActivityManager: Unable to start service Intent { act=com.android.email.EXCHANGE_INTENT pkg=com.android.exchange } U=0: not found
01-19 20:56:26.431  2134  2134 W GmsBackupAccountManager: Backup account not found in gmscore.
01-19 20:56:26.436   995  1623 V BackupManagerService: Scheduling immediate backup pass
01-19 20:56:26.439   995   995 V BackupManagerService: Running a backup pass
01-19 20:56:26.442   995  1352 V BackupManagerService: clearing pending backups
01-19 20:56:26.449  2844  2844 I art     : Rejecting re-init on previously-failed class java.lang.Class<com.google.android.gms.common.j.c>
01-19 20:56:26.449  2134  2134 I GCoreNlp: shouldConfirmNlp, NLP off. Ensuring opt-in disabled
01-19 20:56:26.459  2844  2844 I art     : Rejecting re-init on previously-failed class java.lang.Class<com.google.android.gms.common.j.c>
01-19 20:56:26.484  2134  2134 I art     : Rejecting re-init on previously-failed class java.lang.Class<com.google.android.gms.common.j.c>
01-19 20:56:26.485  2134  2134 I art     : Rejecting re-init on previously-failed class java.lang.Class<com.google.android.gms.common.j.c>
01-19 20:56:26.491  2134  2134 D GeofencerStateMachine: Creating GeofencerStateMachine
01-19 20:56:26.500   995  1352 V PerformBackupTask: Beginning backup of 16 targets
01-19 20:56:26.514   995  1327 D WifiService: New client listening to asynchronous messages
01-19 20:56:26.560  2134  2134 I art     : Rejecting re-init on previously-failed class java.lang.Class<com.google.android.gms.common.util.bo>
01-19 20:56:26.560  2134  2134 I art     : Rejecting re-init on previously-failed class java.lang.Class<com.google.android.gms.common.util.bo>
01-19 20:56:26.578  2844  2961 D NativeLibraryUtils: Install completed successfully. count=14 extracted=0
01-19 20:56:26.661   995  1352 D PerformBackupTask: invokeAgentForBackup on @pm@
01-19 20:56:26.671   995  1352 V BackupManagerService: System app com.cyanogenmod.trebuchet - skipping sig check
01-19 20:56:26.682   995  1352 I BackupRestoreController: Getting widget state for user: 0
01-19 20:56:26.702   995  1327 D WifiService: New client listening to asynchronous messages
01-19 20:56:26.703  2880  2880 D EmailBroadcastReceiver: Received android.intent.action.LOCALE_CHANGED
01-19 20:56:26.706  2134  2134 I Xposed  : ANDR_ID!
01-19 20:56:26.713  1697  1697 I SystemBroadcastReceiver: System locale changed
01-19 20:56:26.716  1697  1697 I Xposed  : ANDR_ID!
01-19 20:56:26.803  1982  1982 I Xposed  : com.android.stk
01-19 20:56:26.804  1982  1982 I Xposed  : we set ro_product_device  as  kolhzntyzgt
01-19 20:56:26.804  1982  1982 I Xposed  : we set ro_product_manufacturer  as  Sony
01-19 20:56:26.810  2298  2881 I UpdateIcingCorporaServi: UpdateCorporaTask done [took 849 ms] updated apps [took 849 ms] 
01-19 20:56:26.823  2880  3021 I NotifUtils: resendNotifications cancelExisting: true, account: null, folder: null
01-19 20:56:26.835  2880  2997 W art     : Long monitor contention event with owner method=java.lang.String java.io.File.fixSlashes(java.lang.String) from File.java:188 waiters=2 for 125ms
01-19 20:56:26.922   995  2004 I ActivityManager: Start proc 3059:com.android.vending/u0a16 for broadcast com.android.vending/com.google.android.finsky.receivers.ClearCacheReceiver
01-19 20:56:26.926   995  1970 W ActivityManager: Unable to start service Intent { cmp=com.android.email/.service.AttachmentService } U=0: not found
01-19 20:56:26.940  2134  2134 I GCoreUlr: Starting service, intent=Intent { act=com.google.android.location.reporting.ACTION_UPDATE_WORLD cmp=com.google.android.gms/com.google.android.location.reporting.service.DispatchingService (has extras) }, extras=Bundle[{receiverAction=android.location.PROVIDERS_CHANGED}]
01-19 20:56:26.942  2134  2134 V GeofencerHelper: Initializing geofence's system cache.
01-19 20:56:26.965  2880  3071 I Email   : Observing account changes for notifications
01-19 20:56:26.977   995  1062 W WindowManager: Window freeze timeout expired.
01-19 20:56:26.977   995  1062 W WindowManager: Force clearing orientation change: Window{18d0ea0c u0 AppSidebar}
01-19 20:56:26.977   995  1062 W WindowManager: Force clearing orientation change: Window{2dc87e44 u0 AppCircleSidebar}
01-19 20:56:26.977   995  1062 W WindowManager: Force clearing orientation change: Window{789f626 u0 GestureAnywhereView}
01-19 20:56:26.983   995  1028 I ActivityManager: Start proc 3085:com.google.android.apps.maps/u0a80 for broadcast com.google.android.apps.maps/com.google.android.apps.gmm.iamhere.ble.StartBleServiceReceiver
01-19 20:56:26.984   995  1970 W ActivityManager: Unable to start service Intent { cmp=com.android.email/.service.AttachmentService } U=0: not found
01-19 20:56:26.987   995  2654 W ActivityManager: Unable to start service Intent { act=com.android.email.EXCHANGE_INTENT pkg=com.android.exchange } U=0: not found
01-19 20:56:26.988   396   396 I ServiceManager: Waiting for service AtCmdFwd...
01-19 20:56:27.006  2134  2978 D GeofenceStateCache: Recovered 0 geofences.
01-19 20:56:27.013  3059  3059 I Xposed  : com.android.vending
01-19 20:56:27.022  2134  2978 I GeofencerStateMachine: Network location disabled.
01-19 20:56:27.027  3059  3059 I Xposed  : we set ro_product_device  as  kolhzntyzgt
01-19 20:56:27.027  3059  3059 I Xposed  : we set ro_product_manufacturer  as  Sony
01-19 20:56:27.033   995  2746 W BackupManagerService: dataChanged but no participant pkg='com.android.providers.settings' uid=10019
01-19 20:56:27.147   995  1487 W art     : Long monitor contention event with owner method=void com.android.server.am.ActivityManagerService.attachApplication(android.app.IApplicationThread) from ActivityManagerService.java:6248 waiters=0 for 104ms
01-19 20:56:27.148   995  1352 W art     : Long monitor contention event with owner method=void com.android.server.am.ActivityManagerService.attachApplication(android.app.IApplicationThread) from ActivityManagerService.java:6248 waiters=2 for 104ms
01-19 20:56:27.149   995  1028 W ActivityManager: Unable to start service Intent { act=com.android.email.EXCHANGE_INTENT pkg=com.android.exchange } U=0: not found
01-19 20:56:27.168  3085  3085 I Xposed  : com.google.android.apps.maps
01-19 20:56:27.169   995  1061 D BluetoothManagerService: Message: 20
01-19 20:56:27.169   995  1061 D BluetoothManagerService: Added callback: android.bluetooth.IBluetoothManagerCallback$Stub$Proxy@7dcee14:true
01-19 20:56:27.177  3085  3085 I Xposed  : we set ro_product_device  as  kolhzntyzgt
01-19 20:56:27.177  3085  3085 I Xposed  : we set ro_product_manufacturer  as  Sony
01-19 20:56:27.205  2134  2163 W GmsBackupTransport: Unknown package in backup request: @pm@
01-19 20:56:27.222  2134  2134 I GCoreUlr: DispatchingService.onCreate()
01-19 20:56:27.236  2134  2163 V GmsBackupTransport: starting performBackup for @pm@
01-19 20:56:27.247  2134  2163 V GmsBackupTransport: performBackup done for @pm@
01-19 20:56:27.276  2134  2170 W GmsBackupAccountManager: Backup account not found in gmscore.
01-19 20:56:27.286  2134  2170 W GmsBackupTransport: Backup account missing, trying again later
01-19 20:56:27.287  2134  2170 W GmsBackupTransport: Error sending final backup to server: 
01-19 20:56:27.287  2134  2170 W GmsBackupTransport: com.google.android.gms.backup.d.h: No backup account found.
01-19 20:56:27.287  2134  2170 W GmsBackupTransport: 	at com.google.android.gms.backup.BackupTransportService.a(SourceFile:1101)
01-19 20:56:27.287  2134  2170 W GmsBackupTransport: 	at com.google.android.gms.backup.BackupTransportService.a(SourceFile:69)
01-19 20:56:27.287  2134  2170 W GmsBackupTransport: 	at com.google.android.gms.backup.z.finishBackup(SourceFile:441)
01-19 20:56:27.287  2134  2170 W GmsBackupTransport: 	at android.app.backup.BackupTransport$TransportImpl.finishBackup(BackupTransport.java:547)
01-19 20:56:27.287  2134  2170 W GmsBackupTransport: 	at com.android.internal.backup.IBackupTransport$Stub.onTransact(IBackupTransport.java:162)
01-19 20:56:27.287  2134  2170 W GmsBackupTransport: 	at android.os.Binder.execTransact(Binder.java:446)
01-19 20:56:27.287  2134  2170 W GmsBackupTransport: 	at de.robv.android.xposed.XposedBridge.invokeOriginalMethodNative(Native Method)
01-19 20:56:27.287  2134  2170 W GmsBackupTransport: 	at de.robv.android.xposed.XposedBridge.handleHookedMethod(XposedBridge.java:668)
01-19 20:56:27.287  2134  2170 W GmsBackupTransport: 	at android.os.Binder.execTransact(<Xposed>)
01-19 20:56:27.287   995  1352 D BackupManagerService: Now staging backup of com.google.android.talk
01-19 20:56:27.288  1372  1372 W Settings: Setting airplane_mode_on has moved from android.provider.Settings.System to android.provider.Settings.Global, returning read-only value.
01-19 20:56:27.297  1372  1372 W Settings: Setting airplane_mode_on has moved from android.provider.Settings.System to android.provider.Settings.Global, returning read-only value.
01-19 20:56:27.301   995  1352 D BackupManagerService: Now staging backup of com.android.providers.settings
01-19 20:56:27.344   995  1352 D BackupManagerService: Now staging backup of com.android.dialer
01-19 20:56:27.359   995  1352 D BackupManagerService: Now staging backup of com.android.sharedstoragebackup
01-19 20:56:27.374   995  1352 D BackupManagerService: Now staging backup of com.google.android.deskclock
01-19 20:56:27.392   995  1352 D BackupManagerService: Now staging backup of com.google.android.gm
01-19 20:56:27.403   995  1352 D BackupManagerService: Now staging backup of com.android.providers.userdictionary
01-19 20:56:27.407   995  1352 D BackupManagerService: Now staging backup of com.android.nfc
01-19 20:56:27.414   995  1352 D BackupManagerService: Now staging backup of com.google.android.calendar
01-19 20:56:27.425  1372  1372 D PhoneStatusBarPolicy: updateSimState for subId :2147483643
01-19 20:56:27.426  1372  1372 D PhoneStatusBarPolicy: updateSimState for phoneId :0
01-19 20:56:27.428   995  1352 D BackupManagerService: Now staging backup of com.android.vending
01-19 20:56:27.431  1372  1372 D PhoneStatusBarPolicy: updateSimState for Slot :0
01-19 20:56:27.478  2134  3172 I GCoreUlr: WorldUpdater received intent Intent { act=com.google.android.location.reporting.ACTION_UPDATE_WORLD cmp=com.google.android.gms/com.google.android.location.reporting.service.DispatchingService (has extras) } with receiverAction android.location.PROVIDERS_CHANGED
01-19 20:56:27.553   995  1352 D BackupManagerService: Now staging backup of android
01-19 20:56:27.565  1372  1372 I Choreographer: Skipped 156 frames!  The application may be doing too much work on its main thread.
01-19 20:56:27.565   995  1352 D BackupManagerService: Now staging backup of com.android.mms
01-19 20:56:27.586   995  1352 D BackupManagerService: Now staging backup of com.android.providers.telephony
01-19 20:56:27.609   995  1352 D BackupManagerService: Now staging backup of com.android.browser
01-19 20:56:27.617   995  1352 D BackupManagerService: Now staging backup of com.cyanogenmod.trebuchet
01-19 20:56:27.622   995  1352 D BackupManagerService: Now staging backup of com.google.android.googlequicksearchbox
01-19 20:56:27.647  2134  2152 W GmsBackupAccountManager: Backup account not found in gmscore.
01-19 20:56:27.668  1372  1372 D OpenGLRenderer: setting property extraRasterBucket to 0.95
01-19 20:56:27.668  1372  1372 D OpenGLRenderer:     failed
01-19 20:56:27.668  1372  1372 D OpenGLRenderer: setting property extraRasterBucket to 0.0
01-19 20:56:27.668  1372  1372 D OpenGLRenderer:     failed
01-19 20:56:27.669   995  1352 I BackupManagerService: Backup pass finished.
01-19 20:56:27.760  3059  3059 I Xposed  : ANDR_ID!
01-19 20:56:27.793  2134  3172 I GCoreUlr: WorldUpdater:android.location.PROVIDERS_CHANGED: Ensuring that reporting is stopped because of reasons: {account#5#=[InactiveReason{mVersionCode=0, mIdentifier=12, mName='LocationDisabled'}, InactiveReason{mVersionCode=0, mIdentifier=6, mName='ReportingNotEnabled'}, InactiveReason{mVersionCode=0, mIdentifier=14, mName='HistoryNotEnabled'}]}
01-19 20:56:27.810  2134  3172 I GCoreUlr: Unbound from all location providers
01-19 20:56:27.810  2134  3172 I GCoreUlr: Place inference reporting - stopped
01-19 20:56:27.824  3059  3059 D Finsky  : [1] FinskyApp.onCreate: Initializing network with DFE https://android.clients.google.com/fdfe/
01-19 20:56:27.861  2134  2134 I GAv4-SVC: Google Analytics 8.4.89 is starting up.
01-19 20:56:27.898  2134  3157 W Settings: Setting airplane_mode_on has moved from android.provider.Settings.System to android.provider.Settings.Global, returning read-only value.
01-19 20:56:27.962  3059  3059 I Xposed  : ANDR_ID!
01-19 20:56:27.971  1372  1372 D PhoneStatusBarPolicy: updateSimState for subId :2147483643
01-19 20:56:27.972  1372  1372 D PhoneStatusBarPolicy: updateSimState for phoneId :0
01-19 20:56:27.978  1372  1372 D PhoneStatusBarPolicy: updateSimState for Slot :0
01-19 20:56:27.988   396   396 W Atfwd_Sendcmd: AtCmdFwd service not published, waiting... retryCnt : 3
01-19 20:56:28.000  3059  3059 D Finsky  : [1] DailyHygiene.goMakeHygieneIfDirty: No need to run daily hygiene.
01-19 20:56:28.010  1372  1372 D PhoneStatusBarPolicy: updateSimState for subId :2147483643
01-19 20:56:28.013  1372  1372 D PhoneStatusBarPolicy: updateSimState for phoneId :0
01-19 20:56:28.014  1372  1372 D PhoneStatusBarPolicy: updateSimState for Slot :0
01-19 20:56:28.032  3059  3059 W Settings: Setting download_manager_max_bytes_over_mobile has moved from android.provider.Settings.Secure to android.provider.Settings.Global.
01-19 20:56:28.032  3059  3059 W Settings: Setting download_manager_recommended_max_bytes_over_mobile has moved from android.provider.Settings.Secure to android.provider.Settings.Global.
01-19 20:56:28.058  1372  1372 D PhoneStatusBarPolicy: updateSimState for subId :2147483643
01-19 20:56:28.060  1372  1372 D PhoneStatusBarPolicy: updateSimState for phoneId :0
01-19 20:56:28.061  1372  1372 D PhoneStatusBarPolicy: updateSimState for Slot :0
01-19 20:56:28.086  2134  2134 I BleScanCompatLib: Building BLE scanner compat:  'L/M' hardware access layer is not available: BluetoothAdapter.getBluetoothLeScanner() is null.
01-19 20:56:28.093  3059  3059 D Finsky  : [1] ClearCacheReceiver.onReceive: Received android.intent.action.LOCALE_CHANGED. Clearing cache and exiting.
01-19 20:56:28.095  3059  3253 D Volley  : [159] DiskBasedCache.clear: Cache cleared.
01-19 20:56:28.097  3059  3230 D Volley  : [152] DiskBasedCache.clear: Cache cleared.
01-19 20:56:28.184  3059  3059 I art     : System.exit called, status: 0
01-19 20:56:28.184  3059  3059 I AndroidRuntime: VM exiting with result code 0, cleanup skipped.
01-19 20:56:28.188  2134  2134 I BleScanCompatLib: BLE 'JB+' software access layer enabled
01-19 20:56:28.334   995  2004 V KeyguardServiceDelegate: **** SHOWN CALLED ****
01-19 20:56:28.335   995  1970 I ActivityManager: Process com.android.vending (pid 3059) has died
01-19 20:56:28.361  1372  1372 I Choreographer: Skipped 46 frames!  The application may be doing too much work on its main thread.
01-19 20:56:28.379  2134  2978 W GeofencerStateMachine: Ignoring removeGeofence because network location is disabled.
01-19 20:56:28.442  2844  2844 D ChimeraCfgMgr: Reading stored module config
01-19 20:56:28.454  2134  3264 I Places  : b.c:195: PlacesBleScanner stop()
01-19 20:56:28.455  2134  2134 I GCoreUlr: DispatchingService.onDestroy()
01-19 20:56:28.455  2134  2134 I GCoreUlr: Stopping handler for UlrDispSvcFast
01-19 20:56:28.459  2134  3264 I BleScanCompatLib: Scan : No clients left, canceling alarm.
01-19 20:56:28.463  2134  2134 I GCoreUlr: Unbound from all location providers
01-19 20:56:28.463  2134  2134 I GCoreUlr: Place inference reporting - stopped
01-19 20:56:28.466  2844  2844 D ChimeraCfgMgr: Loading module com.google.android.gms.games from APK com.google.android.gms
01-19 20:56:28.530  2844  3361 W IcingInternalCorpora: getNumBytesRead when not calculated.
01-19 20:56:28.537  2844  3352 I Icing   : Storage manager: low false usage 2.32MB avail 16.21GB capacity 23.03GB
01-19 20:56:28.550   995  1970 I ActivityManager: Start proc 3390:com.google.android.talk/u0a34 for broadcast com.google.android.talk/com.google.android.apps.hangouts.service.LocaleChangeReceiver
01-19 20:56:28.665  3390  3390 I Xposed  : com.google.android.talk
01-19 20:56:28.672  3390  3390 I Xposed  : we set ro_product_device  as  kolhzntyzgt
01-19 20:56:28.672  3390  3390 I Xposed  : we set ro_product_manufacturer  as  Sony
01-19 20:56:28.678   995  1327 D WifiService: New client listening to asynchronous messages
01-19 20:56:28.698   995  1061 D BluetoothManagerService: Message: 20
01-19 20:56:28.698   995  1061 D BluetoothManagerService: Added callback: android.bluetooth.IBluetoothManagerCallback$Stub$Proxy@35bab737:true
01-19 20:56:28.713  2844  3402 I PeopleDatabaseHelper: cleanUpNonGplusAccounts done.
01-19 20:56:28.724   995  1061 D BluetoothManagerService: Message: 30
01-19 20:56:28.742   995  1061 D BluetoothManagerService: Message: 30
01-19 20:56:28.768  2619  2619 D LocalBluetoothProfileManager: Adding local MAP profile
01-19 20:56:28.769  2619  2619 D BluetoothMap: Create BluetoothMap proxy object
01-19 20:56:28.769   995  1061 D BluetoothManagerService: Message: 30
01-19 20:56:28.772   995  1061 D BluetoothManagerService: Message: 30
