01-19 20:56:44.108  5035  5035 D su      : Waiting for pid 5036.
01-19 20:56:44.113  5035  5035 D su      : Finishing su operation for app [uid:10089, pkgName: ru.gekos.naebator]
01-19 20:56:44.115  5033  5033 D su      : sending code
01-19 20:56:44.116  5033  5033 D su      : child exited
01-19 20:56:44.116  5031  5031 D su      : client exited 0
01-19 20:56:44.128  1372  1372 I SuControllerImpl: Got change
01-19 20:56:44.136  5038  5038 D su      : su invoked.
01-19 20:56:44.136  5038  5038 D su      : starting daemon client 10089 10089
01-19 20:56:44.137  5040  5040 D su      : remote pid: 5038
01-19 20:56:44.138  5040  5040 D su      : remote pts_slave: 
01-19 20:56:44.143  5040  5040 D su      : waiting for child exit
01-19 20:56:44.149  5042  5042 D su      : su invoked.
01-19 20:56:44.149  5042  5042 E su      : SU from: u0_a89
01-19 20:56:44.150  5042  5042 D su      : Checking whether app [uid:10089, pkgName: ru.gekos.naebator] is allowed to be root
01-19 20:56:44.153  5042  5042 D su      : Privilege elevation allowed by appops
01-19 20:56:44.153  5042  5042 D su      : Allowing via appops.
01-19 20:56:44.154  5042  5042 D su      : 10089 /system/bin/app_process32_xposed executing 0 /system/bin/sh using binary /system/bin/sh : sh
01-19 20:56:44.154  5042  5042 D su      : Waiting for pid 5043.
01-19 20:56:44.158  1372  1372 I SuControllerImpl: Got change
01-19 20:56:44.162  5042  5042 D su      : Finishing su operation for app [uid:10089, pkgName: ru.gekos.naebator]
01-19 20:56:44.165  5040  5040 D su      : sending code
01-19 20:56:44.165  5040  5040 D su      : child exited
01-19 20:56:44.165  5038  5038 D su      : client exited 0
01-19 20:56:44.179  1372  1372 I SuControllerImpl: Got change
01-19 20:56:44.190  5006  5006 I COMMAND : setprop service.adb.tcp.port 5555
01-19 20:56:44.203  5046  5046 D su      : su invoked.
01-19 20:56:44.203  5046  5046 D su      : starting daemon client 10089 10089
01-19 20:56:44.207  5048  5048 D su      : remote pid: 5046
01-19 20:56:44.207  5048  5048 D su      : remote pts_slave: 
01-19 20:56:44.207  5048  5048 D su      : waiting for child exit
01-19 20:56:44.208  5050  5050 D su      : su invoked.
01-19 20:56:44.208  5006  5006 I COMMAND : stop adbd
01-19 20:56:44.208  5050  5050 E su      : SU from: u0_a89
01-19 20:56:44.208  5050  5050 D su      : Checking whether app [uid:10089, pkgName: ru.gekos.naebator] is allowed to be root
01-19 20:56:44.210  1372  1372 I SuControllerImpl: Got change
01-19 20:56:44.210  5050  5050 D su      : Privilege elevation allowed by appops
01-19 20:56:44.210  5050  5050 D su      : Allowing via appops.
01-19 20:56:44.211  5050  5050 D su      : 10089 /system/bin/app_process32_xposed executing 0 /system/bin/sh using binary /system/bin/sh : sh
01-19 20:56:44.212  5050  5050 D su      : Waiting for pid 5051.
01-19 20:56:44.226  5050  5050 D su      : Finishing su operation for app [uid:10089, pkgName: ru.gekos.naebator]
01-19 20:56:44.227  5048  5048 D su      : sending code
01-19 20:56:44.228  5048  5048 D su      : child exited
01-19 20:56:44.230  1372  1372 I SuControllerImpl: Got change
01-19 20:56:44.231  5046  5046 D su      : client exited 0
01-19 20:56:44.239  5053  5053 D su      : su invoked.
01-19 20:56:44.239  5053  5053 D su      : starting daemon client 10089 10089
01-19 20:56:44.244  5061  5061 D su      : remote pid: 5053
01-19 20:56:44.244  5061  5061 D su      : remote pts_slave: 
01-19 20:56:44.244  5061  5061 D su      : waiting for child exit
01-19 20:56:44.245  5063  5063 D su      : su invoked.
01-19 20:56:44.246  5063  5063 E su      : SU from: u0_a89
01-19 20:56:44.247  5006  5006 I COMMAND : start adbd
01-19 20:56:44.247  5063  5063 D su      : Checking whether app [uid:10089, pkgName: ru.gekos.naebator] is allowed to be root
01-19 20:56:44.248  5064  5064 D su      : su invoked.
01-19 20:56:44.248  5064  5064 D su      : starting daemon client 10089 10089
01-19 20:56:44.249  5066  5066 D su      : remote pid: 5064
01-19 20:56:44.249  5066  5066 D su      : remote pts_slave: 
01-19 20:56:44.250  5066  5066 D su      : waiting for child exit
01-19 20:56:44.250  5063  5063 D su      : Privilege elevation allowed by appops
01-19 20:56:44.250  5063  5063 D su      : Allowing via appops.
01-19 20:56:44.250  5063  5063 D su      : 10089 /system/bin/app_process32_xposed executing 0 /system/bin/sh using binary /system/bin/sh : sh
01-19 20:56:44.251  5063  5063 D su      : Waiting for pid 5069.
01-19 20:56:44.251  5068  5068 D su      : su invoked.
01-19 20:56:44.251  5068  5068 E su      : SU from: u0_a89
01-19 20:56:44.251  1372  1372 I SuControllerImpl: Got change
01-19 20:56:44.252  5068  5068 D su      : Checking whether app [uid:10089, pkgName: ru.gekos.naebator] is allowed to be root
01-19 20:56:44.256  5068  5068 D su      : Privilege elevation allowed by appops
01-19 20:56:44.256  5068  5068 D su      : Allowing via appops.
01-19 20:56:44.256  5068  5068 D su      : 10089 /system/bin/app_process32_xposed executing 0 /system/bin/sh using binary /system/bin/sh : sh
01-19 20:56:44.256  5068  5068 D su      : Waiting for pid 5070.
01-19 20:56:44.260  1372  1372 I SuControllerImpl: Got change
01-19 20:56:44.268  5063  5063 D su      : Finishing su operation for app [uid:10089, pkgName: ru.gekos.naebator]
01-19 20:56:44.270  1372  1372 I SuControllerImpl: Got change
01-19 20:56:44.271  5061  5061 D su      : sending code
01-19 20:56:44.271  5061  5061 D su      : child exited
01-19 20:56:44.272  5053  5053 D su      : client exited 0
01-19 20:56:44.278  5068  5068 D su      : Finishing su operation for app [uid:10089, pkgName: ru.gekos.naebator]
01-19 20:56:44.279  1372  1372 I SuControllerImpl: Got change
01-19 20:56:44.280  5066  5066 D su      : sending code
01-19 20:56:44.280  5066  5066 D su      : child exited
01-19 20:56:44.280  5064  5064 D su      : client exited 0
01-19 20:56:44.297  5079  5079 D su      : su invoked.
01-19 20:56:44.297  5079  5079 D su      : starting daemon client 10089 10089
01-19 20:56:44.298  5081  5081 D su      : remote pid: 5079
01-19 20:56:44.298  5081  5081 D su      : remote pts_slave: 
01-19 20:56:44.298  5081  5081 D su      : waiting for child exit
01-19 20:56:44.299  5083  5083 D su      : su invoked.
01-19 20:56:44.299  5083  5083 E su      : SU from: u0_a89
01-19 20:56:44.299  5083  5083 D su      : Checking whether app [uid:10089, pkgName: ru.gekos.naebator] is allowed to be root
01-19 20:56:44.301  5083  5083 D su      : Privilege elevation allowed by appops
01-19 20:56:44.301  5083  5083 D su      : Allowing via appops.
01-19 20:56:44.301  5083  5083 D su      : 10089 /system/bin/app_process32_xposed executing 0 /system/bin/sh using binary /system/bin/sh : sh
01-19 20:56:44.301  5083  5083 D su      : Waiting for pid 5084.
01-19 20:56:44.302  1372  1372 I SuControllerImpl: Got change
01-19 20:56:44.306  5083  5083 D su      : Finishing su operation for app [uid:10089, pkgName: ru.gekos.naebator]
01-19 20:56:44.308  5081  5081 D su      : sending code
01-19 20:56:44.308  5081  5081 D su      : child exited
01-19 20:56:44.309  5079  5079 D su      : client exited 0
01-19 20:56:44.309  1372  1372 I SuControllerImpl: Got change
01-19 20:56:44.347   995  2525 I ActivityManager: Start proc 5085:net.openvpn.openvpn/u0a84 for broadcast net.openvpn.openvpn/.OpenVPNRebootReceiver
01-19 20:56:44.348   995  2525 I ActivityManager: Killing 4445:com.google.android.onetimeinitializer/u0a31 (adj 15): empty #17
01-19 20:56:44.420  5085  5085 I Xposed  : net.openvpn.openvpn
01-19 20:56:44.426  5085  5085 I Xposed  : we set ro_product_device  as  kolhzntyzgt
01-19 20:56:44.426  5085  5085 I Xposed  : we set ro_product_manufacturer  as  Sony
01-19 20:56:44.485  5085  5085 D PrefUtil: get_string: autostart_profile_name='198.199.124.125 [ccwromannexus61]'
01-19 20:56:44.485  5085  5085 D PrefUtil: delete_key: key='autostart_profile_name'
01-19 20:56:44.486  5085  5085 D PrefUtil: get_boolean: autostart=true
01-19 20:56:44.487  5085  5085 I Timeline: Timeline: Activity_launch_request id:net.openvpn.openvpn time:60123
01-19 20:56:44.487   995  1394 I ActivityManager: START u0 {flg=0x10800000 cmp=net.openvpn.openvpn/.OpenVPNClient (has extras)} from uid 10084 on display 0
01-19 20:56:44.491   995  1394 V WindowManager: addAppToken: AppWindowToken{5ff1b3a token=Token{2105a265 ActivityRecord{30c06f5c u0 net.openvpn.openvpn/.OpenVPNClient t1288}}} to stack=1 task=1288 at 0
01-19 20:56:44.495  5085  5085 D OpenVPNClientBase: CLIBASE: autostart profile='198.199.124.125 [ccwromannexus61]' intent=Intent { flg=0x10800000 cmp=net.openvpn.openvpn/.OpenVPNClient (has extras) }
01-19 20:56:44.515   995  1062 V WindowManager: Adding window Window{c52ca19 u0 Starting net.openvpn.openvpn} at 2 of 11 (after Window{d2184ff u0 com.cyanogenmod.trebuchet/com.android.launcher3.Launcher})
01-19 20:56:44.516   995   995 V ActivityManager: Display changed displayId=0
01-19 20:56:44.541   995  2028 I ActivityManager: Start proc 5105:com.play2money.richsquirrel/u0a85 for broadcast com.play2money.richsquirrel/com.personagraph.sensor.service.StartupReceiver
01-19 20:56:44.545  5085  5085 D OpenVPNClient: CLI: onCreate intent=Intent { flg=0x10800000 cmp=net.openvpn.openvpn/.OpenVPNClient (has extras) }
01-19 20:56:44.577  2844  4644 I CheckinResponseProcessor: From server: 787 gservices [full]
01-19 20:56:44.641  5105  5105 I Xposed  : com.play2money.richsquirrel
01-19 20:56:44.651  5105  5105 I Xposed  : we set ro_product_device  as  kolhzntyzgt
01-19 20:56:44.651  5105  5105 I Xposed  : we set ro_product_manufacturer  as  Sony
01-19 20:56:44.787  5085  5085 D OpenVPNService: PolarSSL self test: not compiled
01-19 20:56:44.788  5085  5085 D AppRate : init
01-19 20:56:44.796  5085  5085 D OpenVPNClient: CLI: onStart
01-19 20:56:44.803  5085  5124 D OpenGLRenderer: Use EGL_SWAP_BEHAVIOR_PRESERVED: true
01-19 20:56:44.812  5085  5085 D Atlas   : Validating map...
01-19 20:56:44.816   995  1970 V WindowManager: Adding window Window{3cd067b6 u0 net.openvpn.openvpn/net.openvpn.openvpn.OpenVPNClient} at 2 of 12 (before Window{c52ca19 u0 Starting net.openvpn.openvpn})
01-19 20:56:44.818  5085  5085 D OpenVPNService: SERV: Service onCreate called
01-19 20:56:44.818  5085  5085 D OpenVPNService: SERV: crypto_self_test
01-19 20:56:44.818  5085  5085 D OpenVPNService: PolarSSL self test: not compiled
01-19 20:56:44.822  5085  5085 I JellyBeanHack: Build.VERSION.SDK_INT=22
01-19 20:56:44.830  5085  5085 D ProxyList: ProxyList.load: no proxy file present
01-19 20:56:44.830  5085  5085 D OpenVPNService: SERV: onBind intent=Intent { act=net.openvpn.openvpn.BIND cmp=net.openvpn.openvpn/.OpenVPNService }
01-19 20:56:44.873  5085  5124 I Adreno  : EGLInit: QTI Build: 01/29/15, 1bccc5d, I0ba6dce82d
01-19 20:56:44.882  5085  5124 I OpenGLRenderer: Initialized EGL, version 1.4
--------- beginning of crash
01-19 20:56:44.887  5105  5105 E AndroidRuntime: FATAL EXCEPTION: main
01-19 20:56:44.887  5105  5105 E AndroidRuntime: Process: com.play2money.richsquirrel, PID: 5105
01-19 20:56:44.887  5105  5105 E AndroidRuntime: java.lang.RuntimeException: Unable to instantiate receiver universal.tools.notifications.ScheduledNotificationsRestorer: java.lang.ClassNotFoundException: Didn't find class "universal.tools.notifications.ScheduledNotificationsRestorer" on path: DexPathList[[zip file "/data/app/com.play2money.richsquirrel-1/base.apk"],nativeLibraryDirectories=[/data/app/com.play2money.richsquirrel-1/lib/arm, /vendor/lib, /system/lib]]
01-19 20:56:44.887  5105  5105 E AndroidRuntime: 	at android.app.ActivityThread.handleReceiver(ActivityThread.java:2638)
01-19 20:56:44.887  5105  5105 E AndroidRuntime: 	at android.app.ActivityThread.access$1800(ActivityThread.java:153)
01-19 20:56:44.887  5105  5105 E AndroidRuntime: 	at android.app.ActivityThread$H.handleMessage(ActivityThread.java:1401)
01-19 20:56:44.887  5105  5105 E AndroidRuntime: 	at android.os.Handler.dispatchMessage(Handler.java:102)
01-19 20:56:44.887  5105  5105 E AndroidRuntime: 	at android.os.Looper.loop(Looper.java:135)
01-19 20:56:44.887  5105  5105 E AndroidRuntime: 	at android.app.ActivityThread.main(ActivityThread.java:5375)
01-19 20:56:44.887  5105  5105 E AndroidRuntime: 	at java.lang.reflect.Method.invoke(Native Method)
01-19 20:56:44.887  5105  5105 E AndroidRuntime: 	at java.lang.reflect.Method.invoke(Method.java:372)
01-19 20:56:44.887  5105  5105 E AndroidRuntime: 	at com.android.internal.os.ZygoteInit$MethodAndArgsCaller.run(ZygoteInit.java:904)
01-19 20:56:44.887  5105  5105 E AndroidRuntime: 	at com.android.internal.os.ZygoteInit.main(ZygoteInit.java:699)
01-19 20:56:44.887  5105  5105 E AndroidRuntime: 	at de.robv.android.xposed.XposedBridge.main(XposedBridge.java:115)
01-19 20:56:44.887  5105  5105 E AndroidRuntime: Caused by: java.lang.ClassNotFoundException: Didn't find class "universal.tools.notifications.ScheduledNotificationsRestorer" on path: DexPathList[[zip file "/data/app/com.play2money.richsquirrel-1/base.apk"],nativeLibraryDirectories=[/data/app/com.play2money.richsquirrel-1/lib/arm, /vendor/lib, /system/lib]]
01-19 20:56:44.887  5105  5105 E AndroidRuntime: 	at dalvik.system.BaseDexClassLoader.findClass(BaseDexClassLoader.java:56)
01-19 20:56:44.887  5105  5105 E AndroidRuntime: 	at java.lang.ClassLoader.loadClass(ClassLoader.java:511)
01-19 20:56:44.887  5105  5105 E AndroidRuntime: 	at java.lang.ClassLoader.loadClass(ClassLoader.java:469)
01-19 20:56:44.887  5105  5105 E AndroidRuntime: 	at android.app.ActivityThread.handleReceiver(ActivityThread.java:2633)
01-19 20:56:44.887  5105  5105 E AndroidRuntime: 	... 10 more
01-19 20:56:44.887  5105  5105 E AndroidRuntime: 	Suppressed: java.lang.ClassNotFoundException: universal.tools.notifications.ScheduledNotificationsRestorer
01-19 20:56:44.887  5105  5105 E AndroidRuntime: 		at java.lang.Class.classForName(Native Method)
01-19 20:56:44.887  5105  5105 E AndroidRuntime: 		at java.lang.BootClassLoader.findClass(ClassLoader.java:781)
01-19 20:56:44.887  5105  5105 E AndroidRuntime: 		at java.lang.BootClassLoader.loadClass(ClassLoader.java:841)
01-19 20:56:44.887  5105  5105 E AndroidRuntime: 		at java.lang.ClassLoader.loadClass(ClassLoader.java:504)
01-19 20:56:44.887  5105  5105 E AndroidRuntime: 		... 12 more
01-19 20:56:44.887  5105  5105 E AndroidRuntime: 	Caused by: java.lang.NoClassDefFoundError: Class not found using the boot class loader; no stack available
01-19 20:56:44.889  5085  5124 D OpenGLRenderer: Enabling debug mode 0
01-19 20:56:44.898  5085  5085 D PrefUtil: get_boolean: pause_vpn_on_blanked_screen=false
01-19 20:56:44.899  5085  5085 I OpenVPNService: ConnectivityReceiver: CONNECTIVITY_ACTION conn=true fo=false
01-19 20:56:44.900  5085  5085 D OpenVPNClientBase: CLIBASE: onServiceConnected: net.openvpn.openvpn.OpenVPNService@36148391
01-19 20:56:44.900  5085  5085 D OpenVPNService: SERV: client attach n_clients=1
01-19 20:56:44.900  5085  5085 D OpenVPNClient: CLI: post bind
01-19 20:56:44.900  5085  5085 D OpenVPNClient: CLI: autostart: 198.199.124.125 [ccwromannexus61]
01-19 20:56:44.911   995  5126 I Xposed  : ANDR_ID!
01-19 20:56:44.911   995  5126 I Xposed  : ANDR_ID!
01-19 20:56:44.911   995  1502 I ActivityManager: Start proc 5125:com.motorola.service.ims/1001 for broadcast com.motorola.service.ims/.DeviceBoot
01-19 20:56:44.911   995  5126 I Xposed  : ANDR_ID!
01-19 20:56:44.912   995  5126 I Xposed  : ANDR_ID!
01-19 20:56:44.912   995  5126 I CertBlacklister: Certificate blacklist changed, updating...
01-19 20:56:44.921   995  5126 I CertBlacklister: Certificate blacklist updated
01-19 20:56:44.934  2400  2422 I GservicesProvider: main update completed
01-19 20:56:44.973  4978  4978 I CalendarProvider2: Sending notification intent: Intent { act=android.intent.action.PROVIDER_CHANGED dat=content://com.android.calendar }
01-19 20:56:44.973  4978  4978 W ContentResolver: Failed to get type for: content://com.android.calendar (Unknown URL content://com.android.calendar)
01-19 20:56:44.986  5085  5085 D PrefUtil: get_string_by_profile: key='epki_alias.107.170.211.27 [iranexus62]' value='null'
01-19 20:56:44.988  5085  5085 D PrefUtil: get_string_by_profile: key='epki_alias.107.170.211.27 [romannexus64]' value='null'
01-19 20:56:44.991  5085  5085 D PrefUtil: get_string_by_profile: key='epki_alias.198.199.124.125 [ccwromannexus61]' value='null'
01-19 20:56:44.991  5085  5085 D OpenVPNService: SERV: refresh profiles:
01-19 20:56:44.991  5085  5085 D OpenVPNService: SERV: Profile name='107.170.211.27 [iranexus62]' ofn='107.170.211.27+%5Biranexus62%5D.ovpn' userlock= auto=true epki=false/null sl= sc=null dc=null
01-19 20:56:44.991  5085  5085 D OpenVPNService: SERV: Profile name='107.170.211.27 [romannexus64]' ofn='107.170.211.27+%5Bromannexus64%5D.ovpn' userlock= auto=true epki=false/null sl= sc=null dc=null
01-19 20:56:44.991  5085  5085 D OpenVPNService: SERV: Profile name='198.199.124.125 [ccwromannexus61]' ofn='198.199.124.125+%5Bccwromannexus61%5D.ovpn' userlock= auto=true epki=false/null sl= sc=null dc=null
01-19 20:56:44.994  5085  5085 D PrefUtil: set_string: profile='198.199.124.125 [ccwromannexus61]'
01-19 20:56:44.995  5085  5085 D PrefUtil: get_boolean: auto_keyboard=true
01-19 20:56:45.002   995  2821 I Vpn     : Switched from [Legacy VPN] to net.openvpn.openvpn
01-19 20:56:45.003   995  2821 D Vpn     : setting state=IDLE, reason=prepare
01-19 20:56:45.003  5085  5085 D OpenVPNClient: CLI: app is already authorized as VPN actor
01-19 20:56:45.005  5085  5085 D PrefUtil: get_string: vpn_proto='adaptive'
01-19 20:56:45.005  5085  5085 D PrefUtil: get_string: conn_timeout='60'
01-19 20:56:45.005  5085  5085 D PrefUtil: get_string: compression_mode='yes'
01-19 20:56:45.006  5085  5085 D PrefUtil: get_boolean: expand_stats=true
01-19 20:56:45.008  2844  4644 I CheckinRequestBuilder: Checkin reason type: 6 attempt count: 1
01-19 20:56:45.009  2844  4644 E ActivityThread: Failed to find provider info for com.google.android.wearable.settings
01-19 20:56:45.011  5085  5085 D OpenVPNService: SERV: client attach n_clients=1
01-19 20:56:45.015  5085  5085 D OpenVPNClientBase: CLI: submitConnectIntent: 198.199.124.125 [ccwromannexus61]
01-19 20:56:45.021   995  2821 I ActivityManager: Killing 4496:com.android.gallery3d/u0a51 (adj 15): empty #17
01-19 20:56:45.022  5125  5125 I Xposed  : com.motorola.service.ims
01-19 20:56:45.054   995  1623 W Telecom : TelecomServiceImpl: null is not visible for the calling user
01-19 20:56:45.054  3390  3390 I Babel_telephony: TeleModule.updateConnectionManagerRegistration, registration preference changed from false to false
01-19 20:56:45.054  3390  3390 W Babel   : BAM#gBA: invalid account id: -1
01-19 20:56:45.054  3390  3390 W Babel   : BAM#gBA: invalid account id: -1
01-19 20:56:45.054  3390  3390 I Babel_telephony: TeleModule.updateIncomingCallRegistration, preferred account for incoming calls changed from: null to null
01-19 20:56:45.077  5125  5125 I Xposed  : we set ro_product_device  as  kolhzntyzgt
01-19 20:56:45.077  5125  5125 I Xposed  : we set ro_product_manufacturer  as  Sony
01-19 20:56:45.097   995  1502 I ActivityManager: Killing 4519:org.whispersystems.whisperpush/u0a72 (adj 15): empty #17
01-19 20:56:45.103  5125  5125 D RcsService: [DeviceBoot] ACTION_SIM_STATE_CHANGED INTENT_KEY_ICC_STATE=NOT_READY
01-19 20:56:45.110  1982  1982 E PhoneInterfaceManager: [PhoneIntfMgr] getIccId: ICC ID is null or empty.
01-19 20:56:45.139   995  1502 I ActivityManager: Start proc 5152:org.cyanogenmod.imsenabler/u0a11 for broadcast org.cyanogenmod.imsenabler/.NetworkChangeReceiver
01-19 20:56:45.141   995  2654 I ActivityManager: Killing 4564:com.qualcomm.telephony/1001 (adj 15): empty #17
01-19 20:56:45.236   995  1062 I ActivityManager: Displayed net.openvpn.openvpn/.OpenVPNClient: +740ms
01-19 20:56:45.236   995  1062 I Timeline: Timeline: Activity_windows_visible id: ActivityRecord{30c06f5c u0 net.openvpn.openvpn/.OpenVPNClient t1288} time:60872
01-19 20:56:45.238  5085  5085 D OpenVPNService: SERV: onStartCommand action=net.openvpn.openvpn.CONNECT
01-19 20:56:45.239  5085  5085 D OpenVPNService: SERV: profile file len=7436
01-19 20:56:45.239  5085  5085 D PrefUtil: get_boolean: enable_notifications=false
01-19 20:56:45.240  5085  5085 D PrefUtil: get_boolean: tun_persist=false
01-19 20:56:45.240  5085  5085 D PrefUtil: get_boolean: google_dns_fallback=true
01-19 20:56:45.240  5085  5085 D PrefUtil: get_boolean: force_aes_cbc_ciphersuites_v2=false
01-19 20:56:45.240  5085  5085 D PrefUtil: get_boolean: alt_proxy=false
01-19 20:56:45.240  5085  5085 D PrefUtil: get_string: tls_version_min_override='default'
01-19 20:56:45.241  5152  5152 I Xposed  : org.cyanogenmod.imsenabler
01-19 20:56:45.242  5085  5085 I OpenVPNService: SERV: CONNECT prof=198.199.124.125 [ccwromannexus61] user=null proxy=undef serv=null proto=adaptive to=60 resp=null epki_alias=null comp=yes
01-19 20:56:45.242  5085  5085 D PrefUtil: set_string: autostart_profile_name='198.199.124.125 [ccwromannexus61]'
01-19 20:56:45.251  5152  5152 I Xposed  : we set ro_product_device  as  kolhzntyzgt
01-19 20:56:45.251  5152  5152 I Xposed  : we set ro_product_manufacturer  as  Sony
01-19 20:56:45.258   995   995 D ZenLog  : intercepted: 0|net.openvpn.openvpn|1642|null|10084,none
01-19 20:56:45.259   995   995 V NotificationService: pkg=net.openvpn.openvpn canInterrupt=false intercept=true
01-19 20:56:45.261  5085  5085 D PrefUtil: set_string: profile='198.199.124.125 [ccwromannexus61]'
01-19 20:56:45.262  5085  5085 D PrefUtil: get_boolean: auto_keyboard=true
01-19 20:56:45.270  5085  5170 D OpenVPNService: SOCKET PROTECT: fd=40 protected status=true
01-19 20:56:45.273  1372  1372 W Xposed  : Package name for /data/app/net.openvpn.openvpn-1/base.apk had to be retrieved via parser
01-19 20:56:45.301   995  1970 I ActivityManager: Start proc 5172:com.android.mms/u0a13 for broadcast com.android.mms/.transaction.MmsSystemEventReceiver
01-19 20:56:45.303   995  1970 I ActivityManager: Killing 4204:android.process.acore/u0a6 (adj 15): empty #17
01-19 20:56:45.304  5085  5085 I OpenVPNService: EVENT: CORE_THREAD_ACTIVE
01-19 20:56:45.336   995   995 V NotificationService: pkg=net.openvpn.openvpn canInterrupt=false intercept=true
01-19 20:56:45.336  5085  5085 I OpenVPNService: LOG: UNUSED OPTIONS
01-19 20:56:45.336  5085  5085 I OpenVPNService: 3 [sndbuf] [0] 
01-19 20:56:45.336  5085  5085 I OpenVPNService: 4 [rcvbuf] [0] 
01-19 20:56:45.336  5085  5085 I OpenVPNService: 6 [resolv-retry] [infinite] 
01-19 20:56:45.336  5085  5085 I OpenVPNService: 7 [nobind] 
01-19 20:56:45.336  5085  5085 I OpenVPNService: 8 [persist-key] 
01-19 20:56:45.336  5085  5085 I OpenVPNService: 9 [persist-tun] 
01-19 20:56:45.336  5085  5085 I OpenVPNService: 12 [verb] [3] 
01-19 20:56:45.336  5085  5085 I OpenVPNService: 
01-19 20:56:45.336  5085  5085 I OpenVPNService: EVENT: RESOLVE
01-19 20:56:45.424   995  1487 W art     : Long monitor contention event with owner method=void com.android.server.am.ActivityManagerService.trimApplications() from ActivityManagerService.java:18950 waiters=4 for 101ms
01-19 20:56:45.429  5085  5085 I OpenVPNService: LOG: Contacting 198.199.124.125:1194 via UDP
01-19 20:56:45.429  5085  5085 I OpenVPNService: EVENT: WAIT
01-19 20:56:45.432   995   995 V NotificationService: pkg=net.openvpn.openvpn canInterrupt=false intercept=true
01-19 20:56:45.439   995   995 V NotificationService: pkg=net.openvpn.openvpn canInterrupt=false intercept=true
01-19 20:56:45.440  5172  5172 I Xposed  : com.android.mms
01-19 20:56:45.448   995  2004 W BackupManagerService: dataChanged but no participant pkg='com.android.providers.settings' uid=10019
01-19 20:56:45.449  5172  5172 I Xposed  : we set ro_product_device  as  kolhzntyzgt
01-19 20:56:45.449  5172  5172 I Xposed  : we set ro_product_manufacturer  as  Sony
01-19 20:56:45.453  5085  5085 I OpenVPNService: LOG: Connecting to 198.199.124.125:1194 (198.199.124.125) via UDPv4
01-19 20:56:45.453  5085  5085 I OpenVPNService: EVENT: CONNECTING
01-19 20:56:45.482  5085  5085 I OpenVPNService: LOG: Tunnel Options:V4,dev-type tun,link-mtu 1542,tun-mtu 1500,proto UDPv4,comp-lzo,cipher BF-CBC,auth SHA1,keysize 128,key-method 2,tls-client
01-19 20:56:45.482  5085  5085 I OpenVPNService: LOG: Peer Info:
01-19 20:56:45.482  5085  5085 I OpenVPNService: IV_GUI_VER=net.openvpn.connect.android 1.1.16-74
01-19 20:56:45.482  5085  5085 I OpenVPNService: IV_VER=3.0.3
01-19 20:56:45.482  5085  5085 I OpenVPNService: IV_PLAT=android
01-19 20:56:45.482  5085  5085 I OpenVPNService: IV_NCP=2
01-19 20:56:45.482  5085  5085 I OpenVPNService: IV_TCPNL=1
01-19 20:56:45.482  5085  5085 I OpenVPNService: IV_PROTO=2
01-19 20:56:45.482  5085  5085 I OpenVPNService: IV_LZO=1
01-19 20:56:45.482  5085  5085 I OpenVPNService: 
01-19 20:56:45.485   995   995 V NotificationService: pkg=net.openvpn.openvpn canInterrupt=false intercept=true
01-19 20:56:45.496  5085  5085 I Timeline: Timeline: Activity_idle id: android.os.BinderProxy@91ea9b8 time:61132
01-19 20:56:45.558  5085  5085 I OpenVPNService: LOG: VERIFY OK: depth=1
01-19 20:56:45.558  5085  5085 I OpenVPNService: cert. version     : 3
01-19 20:56:45.558  5085  5085 I OpenVPNService: serial number     : E3:2A:22:72:D7:57:CA:99
01-19 20:56:45.558  5085  5085 I OpenVPNService: issuer name       : CN=ChangeMe
01-19 20:56:45.558  5085  5085 I OpenVPNService: subject name      : CN=ChangeMe
01-19 20:56:45.558  5085  5085 I OpenVPNService: issued  on        : 2015-12-21 21:43:26
01-19 20:56:45.558  5085  5085 I OpenVPNService: expires on        : 2025-12-18 21:43:26
01-19 20:56:45.558  5085  5085 I OpenVPNService: signed using      : RSA with SHA-256
01-19 20:56:45.558  5085  5085 I OpenVPNService: RSA key size      : 2048 bits
01-19 20:56:45.558  5085  5085 I OpenVPNService: basic constraints : CA=true
01-19 20:56:45.558  5085  5085 I OpenVPNService: key usage         : Key Cert Sign, CRL Sign
01-19 20:56:45.558  5085  5085 I OpenVPNService: 
01-19 20:56:45.559  5085  5085 I OpenVPNService: LOG: VERIFY OK: depth=0
01-19 20:56:45.559  5085  5085 I OpenVPNService: cert. version     : 3
01-19 20:56:45.559  5085  5085 I OpenVPNService: serial number     : 01
01-19 20:56:45.559  5085  5085 I OpenVPNService: issuer name       : CN=ChangeMe
01-19 20:56:45.559  5085  5085 I OpenVPNService: subject name      : CN=server
01-19 20:56:45.559  5085  5085 I OpenVPNService: issued  on        : 2015-12-21 21:44:02
01-19 20:56:45.559  5085  5085 I OpenVPNService: expires on        : 2025-12-18 21:44:02
01-19 20:56:45.559  5085  5085 I OpenVPNService: signed using      : RSA with SHA-256
01-19 20:56:45.559  5085  5085 I OpenVPNService: RSA key size      : 2048 bits
01-19 20:56:45.559  5085  5085 I OpenVPNService: basic constraints : CA=false
01-19 20:56:45.559  5085  5085 I OpenVPNService: key usage         : Digital Signature, Key Encipherment
01-19 20:56:45.559  5085  5085 I OpenVPNService: ext key usage     : TLS Web Server Authentication
01-19 20:56:45.559  5085  5085 I OpenVPNService: 
01-19 20:56:45.649   995  1502 D CountryDetector: The first listener is added
01-19 20:56:45.653   995  1943 W art     : Long monitor contention event with owner method=void com.android.server.am.ActivityManagerService.activityIdle(android.os.IBinder, android.content.res.Configuration, boolean) from ActivityManagerService.java:6259 waiters=0 for 156ms
01-19 20:56:45.691  5172  5172 V Mms     : mnc/mcc: 
01-19 20:56:45.692  5172  5172 V Mms     : tag: bool value: enabledMMS - true
01-19 20:56:45.692  5172  5172 V Mms     : tag: int value: maxMessageSize - 307200
01-19 20:56:45.692  5172  5172 V Mms     : tag: int value: maxImageHeight - 1944
01-19 20:56:45.692  5172  5172 V Mms     : tag: int value: maxImageWidth - 2592
01-19 20:56:45.692  5172  5172 V Mms     : tag: int value: defaultSMSMessagesPerThread - 10000
01-19 20:56:45.692  5172  5172 V Mms     : tag: int value: defaultMMSMessagesPerThread - 1000
01-19 20:56:45.692  5172  5172 V Mms     : tag: int value: minMessageCountPerThread - 10
01-19 20:56:45.692  5172  5172 V Mms     : tag: int value: maxMessageCountPerThread - 5000
01-19 20:56:45.692  5172  5172 V Mms     : tag: string value: uaProfUrl - http://uaprof.motorola.com/phoneconfig/nexus6/Profile/nexus6.rdf
01-19 20:56:45.692  5172  5172 V Mms     : tag: int value: recipientLimit - -1
01-19 20:56:45.692  5172  5172 V Mms     : tag: bool value: enableSlideDuration - true
01-19 20:56:45.692  5172  5172 V Mms     : tag: int value: maxMessageTextSize - -1
01-19 20:56:45.692  5172  5172 V Mms     : tag: string value: userAgent - shamu
01-19 20:56:45.695  5172  5172 I ContactPhotoManager: Cache adj: 1.0
01-19 20:56:45.742  5172  5172 D ConnectivityManager: getMobileDataEnabled()+ subId=2147483643
01-19 20:56:45.744  1982  4298 D PhoneInterfaceManager: [PhoneIntfMgr] getDataEnabled: subId=2147483643 phoneId=0
01-19 20:56:45.744  1982  4298 D PhoneInterfaceManager: [PhoneIntfMgr] getDataEnabled: subId=2147483643 retVal=true
01-19 20:56:45.745  5172  5172 D ConnectivityManager: getMobileDataEnabled()- subId=2147483643 retVal=true
01-19 20:56:45.773  2844  4644 I Xposed  : getDeviceId 985512346068861
01-19 20:56:45.896  2844  4644 V CheckinRequestBuilder: No Subscriptions found on the device
01-19 20:56:45.962   995  1502 I ActivityManager: Start proc 5211:com.google.android.apps.plus/u0a78 for broadcast com.google.android.apps.plus/com.google.android.libraries.social.autobackup.AutoBackupEnvironment$ConnectivityReceiver
01-19 20:56:45.991   391   391 I art     : Explicit concurrent mark sweep GC freed 707(30KB) AllocSpace objects, 0(0B) LOS objects, 40% free, 21MB/35MB, paused 263us total 29.298ms
01-19 20:56:46.007   391   391 I art     : Explicit concurrent mark sweep GC freed 7(240B) AllocSpace objects, 0(0B) LOS objects, 39% free, 21MB/35MB, paused 243us total 15.313ms
01-19 20:56:46.023   391   391 I art     : Explicit concurrent mark sweep GC freed 5(160B) AllocSpace objects, 0(0B) LOS objects, 39% free, 21MB/35MB, paused 360us total 14.926ms
01-19 20:56:46.101  5211  5211 I Xposed  : com.google.android.apps.plus
01-19 20:56:46.109  5211  5211 I Xposed  : we set ro_product_device  as  kolhzntyzgt
01-19 20:56:46.109  5211  5211 I Xposed  : we set ro_product_manufacturer  as  Sony
01-19 20:56:46.132   995  1394 I ActivityManager: Killing 4584:com.android.vending/u0a16 (adj 15): empty #17
01-19 20:56:46.135  5085  5085 I OpenVPNService: LOG: SSL Handshake: TLSv1.2/TLS-DHE-RSA-WITH-AES-256-GCM-SHA384
01-19 20:56:46.136  5085  5085 I OpenVPNService: LOG: Session is ACTIVE
01-19 20:56:46.136  5085  5085 I OpenVPNService: EVENT: GET_CONFIG
01-19 20:56:46.164  5085  5085 I OpenVPNService: LOG: Sending PUSH_REQUEST to server...
01-19 20:56:46.167   995   995 V NotificationService: pkg=net.openvpn.openvpn canInterrupt=false intercept=true
01-19 20:56:46.175  5085  5170 D OpenVPNService: BUILDER: add_address 10.8.0.6/24 10.8.0.1 ipv6=false net30=false
01-19 20:56:46.176  5085  5170 D OpenVPNService: BUILDER: reroute_gw ipv4=true ipv6=false flags=0
01-19 20:56:46.177  5085  5170 D OpenVPNService: BUILDER: add_dns_server 8.8.8.8 ipv6=false
01-19 20:56:46.177  5085  5170 D OpenVPNService: BUILDER: add_dns_server 8.8.4.4 ipv6=false
01-19 20:56:46.177  5085  5170 D OpenVPNService: BUILDER: set_remote_address 198.199.124.125 ipv6=false
01-19 20:56:46.177  5085  5170 D OpenVPNService: BUILDER: set_session_name 198.199.124.125
01-19 20:56:46.177  5085  5170 D OpenVPNService: BUILDER: establish
01-19 20:56:46.184   995  1487 D Vpn     : setting state=CONNECTING, reason=establish
01-19 20:56:46.184   995  1487 D VpnJni  : Address added on tun0: 10.8.0.6/24
01-19 20:56:46.189  5085  5085 I OpenVPNService: LOG: OPTIONS:
01-19 20:56:46.189  5085  5085 I OpenVPNService: 0 [redirect-gateway] [def1] [bypass-dhcp] 
01-19 20:56:46.189  5085  5085 I OpenVPNService: 1 [dhcp-option] [DNS] [8.8.8.8] 
01-19 20:56:46.189  5085  5085 I OpenVPNService: 2 [dhcp-option] [DNS] [8.8.4.4] 
01-19 20:56:46.189  5085  5085 I OpenVPNService: 3 [route-gateway] [10.8.0.1] 
01-19 20:56:46.189  5085  5085 I OpenVPNService: 4 [topology] [subnet] 
01-19 20:56:46.189  5085  5085 I OpenVPNService: 5 [ping] [10] 
01-19 20:56:46.189  5085  5085 I OpenVPNService: 6 [ping-restart] [120] 
01-19 20:56:46.189  5085  5085 I OpenVPNService: 7 [ifconfig] [10.8.0.6] [255.255.255.0] 
01-19 20:56:46.189  5085  5085 I OpenVPNService: 
01-19 20:56:46.190  5085  5085 I OpenVPNService: LOG: LZO-ASYM init swap=0 asym=0
01-19 20:56:46.190  5085  5085 I OpenVPNService: EVENT: ASSIGN_IP
01-19 20:56:46.192  2844  4644 I Adreno  : EGLInit: QTI Build: 01/29/15, 1bccc5d, I0ba6dce82d
01-19 20:56:46.200   995  1487 I Vpn     : Established by net.openvpn.openvpn on tun0
01-19 20:56:46.205   995   995 V NotificationService: pkg=net.openvpn.openvpn canInterrupt=false intercept=true
01-19 20:56:46.211  5085  5085 D OpenVPNService: SERV: onBind SUPER intent=Intent { act=android.net.VpnService cmp=net.openvpn.openvpn/.OpenVPNService }
01-19 20:56:46.212  5085  5085 I OpenVPNService: LOG: Connected via tun
01-19 20:56:46.213  5085  5085 I OpenVPNService: EVENT: CONNECTED info='@198.199.124.125:1194 (198.199.124.125) via /UDPv4 on tun/10.8.0.6/' trans=TO_CONNECTED
01-19 20:56:46.227  5085  5085 D PrefUtil: get_boolean: expand_stats=true
01-19 20:56:46.227  5085  5085 D PrefUtil: get_boolean: autostart_finish_on_connect=true
01-19 20:56:46.231   995   995 V NotificationService: pkg=net.openvpn.openvpn canInterrupt=false intercept=true
01-19 20:56:46.246   995  1328 E ConnectivityService: Unexpected mtu value: 0, tun0
01-19 20:56:46.280   995  5232 D NetworkMonitor/NetworkAgentInfo [VPN () - 101]: DefaultState{ when=0 what=532481 target=com.android.internal.util.StateMachine$SmHandler }
01-19 20:56:46.280   995  5232 D NetworkMonitor/NetworkAgentInfo [VPN () - 101]: Connected
01-19 20:56:46.280   995  5232 D NetworkMonitor/NetworkAgentInfo [VPN () - 101]: EvaluatingState{ when=0 what=532486 arg1=1 target=com.android.internal.util.StateMachine$SmHandler }
01-19 20:56:46.281   995  5232 D NetworkMonitor/NetworkAgentInfo [VPN () - 101]: Validated
01-19 20:56:46.281   995  1328 D CSLegacyTypeTracker: Sending connected broadcast for type 17 NetworkAgentInfo [VPN () - 101] isDefaultNetwork=false
01-19 20:56:46.284   995  1061 D Tethering: MasterInitialState.processMessage what=3
01-19 20:56:46.284  1372  2441 D ConnectivityManager.CallbackHandler: CM callback handler got msg 524290
01-19 20:56:46.289   995  1328 E ConnectivityService: Attempting to register duplicate agent for type 17: NetworkAgentInfo{ ni{[type: VPN[], state: CONNECTED/CONNECTED, reason: (unspecified), extra: (none), roaming: false, failover: false, isAvailable: true, isConnectedToProvisioningNetwork: false]}  network{101}  lp{{InterfaceName: tun0 LinkAddresses: [10.8.0.6/24,]  Routes: [0.0.0.0/0 -> 0.0.0.0 tun0,::/0 unreachable,] DnsAddresses: [8.8.8.8,8.8.4.4,] Domains:  MTU: 0}}  nc{[ Transports: VPN Capabilities: INTERNET&NOT_RESTRICTED&TRUSTED]}  Score{0}  everValidated{true}  lastValidated{true}  created{true}  explicitlySelected{false} }
01-19 20:56:46.290  1372  2441 D ConnectivityManager.CallbackHandler: CM callback handler got msg 524290
01-19 20:56:46.301  2844  4644 I CheckinRequestBuilder: Classify the device as Phone.
01-19 20:56:46.306  5085  5085 D PrefUtil: get_boolean: pause_vpn_on_blanked_screen=false
01-19 20:56:46.307  5085  5085 I OpenVPNService: ConnectivityReceiver: CONNECTIVITY_ACTION conn=true fo=false
01-19 20:56:46.369  2844  4644 I CheckinTask: Checkin success: https://android.clients.google.com/checkin (1 requests sent)
01-19 20:56:46.376  2844  4644 V CheckinService: No Subscriptions found on the device
01-19 20:56:46.384  2844  4644 I CheckinService: Checking schedule, now: 1453226206383 next: 1453807174369
01-19 20:56:46.384  2844  4644 I CheckinService: active receiver: disabled
01-19 20:56:46.399  2844  2844 D CheckinService: Recording last checkin time for package unspecified as 1453226206399
01-19 20:56:46.410   995  2004 I ActivityManager: Killing 4267:com.google.android.deskclock/u0a75 (adj 15): empty #17
01-19 20:56:46.425   995  2004 I ActivityManager: Killing 4678:com.google.android.youtube/u0a81 (adj 15): empty #18
01-19 20:56:46.477   995  1943 I ActivityManager: Start proc 5240:android.process.acore/u0a6 for content provider com.android.providers.contacts/.ContactsProvider2
01-19 20:56:46.665  5240  5240 I Xposed  : com.android.providers.contacts
01-19 20:56:46.689  5240  5240 I Xposed  : we set ro_product_device  as  kolhzntyzgt
01-19 20:56:46.689  5240  5240 I Xposed  : we set ro_product_manufacturer  as  Sony
01-19 20:56:46.716   995  1623 I ActivityManager: Start proc 5262:com.google.android.apps.photos/u0a41 for broadcast com.google.android.apps.photos/.actionqueue.SystemReceiver
01-19 20:56:46.718   995  1623 I ActivityManager: Killing 4827:com.google.android.gm/u0a77 (adj 15): empty #17
01-19 20:56:46.772   995  1623 I ActivityManager: Killing 4794:com.google.android.apps.maps/u0a80 (adj 15): empty #18
01-19 20:56:46.919  5262  5262 I Xposed  : com.google.android.apps.photos
01-19 20:56:46.944  5262  5262 I Xposed  : we set ro_product_device  as  kolhzntyzgt
01-19 20:56:46.945  5262  5262 I Xposed  : we set ro_product_manufacturer  as  Sony
01-19 20:56:46.971  5240  5240 I Xposed  : com.android.providers.userdictionary
01-19 20:56:46.973  5240  5240 I Xposed  : we set ro_product_device  as  kolhzntyzgt
01-19 20:56:46.973  5240  5240 I Xposed  : we set ro_product_manufacturer  as  Sony
01-19 20:56:46.984  5240  5240 D StrictMode: StrictMode policy violation; ~duration=5 ms: android.os.StrictMode$StrictModeDiskReadViolation: policy=31 violation=2
01-19 20:56:46.984  5240  5240 D StrictMode: 	at android.os.StrictMode$AndroidBlockGuardPolicy.onReadFromDisk(StrictMode.java:1137)
01-19 20:56:46.984  5240  5240 D StrictMode: 	at libcore.io.BlockGuardOs.stat(BlockGuardOs.java:292)
01-19 20:56:46.984  5240  5240 D StrictMode: 	at java.io.File.lastModified(File.java:571)
01-19 20:56:46.984  5240  5240 D StrictMode: 	at android.content.res.XResources.isFirstLoad(XResources.java:107)
01-19 20:56:46.984  5240  5240 D StrictMode: 	at de.robv.android.xposed.XposedBridge$7.afterHookedMethod(XposedBridge.java:345)
01-19 20:56:46.984  5240  5240 D StrictMode: 	at de.robv.android.xposed.XposedBridge.handleHookedMethod(XposedBridge.java:682)
01-19 20:56:46.984  5240  5240 D StrictMode: 	at android.app.ResourcesManager.getTopLevelResources(<Xposed>)
01-19 20:56:46.984  5240  5240 D StrictMode: 	at android.app.ActivityThread.getTopLevelResources(ActivityThread.java:1671)
01-19 20:56:46.984  5240  5240 D StrictMode: 	at android.app.LoadedApk.getResources(LoadedApk.java:533)
01-19 20:56:46.984  5240  5240 D StrictMode: 	at android.app.ContextImpl.<init>(ContextImpl.java:2342)
01-19 20:56:46.984  5240  5240 D StrictMode: 	at android.app.ContextImpl.createPackageContextAsUser(ContextImpl.java:2207)
01-19 20:56:46.984  5240  5240 D StrictMode: 	at android.app.ContextImpl.createPackageContext(ContextImpl.java:2185)
01-19 20:56:46.984  5240  5240 D StrictMode: 	at android.content.ContextWrapper.createPackageContext(ContextWrapper.java:677)
01-19 20:56:46.984  5240  5240 D StrictMode: 	at android.app.ActivityThread.installProvider(ActivityThread.java:5095)
01-19 20:56:46.984  5240  5240 D StrictMode: 	at android.app.ActivityThread.installContentProviders(ActivityThread.java:4662)
01-19 20:56:46.984  5240  5240 D StrictMode: 	at android.app.ActivityThread.handleBindApplication(ActivityThread.java:4602)
01-19 20:56:46.984  5240  5240 D StrictMode: 	at de.robv.android.xposed.XposedBridge.invokeOriginalMethodNative(Native Method)
01-19 20:56:46.984  5240  5240 D StrictMode: 	at de.robv.android.xposed.XposedBridge.handleHookedMethod(XposedBridge.java:668)
01-19 20:56:46.984  5240  5240 D StrictMode: 	at android.app.ActivityThread.handleBindApplication(<Xposed>)
01-19 20:56:46.984  5240  5240 D StrictMode: 	at android.app.ActivityThread.access$1600(ActivityThread.java:153)
01-19 20:56:46.984  5240  5240 D StrictMode: 	at android.app.ActivityThread$H.handleMessage(ActivityThread.java:1385)
01-19 20:56:46.984  5240  5240 D StrictMode: 	at android.os.Handler.dispatchMessage(Handler.java:102)
01-19 20:56:46.984  5240  5240 D StrictMode: 	at android.os.Looper.loop(Looper.java:135)
01-19 20:56:46.984  5240  5240 D StrictMode: 	at android.app.ActivityThread.main(ActivityThread.java:5375)
01-19 20:56:46.984  5240  5240 D StrictMode: 	at java.lang.reflect.Method.invoke(Native Method)
01-19 20:56:46.984  5240  5240 D StrictMode: 	at java.lang.reflect.Method.invoke(Method.java:372)
01-19 20:56:46.984  5240  5240 D StrictMode: 	at com.android.internal.os.ZygoteInit$MethodAndArgsCaller.run(ZygoteInit.java:904)
01-19 20:56:46.984  5240  5240 D StrictMode: 	at com.android.internal.os.ZygoteInit.main(ZygoteInit.java:699)
01-19 20:56:46.984  5240  5240 D StrictMode: 	at de.robv.android.xposed.XposedBridge.main(XposedBridge.java:115)
01-19 20:56:47.017  5240  5282 I ContactLocale: AddressBook Labels [en-GB;pa-US]: [, A, B, C, D, E, F, G, H, I, J, K, L, M, N, O, P, Q, R, S, T, U, V, W, X, Y, Z, Α, Β, Γ, Δ, Ε, Ζ, Η, Θ, Ι, Κ, Λ, Μ, Ν, Ξ, Ο, Π, Ρ, Σ, Τ, Υ, Φ, Χ, Ψ, Ω, , А, Б, В, Г, Д, Ђ, Е, Є, Ж, З, И, І, Ї, Й, Ј, К, Л, Љ, М, Н, Њ, О, П, Р, С, Т, Ћ, У, Ф, Х, Ц, Ч, Џ, Ш, Щ, Ю, Я, , א, ב, ג, ד, ה, ו, ז, ח, ט, י, כ, ל, מ, נ, ס, ע, פ, צ, ק, ר, ש, ת, , ا, ب, ت, ث, ج, ح, خ, د, ذ, ر, ز, س, ش, ص, ض, ط, ظ, ع, غ, ف, ق, ك, ل, م, ن, ه, و, ي, , ੴ, ੳ, ਉ, ਊ, ਓ, ਅ, ਆ, ਐ, ਔ, ੲ, ਇ, ਈ, ਏ, ਸ, ਹ, ਕ, ਖ, ਗ, ਘ, ਙ, ਚ, ਛ, ਜ, ਝ, ਞ, ਟ, ਠ, ਡ, ਢ, ਣ, ਤ, ਥ, ਦ, ਧ, ਨ, ਪ, ਫ, ਬ, ਭ, ਮ, ਯ, ਰ, ਲ, ਵ, ੜ, ਾ, ਿ, ੀ, ੁ, ੂ, ੇ, ੈ, ੋ, ੌ, ੍, , ก, ข, ฃ, ค, ฅ, ฆ, ง, จ, ฉ, ช, ซ, ฌ, ญ, ฎ, ฏ, ฐ, ฑ, ฒ, ณ, ด, ต, ถ, ท, ธ, น, บ, ป, ผ, ฝ, พ, ฟ, ภ, ม, ย, ร, ฤ, ล, ฦ, ว, ศ, ษ, ส, ห, ฬ, อ, ฮ, , ㄱ, ㄴ, ㄷ, ㄹ, ㅁ, ㅂ, ㅅ, ㅇ, ㅈ, ㅊ, ㅋ, ㅌ, ㅍ, ㅎ, , あ, か, さ, た, な, は, ま, や, ら, わ, #, ]
01-19 20:56:47.198  5262  5262 W Primes  : No crash configurations were set, crash monitoring will turned off by default
01-19 20:56:47.208  5125  5125 D RcsService: [DeviceBoot] ACTION_SIM_STATE_CHANGED INTENT_KEY_ICC_STATE=ABSENT
01-19 20:56:47.209  5125  5125 I art     : System.exit called, status: 0
01-19 20:56:47.209  5125  5125 I AndroidRuntime: VM exiting with result code 0, cleanup skipped.
01-19 20:56:47.222   995  2821 I ActivityManager: Process com.motorola.service.ims (pid 5125) has died
01-19 20:56:47.227  1982  1982 E PhoneInterfaceManager: [PhoneIntfMgr] getIccId: ICC ID is null or empty.
01-19 20:56:47.534   995  2028 I WindowManager: Screenshot max retries 4 of Token{2105a265 ActivityRecord{30c06f5c u0 net.openvpn.openvpn/.OpenVPNClient t1288 f}} appWin=Window{3cd067b6 u0 net.openvpn.openvpn/net.openvpn.openvpn.OpenVPNClient} drawState=4
01-19 20:56:47.536   995  1623 W art     : Long monitor contention event with owner method=boolean com.android.server.am.ActivityManagerService.finishActivity(android.os.IBinder, int, android.content.Intent, boolean) from ActivityManagerService.java:4431 waiters=1 for 304ms
01-19 20:56:47.609   995  1487 I ActivityManager: Start proc 5292:com.motorola.service.ims/1001 for broadcast com.motorola.service.ims/.DeviceBoot
01-19 20:56:47.732  2005  2005 I Timeline: Timeline: Activity_idle id: android.os.BinderProxy@2769d82e time:63368
01-19 20:56:47.738   995  1062 I Timeline: Timeline: Activity_windows_visible id: ActivityRecord{2ee0cf03 u0 com.cyanogenmod.trebuchet/com.android.launcher3.Launcher t1287} time:63374
01-19 20:56:47.758  5085  5085 D OpenVPNClient: CLI: onStop
01-19 20:56:47.758  5085  5085 D OpenVPNClientBase: CLIBASE: doUnbindService
01-19 20:56:47.758  5085  5085 D OpenVPNService: SERV: client detach n_clients=0
01-19 20:56:47.762  5085  5085 D OpenVPNClient: CLI: onDestroy called
01-19 20:56:47.768  5085  5085 D OpenVPNService: SERV: onUnbind called intent=Intent { act=net.openvpn.openvpn.BIND cmp=net.openvpn.openvpn/.OpenVPNService }
01-19 20:56:47.772  5292  5292 I Xposed  : com.motorola.service.ims
01-19 20:56:47.781  5292  5292 I Xposed  : we set ro_product_device  as  kolhzntyzgt
01-19 20:56:47.782  5292  5292 I Xposed  : we set ro_product_manufacturer  as  Sony
01-19 20:56:47.802  5292  5292 D RcsService: [DeviceBoot] ACTION_SIM_STATE_CHANGED INTENT_KEY_ICC_STATE=ABSENT
01-19 20:56:47.803  5292  5292 I art     : System.exit called, status: 0
01-19 20:56:47.803  5292  5292 I AndroidRuntime: VM exiting with result code 0, cleanup skipped.
01-19 20:56:47.810   995  2028 I ActivityManager: Process com.motorola.service.ims (pid 5292) has died
01-19 20:56:47.813  1982  1982 E PhoneInterfaceManager: [PhoneIntfMgr] getIccId: ICC ID is null or empty.
01-19 20:56:47.840  2134  2134 D WearableService: callingUid 10029, callindPid: 2134
01-19 20:56:47.851  2844  5315 D LocationInitializer: Restart initialization of location
01-19 20:56:47.859  1442  1462 W art     : Suspending all threads took: 5.789ms
01-19 20:56:47.865  2134  5314 E MDM     : [181] b.run: Couldn't connect to Google API client: ConnectionResult{statusCode=API_UNAVAILABLE, resolution=null, message=null}
01-19 20:56:47.975  2844  5318 W IcingInternalCorpora: getNumBytesRead when not calculated.
01-19 20:56:48.025  2134  2134 D AuthorizationBluetoothService: Received GmsCore event: Intent { act=com.google.android.gms.INITIALIZE flg=0x10 pkg=com.google.android.gms cmp=com.google.android.gms/.auth.be.proximity.authorization.bt.AuthorizationBluetoothService$AutoStarter }.
01-19 20:56:48.034  2134  2134 D a       : Opening database auth.proximity.permit_store...
01-19 20:56:48.088  2134  2134 V GLSActivity: AuthDelegateWrapperCreated with selected intent: Intent { cmp=com.google.android.gms/.auth.DefaultAuthDelegateService }
01-19 20:56:48.129   995  1943 I ActivityManager: Start proc 5333:com.motorola.service.ims/1001 for broadcast com.motorola.service.ims/.DeviceBoot
01-19 20:56:48.131  2134  2878 W GCoreFlp: No location to return for getLastLocation()
01-19 20:56:48.132  2134  5323 W FusedLocationProvider: location=null
01-19 20:56:48.217  2005  2440 W OpenGLRenderer: Incorrectly called buildLayer on View: ShortcutAndWidgetContainer, destroying layer...
01-19 20:56:48.217  2005  2440 W OpenGLRenderer: Incorrectly called buildLayer on View: ShortcutAndWidgetContainer, destroying layer...
01-19 20:56:48.228  5333  5333 I Xposed  : com.motorola.service.ims
01-19 20:56:48.238  5333  5333 I Xposed  : we set ro_product_device  as  kolhzntyzgt
01-19 20:56:48.238  5333  5333 I Xposed  : we set ro_product_manufacturer  as  Sony
01-19 20:56:48.261  5333  5333 D RcsService: [DeviceBoot] ACTION_SIM_STATE_CHANGED INTENT_KEY_ICC_STATE=ABSENT
01-19 20:56:48.262  5333  5333 I art     : System.exit called, status: 0
01-19 20:56:48.262  5333  5333 I AndroidRuntime: VM exiting with result code 0, cleanup skipped.
01-19 20:56:48.272   995  1943 I ActivityManager: Process com.motorola.service.ims (pid 5333) has died
01-19 20:56:48.276  1982  1982 E PhoneInterfaceManager: [PhoneIntfMgr] getIccId: ICC ID is null or empty.
01-19 20:56:48.304   995  2525 I ActivityManager: Start proc 5355:com.motorola.service.ims/1001 for broadcast com.motorola.service.ims/.DeviceBoot
01-19 20:56:48.446  5355  5355 I Xposed  : com.motorola.service.ims
01-19 20:56:48.458  5355  5355 I Xposed  : we set ro_product_device  as  kolhzntyzgt
01-19 20:56:48.458  5355  5355 I Xposed  : we set ro_product_manufacturer  as  Sony
01-19 20:56:48.477  5355  5355 D RcsService: [DeviceBoot] ACTION_SIM_STATE_CHANGED INTENT_KEY_ICC_STATE=ABSENT
01-19 20:56:48.478  5355  5355 I art     : System.exit called, status: 0
01-19 20:56:48.478  5355  5355 I AndroidRuntime: VM exiting with result code 0, cleanup skipped.
01-19 20:56:48.491   995  1970 I ActivityManager: Process com.motorola.service.ims (pid 5355) has died
01-19 20:56:48.495  1982  1982 E PhoneInterfaceManager: [PhoneIntfMgr] getIccId: ICC ID is null or empty.
01-19 20:56:48.545   995  2654 I ActivityManager: Start proc 5375:com.motorola.service.ims/1001 for broadcast com.motorola.service.ims/.DeviceBoot
01-19 20:56:48.686  5375  5375 I Xposed  : com.motorola.service.ims
01-19 20:56:48.702  5375  5375 I Xposed  : we set ro_product_device  as  kolhzntyzgt
01-19 20:56:48.702  5375  5375 I Xposed  : we set ro_product_manufacturer  as  Sony
01-19 20:56:48.727  5375  5375 D RcsService: [DeviceBoot] ACTION_SIM_STATE_CHANGED INTENT_KEY_ICC_STATE=ABSENT
01-19 20:56:48.728  5375  5375 I art     : System.exit called, status: 0
01-19 20:56:48.728  5375  5375 I AndroidRuntime: VM exiting with result code 0, cleanup skipped.
01-19 20:56:48.742   995  2746 I ActivityManager: Process com.motorola.service.ims (pid 5375) has died
01-19 20:56:48.748  1982  1982 E PhoneInterfaceManager: [PhoneIntfMgr] getIccId: ICC ID is null or empty.
01-19 20:56:48.799  2844  5395 D LocationInitializer: Restart initialization of location
01-19 20:56:48.811  2134  2134 D AuthorizationBluetoothService: Received GmsCore event: Intent { act=com.google.android.gms.INITIALIZE flg=0x10 pkg=com.google.android.gms cmp=com.google.android.gms/.auth.be.proximity.authorization.bt.AuthorizationBluetoothService$AutoStarter }.
01-19 20:56:48.812  2134  5394 E MDM     : [197] b.run: Couldn't connect to Google API client: ConnectionResult{statusCode=API_UNAVAILABLE, resolution=null, message=null}
01-19 20:56:48.824  2134  2134 V GLSActivity: AuthDelegateWrapperCreated with selected intent: Intent { cmp=com.google.android.gms/.auth.DefaultAuthDelegateService }
01-19 20:56:48.839  2134  2878 W GCoreFlp: No location to return for getLastLocation()
01-19 20:56:48.839  2134  5396 W FusedLocationProvider: location=null
01-19 20:56:48.851  1442  1442 D MediaScannerReceiver: action: android.intent.action.MEDIA_SCANNER_SCAN_FILE path: /storage/emulated/0/media/audio/notifications/facebook_ringtone_pop.m4a
