01-19 20:56:31.207  1488  3660 E fb4a(:<default>):GraphQLQueryAnalyticsEventImpl: 	at java.util.concurrent.Executors$RunnableAdapter.call(Executors.java:422)
01-19 20:56:31.207  1488  3660 E fb4a(:<default>):GraphQLQueryAnalyticsEventImpl: 	at com.facebook.common.executors.WrappingExecutorService$1.run(view:77)
01-19 20:56:31.207  1488  3660 E fb4a(:<default>):GraphQLQueryAnalyticsEventImpl: 	at java.util.concurrent.Executors$RunnableAdapter.call(Executors.java:422)
01-19 20:56:31.207  1488  3660 E fb4a(:<default>):GraphQLQueryAnalyticsEventImpl: 	at java.util.concurrent.FutureTask.run(FutureTask.java:237)
01-19 20:56:31.207  1488  3660 E fb4a(:<default>):GraphQLQueryAnalyticsEventImpl: 	at com.facebook.common.executors.DefaultConstrainedListeningExecutorService$Worker.run(view_server_enabled:327)
01-19 20:56:31.207  1488  3660 E fb4a(:<default>):GraphQLQueryAnalyticsEventImpl: 	at java.util.concurrent.ThreadPoolExecutor.runWorker(ThreadPoolExecutor.java:1112)
01-19 20:56:31.207  1488  3660 E fb4a(:<default>):GraphQLQueryAnalyticsEventImpl: 	at java.util.concurrent.ThreadPoolExecutor$Worker.run(ThreadPoolExecutor.java:587)
01-19 20:56:31.207  1488  3660 E fb4a(:<default>):GraphQLQueryAnalyticsEventImpl: 	at com.facebook.common.executors.NamedThreadFactory$1.run(viewer context id and logged in user id should always be the same in :42)
01-19 20:56:31.207  1488  3660 E fb4a(:<default>):GraphQLQueryAnalyticsEventImpl: 	at java.lang.Thread.run(Thread.java:818)
01-19 20:56:31.208  1488  3660 W fb4a(:<default>):CacheReadRunner: Exception during graphql executor query
01-19 20:56:31.208  1488  3660 W fb4a(:<default>):CacheReadRunner: com.facebook.http.protocol.AuthTokenNullException: auth token is null, user logged out?
01-19 20:56:31.208  1488  3660 W fb4a(:<default>):CacheReadRunner: 	at com.facebook.http.protocol.SingleMethodRunnerImpl.a(search_query:531)
01-19 20:56:31.208  1488  3660 W fb4a(:<default>):CacheReadRunner: 	at com.facebook.http.protocol.SingleMethodRunnerImpl.a(search_query:336)
01-19 20:56:31.208  1488  3660 W fb4a(:<default>):CacheReadRunner: 	at com.facebook.http.protocol.SingleMethodRunnerImpl.b(search_query:296)
01-19 20:56:31.208  1488  3660 W fb4a(:<default>):CacheReadRunner: 	at com.facebook.http.protocol.AbstractSingleMethodRunner.a(search_constraint:43)
01-19 20:56:31.208  1488  3660 W fb4a(:<default>):CacheReadRunner: 	at com.facebook.graphql.executor.RunnerHelper.a(messenger_animated_stickers_android:94)
01-19 20:56:31.208  1488  3660 W fb4a(:<default>):CacheReadRunner: 	at com.facebook.graphql.executor.CacheReadRunner.b(messenger_send_video_android_v7:172)
01-19 20:56:31.208  1488  3660 W fb4a(:<default>):CacheReadRunner: 	at com.facebook.graphql.executor.CacheReadRunner.run(messenger_send_video_android_v7:287)
01-19 20:56:31.208  1488  3660 W fb4a(:<default>):CacheReadRunner: 	at java.util.concurrent.Executors$RunnableAdapter.call(Executors.java:422)
01-19 20:56:31.208  1488  3660 W fb4a(:<default>):CacheReadRunner: 	at com.facebook.common.executors.WrappingExecutorService$1.run(view:77)
01-19 20:56:31.208  1488  3660 W fb4a(:<default>):CacheReadRunner: 	at java.util.concurrent.Executors$RunnableAdapter.call(Executors.java:422)
01-19 20:56:31.208  1488  3660 W fb4a(:<default>):CacheReadRunner: 	at java.util.concurrent.FutureTask.run(FutureTask.java:237)
01-19 20:56:31.208  1488  3660 W fb4a(:<default>):CacheReadRunner: 	at com.facebook.common.executors.DefaultConstrainedListeningExecutorService$Worker.run(view_server_enabled:327)
01-19 20:56:31.208  1488  3660 W fb4a(:<default>):CacheReadRunner: 	at java.util.concurrent.ThreadPoolExecutor.runWorker(ThreadPoolExecutor.java:1112)
01-19 20:56:31.208  1488  3660 W fb4a(:<default>):CacheReadRunner: 	at java.util.concurrent.ThreadPoolExecutor$Worker.run(ThreadPoolExecutor.java:587)
01-19 20:56:31.208  1488  3660 W fb4a(:<default>):CacheReadRunner: 	at com.facebook.common.executors.NamedThreadFactory$1.run(viewer context id and logged in user id should always be the same in :42)
01-19 20:56:31.208  1488  3660 W fb4a(:<default>):CacheReadRunner: 	at java.lang.Thread.run(Thread.java:818)
01-19 20:56:31.265  2844  3352 I Icing   : Indexing EDD7C42BE3A27E8BAEFEA55BC42691E64D2F71E5 from com.google.android.gms
01-19 20:56:31.270  2844  3352 W Icing   : Content incarnation mismatch: Expected [903b9212da802adb] found [c0021fb3cc5579cb]
01-19 20:56:31.270  2844  3352 I Icing   : Indexing done EDD7C42BE3A27E8BAEFEA55BC42691E64D2F71E5
01-19 20:56:31.270  2844  3352 E Icing   : Aborting indexing of corpus apps
01-19 20:56:31.271  2844  3352 I Icing   : Removing corpus key EDD7C42BE3A27E8BAEFEA55BC42691E64D2F71E5 for package com.google.android.gms
01-19 20:56:31.320  3544  3544 W InstanceID/Rpc: Found 10029
01-19 20:56:31.395  3689  3689 I dex2oat : /system/bin/dex2oat --runtime-arg -classpath --runtime-arg /system/framework/XposedBridge.jar --instruction-set=arm --instruction-set-features=default --runtime-arg -Xnorelocate --boot-image=/system/framework/boot.art --dex-file=/data/data/com.google.android.youtube/cache/ads-107361653.jar --oat-fd=49 --oat-location=/data/data/com.google.android.youtube/cache/ads-107361653.dex --runtime-arg -Xms64m --runtime-arg -Xmx512m
01-19 20:56:31.452   995  1487 I ActivityManager: Start proc 3703:com.google.android.deskclock/u0a75 for broadcast com.google.android.deskclock/com.android.deskclock.AlarmInitReceiver
01-19 20:56:31.466  3677  3677 I art     : System.exit called, status: 0
01-19 20:56:31.466  3677  3677 I AndroidRuntime: VM exiting with result code 0.
01-19 20:56:31.482  3703  3703 I Xposed  : com.google.android.deskclock
01-19 20:56:31.489  3703  3703 I Xposed  : we set ro_product_device  as  kolhzntyzgt
01-19 20:56:31.489  3703  3703 I Xposed  : we set ro_product_manufacturer  as  Sony
01-19 20:56:31.493  3689  3689 I dex2oat : dex2oat took 90.090ms (threads: 4) arena alloc=64KB java alloc=36KB native alloc=773KB free=1274KB
01-19 20:56:31.632  2844  2844 D GCM     : COMPAT: Multi user ser=0 current=0
01-19 20:56:31.648  2134  2134 D GCM     : COMPAT: Multi user ser=0 current=0
01-19 20:56:31.664  2844  3352 I Icing   : Indexing EDD7C42BE3A27E8BAEFEA55BC42691E64D2F71E5 from com.google.android.gms
01-19 20:56:31.711  3703  3703 I GAv4    : Google Analytics 7.8.95 is starting up. To enable debug logging on a device run:
01-19 20:56:31.711  3703  3703 I GAv4    :   adb shell setprop log.tag.GAv4 DEBUG
01-19 20:56:31.711  3703  3703 I GAv4    :   adb logcat -s GAv4
01-19 20:56:31.717  3736  3736 I art     : System.exit called, status: 0
01-19 20:56:31.717  3736  3736 I AndroidRuntime: VM exiting with result code 0.
01-19 20:56:31.745  3703  3703 W GAv4    : AnalyticsReceiver is not registered or is disabled. Register the receiver for reliable dispatching on non-Google Play devices. See http://goo.gl/8Rd3yj for instructions.
01-19 20:56:31.766  3703  3703 W GAv4    : CampaignTrackingReceiver is not registered, not exported or is disabled. Installation campaign tracking is not possible. See http://goo.gl/8Rd3yj for instructions.
01-19 20:56:31.777  3703  3703 V AlarmClock: AlarmInitReceiver android.intent.action.LOCALE_CHANGED
01-19 20:56:31.794  3703  3774 W GAv4    : AnalyticsService not registered in the app manifest. Hits might not be delivered reliably. See http://goo.gl/8Rd3yj for instructions.
01-19 20:56:31.845  3703  3775 V AlarmClock: AlarmInitReceiver finished
01-19 20:56:31.942  3610  3610 W Primes  : No crash configurations were set, crash monitoring will turned off by default
01-19 20:56:31.992  3772  3772 I art     : System.exit called, status: 0
01-19 20:56:31.992  3772  3772 I AndroidRuntime: VM exiting with result code 0.
01-19 20:56:32.011   995  2028 I ActivityManager: Start proc 3796:com.google.android.gm/u0a77 for broadcast com.google.android.gm/.MailIntentReceiver
01-19 20:56:32.048  3085  3385 I Xposed  : com.google.android.gms
01-19 20:56:32.049  3085  3385 I Xposed  : we set ro_product_device  as  kolhzntyzgt
01-19 20:56:32.049  3085  3385 I Xposed  : we set ro_product_manufacturer  as  Sony
01-19 20:56:32.052  3796  3796 I Xposed  : com.google.android.gm
01-19 20:56:32.072  3796  3796 I Xposed  : we set ro_product_device  as  kolhzntyzgt
01-19 20:56:32.072  3796  3796 I Xposed  : we set ro_product_manufacturer  as  Sony
01-19 20:56:32.105  3085  3385 V JNIHelp : Registering com/google/android/gms/org/conscrypt/NativeCrypto's 254 native methods...
01-19 20:56:32.176  3085  3385 I ProviderInstaller: Installed default security provider GmsCore_OpenSSL
01-19 20:56:32.225  2134  3829 D GCM     : GcmService start Intent { act=com.google.android.c2dm.intent.REGISTER pkg=com.google.android.gms cmp=com.google.android.gms/.gcm.GcmService (has extras) } com.google.android.c2dm.intent.REGISTER
01-19 20:56:32.270  3795  3795 I art     : System.exit called, status: 0
01-19 20:56:32.270  3795  3795 I AndroidRuntime: VM exiting with result code 0.
01-19 20:56:32.287  2134  3829 I GCM     : GCM config loaded
01-19 20:56:32.317  2844  2862 I art     : Background sticky concurrent mark sweep GC freed 111198(7MB) AllocSpace objects, 62(992KB) LOS objects, 22% free, 26MB/34MB, paused 653us total 107.858ms
01-19 20:56:32.335  2134  3829 W InstanceID/Rpc: Found 10029
01-19 20:56:32.362   995  1943 I ActivityManager: Start proc 3850:com.motorola.service.ims/1001 for broadcast com.motorola.service.ims/.DeviceBoot
01-19 20:56:32.470  3796  3861 D ActivityThread: Loading provider com.google.android.gmail.provider;com.android.mail.notifier;com.google.android.gm.email.provider;com.google.android.gm.email.notifier: com.android.email.provider.EmailProvider
01-19 20:56:32.479  3850  3850 I Xposed  : com.motorola.service.ims
01-19 20:56:32.485  3796  3860 I Gmail   : getAccountsCursor
01-19 20:56:32.493  3850  3850 I Xposed  : we set ro_product_device  as  kolhzntyzgt
01-19 20:56:32.493  3850  3850 I Xposed  : we set ro_product_manufacturer  as  Sony
01-19 20:56:32.512  2134  2134 V GLSActivity: AuthDelegateWrapperCreated with selected intent: Intent { cmp=com.google.android.gms/.auth.DefaultAuthDelegateService }
01-19 20:56:32.516  2134  2134 V GLSActivity: AuthDelegateWrapperCreated with selected intent: Intent { cmp=com.google.android.gms/.auth.DefaultAuthDelegateService }
01-19 20:56:32.526   995  1026 D PackageManager: Ignoring attempt to set enabled state of disabled component com.google.android.gsf/com.google.android.gsf.update.SystemUpdateActivity
01-19 20:56:32.529  3841  3841 I art     : System.exit called, status: 0
01-19 20:56:32.529  3841  3841 I AndroidRuntime: VM exiting with result code 0.
01-19 20:56:32.544  3850  3850 D RcsService: [DeviceBoot] ACTION_SIM_STATE_CHANGED INTENT_KEY_ICC_STATE=NOT_READY
01-19 20:56:32.548  1982  1982 E PhoneInterfaceManager: [PhoneIntfMgr] getIccId: ICC ID is null or empty.
01-19 20:56:32.606  3796  3796 W GAV2    : Thread[main,5,main]: Need to call initialize() and be in fallback mode to start dispatch.
01-19 20:56:32.617  3796  3861 I Gmail   : Initiated Service map for: [gPop3, gLegacyImap, gEas, gmail]
01-19 20:56:32.730  1982  3899 D SIP     : [SipSharedPreferences] isReceivingCallsEnabled, option not set; use default value, exception: android.provider.Settings$SettingNotFoundException: sip_receive_calls
01-19 20:56:32.765  2134  3843 I Scheduler: Use legacy PeriodicScheduler
01-19 20:56:32.769  2619  2619 D DisplaySettings: Tap-to-wake settings restored.
01-19 20:56:32.774  3796  3915 E Gmail   : Error finding the version of the Email provider.....
01-19 20:56:32.774  3796  3915 E Gmail   : android.content.pm.PackageManager$NameNotFoundException: com.google.android.email
01-19 20:56:32.774  3796  3915 E Gmail   : 	at android.app.ApplicationPackageManager.getPackageInfo(ApplicationPackageManager.java:115)
01-19 20:56:32.774  3796  3915 E Gmail   : 	at com.google.android.gm.EmailMigrationService.a(SourceFile:1280)
01-19 20:56:32.774  3796  3915 E Gmail   : 	at com.google.android.gm.EmailMigrationService.onHandleIntent(SourceFile:219)
01-19 20:56:32.774  3796  3915 E Gmail   : 	at android.app.IntentService$ServiceHandler.handleMessage(IntentService.java:65)
01-19 20:56:32.774  3796  3915 E Gmail   : 	at android.os.Handler.dispatchMessage(Handler.java:102)
01-19 20:56:32.774  3796  3915 E Gmail   : 	at android.os.Looper.loop(Looper.java:135)
01-19 20:56:32.774  3796  3915 E Gmail   : 	at android.os.HandlerThread.run(HandlerThread.java:61)
01-19 20:56:32.774  3796  3915 W EmailMigration: We do not support migrating this version of the Email provider.
01-19 20:56:32.778  3796  3916 I NotifUtils: resendNotifications cancelExisting: true, account: null, folder: null
01-19 20:56:32.790  3796  3917 I Gmail   : getAccountsCursor
01-19 20:56:32.895  3889  3889 I art     : System.exit called, status: 0
01-19 20:56:32.895  3889  3889 I AndroidRuntime: VM exiting with result code 0.
01-19 20:56:32.958   995  2821 I ActivityManager: Start proc 3924:com.google.android.gm.exchange/u0a76 for service com.google.android.gm.exchange/com.android.exchange.service.EasService
01-19 20:56:32.964  2134  2134 V GLSActivity: AuthDelegateWrapperCreated with selected intent: Intent { cmp=com.google.android.gms/.auth.DefaultAuthDelegateService }
01-19 20:56:32.964   995  1943 W ActivityManager: Unable to start service Intent { cmp=com.google.android.gm/com.android.email.service.AttachmentService } U=0: not found
01-19 20:56:33.001  3796  3933 I NotifUtils: resendNotifications cancelExisting: true, account: null, folder: null
01-19 20:56:33.007  2298  3939 I UpdateIcingCorporaServi: Updating corpora: APPS=FORCE_ALL, CONTACTS=FORCE_ALL
01-19 20:56:33.012   995  1026 I ActivityManager: Start proc 3947:com.google.android.calendar/u0a74 for broadcast com.google.android.calendar/com.android.calendar.alerts.AlertReceiver
01-19 20:56:33.106  3796  3935 I Gmail   : Observing account changes for notifications
01-19 20:56:33.117  2134  2134 V GLSActivity: AuthDelegateWrapperCreated with selected intent: Intent { cmp=com.google.android.gms/.auth.DefaultAuthDelegateService }
01-19 20:56:33.117  3924  3924 I Xposed  : com.google.android.gm.exchange
01-19 20:56:33.119  3947  3947 I Xposed  : com.google.android.calendar
01-19 20:56:33.124  3924  3924 I Xposed  : we set ro_product_device  as  kolhzntyzgt
01-19 20:56:33.125  3924  3924 I Xposed  : we set ro_product_manufacturer  as  Sony
01-19 20:56:33.126  3947  3947 I Xposed  : we set ro_product_device  as  kolhzntyzgt
01-19 20:56:33.126  3947  3947 I Xposed  : we set ro_product_manufacturer  as  Sony
01-19 20:56:33.150  1372  1372 W ResourceType: No package identifier when getting value for resource number 0x00000000
01-19 20:56:33.150  1372  1372 W PackageManager: Failure retrieving resources for com.android.browser: Resource ID #0x0
01-19 20:56:33.159  3923  3923 I art     : System.exit called, status: 0
01-19 20:56:33.159  3923  3923 I AndroidRuntime: VM exiting with result code 0.
01-19 20:56:33.193  3796  3980 E SQLiteLog: (283) recovered 36 frames from WAL file /data/data/com.google.android.gm/databases/mailstore.elishaeva.rostislava@gmail.com.db-wal
01-19 20:56:33.194  1372  1372 W ResourceType: No package identifier when getting value for resource number 0x00000000
01-19 20:56:33.194  1372  1372 W PackageManager: Failure retrieving resources for ru.gekos.naebator: Resource ID #0x0
01-19 20:56:33.199  1372  1372 W ResourceType: No package identifier when getting value for resource number 0x00000000
01-19 20:56:33.199  1372  1372 W PackageManager: Failure retrieving resources for com.android.settings: Resource ID #0x0
01-19 20:56:33.235  1372  1372 W ResourceType: No package identifier when getting value for resource number 0x00000000
01-19 20:56:33.236  1372  1372 W PackageManager: Failure retrieving resources for com.play2money.richsquirrel: Resource ID #0x0
01-19 20:56:33.255   995  3989 I RecoverySystem: No recovery log file
01-19 20:56:33.266   995  3989 I BootReceiver: Copying audit failures to DropBox
01-19 20:56:33.266   995  3989 I BootReceiver: Checking for fsck errors
01-19 20:56:33.287  2844  3352 D Icing   : Loaded CLD2 Version V2.0 - 20141016
01-19 20:56:33.293   995  3988 I ActivityManager: Start proc 3991:com.android.keychain/1000 for service com.android.keychain/.KeyChainService
01-19 20:56:33.326  3991  3991 I Xposed  : com.android.keychain
01-19 20:56:33.336  3991  3991 I Xposed  : we set ro_product_device  as  kolhzntyzgt
01-19 20:56:33.336  3991  3991 I Xposed  : we set ro_product_manufacturer  as  Sony
01-19 20:56:33.339  3924  3924 I Exchange: EasService.onCreate
01-19 20:56:33.366  3947  3947 E SQLiteLog: (283) recovered 53 frames from WAL file /data/data/com.google.android.calendar/databases/timelydata.db-wal
01-19 20:56:33.376   995  2654 I ActivityManager: Start proc 4020:eu.chainfire.supersu/u0a87 for broadcast eu.chainfire.supersu/.BootCompleteReceiver
01-19 20:56:33.399  3924  4027 I Exchange: RestartPingTask
01-19 20:56:33.501  3796  3981 I Gmail   : notifyAccountChanged
01-19 20:56:33.656  3986  3986 I art     : System.exit called, status: 0
01-19 20:56:33.657  3986  3986 I AndroidRuntime: VM exiting with result code 0.
01-19 20:56:33.657  3796  3860 I Gmail   : getAccountsCursor
01-19 20:56:33.679  3796  3981 I Gmail   : calculateUnknownSyncRationalesAndPurgeInBackground: queueing
01-19 20:56:33.699  3796  3981 I Gmail   : calculateUnknownSyncRationalesAndPurgeInBackground: queueing
01-19 20:56:33.707  4020  4020 I Xposed  : eu.chainfire.supersu
01-19 20:56:33.729  3796  3981 I Gmail   : calculateUnknownSyncRationalesAndPurgeInBackground: running
01-19 20:56:33.730  3796  3981 I Gmail   : calculateUnknownSyncRationalesAndPurgeInBackground: running
01-19 20:56:33.732  4020  4020 I Xposed  : we set ro_product_device  as  kolhzntyzgt
01-19 20:56:33.732  4020  4020 I Xposed  : we set ro_product_manufacturer  as  Sony
01-19 20:56:33.750  2134  2134 V GLSActivity: AuthDelegateWrapperCreated with selected intent: Intent { cmp=com.google.android.gms/.auth.DefaultAuthDelegateService }
01-19 20:56:33.779   995  1623 I ActivityManager: Start proc 4053:com.android.providers.calendar/u0a5 for content provider com.android.providers.calendar/.CalendarProvider2
01-19 20:56:33.826  4053  4053 I Xposed  : com.android.providers.calendar
01-19 20:56:33.832  4053  4053 I Xposed  : we set ro_product_device  as  kolhzntyzgt
01-19 20:56:33.832  4053  4053 I Xposed  : we set ro_product_manufacturer  as  Sony
01-19 20:56:33.838  3924  3924 I Exchange: RestartPingsTask did not start any pings.
01-19 20:56:33.838  3924  3924 I Exchange: PSS stopIfIdle
01-19 20:56:33.838  3924  3924 I Exchange: PSS has no active accounts; stopping service.
01-19 20:56:33.840  3924  3924 I Exchange: onDestroy
01-19 20:56:33.842   995  2028 I ActivityManager: Killing 2800:com.cyanogenmod.eleven/u0a47 (adj 15): empty #17
01-19 20:56:33.906  2134  2134 V GLSActivity: AuthDelegateWrapperCreated with selected intent: Intent { cmp=com.google.android.gms/.auth.DefaultAuthDelegateService }
01-19 20:56:33.912  2134  2134 V GLSActivity: AuthDelegateWrapperCreated with selected intent: Intent { cmp=com.google.android.gms/.auth.DefaultAuthDelegateService }
01-19 20:56:33.912  2844  2844 D ChimeraCfgMgr: Loading module com.google.android.gms.games from APK com.google.android.gms
01-19 20:56:33.930  2844  4084 E ActivityThread: Failed to find provider info for com.android.contacts.metadata
01-19 20:56:33.935  2844  2844 D ChimeraCfgMgr: Loading module com.google.android.gms.games from APK com.google.android.gms
01-19 20:56:33.947   995  1051 D SyncManager: failed sync operation elishaeva.rostislava@gmail.com u0 (com.google), com.android.contacts.metadata, POLL, currentRunTime 44577, reason: UserStart, SyncResult: databaseError: true stats []
01-19 20:56:33.947   995  1051 D SyncManager: not retrying sync operation because the error is a hard error: elishaeva.rostislava@gmail.com u0 (com.google), com.android.contacts.metadata, POLL, currentRunTime 80253, reason: UserStart
01-19 20:56:33.977  4048  4048 I art     : System.exit called, status: 0
01-19 20:56:33.977  4048  4048 I AndroidRuntime: VM exiting with result code 0.
01-19 20:56:34.010   995  2821 I ActivityManager: Start proc 4101:com.android.dialer/u0a8 for broadcast com.android.dialer/.calllog.CallLogReceiver
01-19 20:56:34.020  4020  4096 D SuperSU][APK: [SuperSU][APK][Installer] detect(245)
01-19 20:56:34.022   995  3324 I ActivityManager: Killing 2880:com.android.email/u0a48 (adj 15): empty #17
01-19 20:56:34.023  4053  4053 I CalendarProvider2: Created com.android.providers.calendar.CalendarAlarmManager@aabb609(com.android.providers.calendar.CalendarProvider2@3089700e)
01-19 20:56:34.044  4124  4124 D su      : su invoked.
01-19 20:56:34.046  4020  4096 D SuperSU][APK: [SuperSU][APK][Installer] su --> -1
01-19 20:56:34.056  4020  4096 D SuperSU][APK: [SuperSU][APK][Installer] su backup --> -2
01-19 20:56:34.064  4020  4096 D SuperSU][APK: [SuperSU][APK][Installer] su daemon --> -2
01-19 20:56:34.065  4020  4096 D SuperSU][APK: [SuperSU][APK][Installer] sugote --> -3 / -4 / 0
01-19 20:56:34.073  4020  4096 D SuperSU][APK: [SuperSU][APK][Installer] supolicy --> -2
01-19 20:56:34.082  4020  4096 D SuperSU][APK: [SuperSU][APK][Installer] su old --> -2
01-19 20:56:34.082  4020  4096 D SuperSU][APK: [SuperSU][APK][Installer] app_process --> 0
01-19 20:56:34.093   268   268 I SELinux : avc:  received setenforce notice (enforcing=1)
01-19 20:56:34.109  3947  3947 I AnalyticsLogBase: PlayLogger.onLoggerConnected
01-19 20:56:34.110   391   391 I SELinux : avc:  received setenforce notice (enforcing=1)
01-19 20:56:34.113  3796  3860 W Gmail   : AccountHistory cannot find the addedEvent of elishaeva.rostislava@gmail.com (went back to elishaeva.rostislava@gmail.com)
01-19 20:56:34.114  4101  4101 I Xposed  : com.android.dialer
01-19 20:56:34.120  4101  4101 I Xposed  : we set ro_product_device  as  kolhzntyzgt
01-19 20:56:34.121  4101  4101 I Xposed  : we set ro_product_manufacturer  as  Sony
01-19 20:56:34.131  4020  4096 D SuperSU][APK: [SuperSU][APK][Installer] sdk == 22
01-19 20:56:34.131  4020  4096 D SuperSU][APK: [SuperSU][APK][Installer] xbin_only == 0
01-19 20:56:34.131  4020  4096 D SuperSU][APK: [SuperSU][APK][Installer] selinux_enforcing == 1
01-19 20:56:34.131  4020  4096 D SuperSU][APK: [SuperSU][APK][Installer] is_daemon_mode == 1
01-19 20:56:34.131  4020  4096 D SuperSU][APK: [SuperSU][APK][Installer] is_sugote_needed == 1
01-19 20:56:34.131   995  2746 I ActivityManager: Start proc 4134:com.cyanogenmod.eleven/u0a47 for broadcast com.cyanogenmod.eleven/.MediaButtonIntentReceiver
01-19 20:56:34.131  4020  4096 D SuperSU][APK: [SuperSU][APK][Installer] is_supolicy_needed == 1
01-19 20:56:34.132  4020  4096 D SuperSU][APK: [SuperSU][APK][Installer] context_toolbox == u:object_r:system_file:s0
01-19 20:56:34.132  4020  4096 D SuperSU][APK: [SuperSU][APK][Installer] want_install == 1
01-19 20:56:34.132  4020  4096 D SuperSU][APK: [SuperSU][APK][Installer] want_backup == 1
01-19 20:56:34.132  4020  4096 D SuperSU][APK: [SuperSU][APK][Installer] want_daemon == 1
01-19 20:56:34.132  4020  4096 D SuperSU][APK: [SuperSU][APK][Installer] want_sugote == 1
01-19 20:56:34.132  4020  4096 D SuperSU][APK: [SuperSU][APK][Installer] want_supolicy == 1
01-19 20:56:34.132  4020  4096 D SuperSU][APK: [SuperSU][APK][Installer] want_app_process == 1
01-19 20:56:34.132  4020  4096 D SuperSU][APK: [SuperSU][APK][Installer] have_recovery_context == 0
01-19 20:56:34.132  4020  4096 D SuperSU][APK: [SuperSU][APK][Installer] wantInstall() == 1
01-19 20:56:34.132  4020  4096 D SuperSU][APK: [SuperSU][APK][Installer] canInstall() == 1
01-19 20:56:34.141   391   391 I art     : Explicit concurrent mark sweep GC freed 703(30KB) AllocSpace objects, 0(0B) LOS objects, 39% free, 21MB/35MB, paused 191us total 10.345ms
01-19 20:56:34.152   391   391 I art     : Explicit concurrent mark sweep GC freed 5(160B) AllocSpace objects, 0(0B) LOS objects, 39% free, 21MB/35MB, paused 194us total 10.386ms
01-19 20:56:34.162   391   391 I art     : Explicit concurrent mark sweep GC freed 5(160B) AllocSpace objects, 0(0B) LOS objects, 39% free, 21MB/35MB, paused 193us total 9.693ms
01-19 20:56:34.326  4134  4134 I Xposed  : com.cyanogenmod.eleven
01-19 20:56:34.349  4134  4134 I Xposed  : we set ro_product_device  as  kolhzntyzgt
01-19 20:56:34.349  4134  4134 I Xposed  : we set ro_product_manufacturer  as  Sony
01-19 20:56:34.355  4155  4155 D su      : su invoked.
01-19 20:56:34.366  2298  3939 I UpdateIcingCorporaServi: UpdateCorporaTask done [took 1358 ms] updated apps [took 1123 ms] updated contacts [took 235 ms]
01-19 20:56:34.371   995  1028 I ActivityManager: Killing 2042:com.android.printspooler/u0a65 (adj 15): empty #17
01-19 20:56:34.433   995  2746 I ActivityManager: Start proc 4158:com.cyanogenmod.eleven:main/u0a47 for service com.cyanogenmod.eleven/.MusicPlaybackService
01-19 20:56:34.457  4020  4096 E SuperSU : SU BINARY IS NOT RUNNING AS "u:r:init:s0" - THIS WILL CAUSE ISSUES
01-19 20:56:34.590  4180  4180 D su      : su invoked.
01-19 20:56:34.593  4158  4158 I Xposed  : com.cyanogenmod.eleven
01-19 20:56:34.603  4158  4158 I Xposed  : we set ro_product_device  as  kolhzntyzgt
01-19 20:56:34.604  4158  4158 I Xposed  : we set ro_product_manufacturer  as  Sony
01-19 20:56:34.629   995  2821 I ActivityManager: Start proc 4184:com.qualcomm.timeservice/1000 for broadcast com.qualcomm.timeservice/.TimeServiceBroadcastReceiver
01-19 20:56:34.646   995  2821 I ActivityManager: Killing 2029:android.process.acore/u0a6 (adj 15): empty #17
01-19 20:56:34.677  1982  1982 V OtaStartupReceiver: onOtaspChanged: mOtaspMode=0
01-19 20:56:34.694  4184  4184 I Xposed  : com.qualcomm.timeservice
01-19 20:56:34.697  4158  4158 V RenderScript_jni: RS native mode
01-19 20:56:34.700  4184  4184 I Xposed  : we set ro_product_device  as  kolhzntyzgt
01-19 20:56:34.700  4184  4184 I Xposed  : we set ro_product_manufacturer  as  Sony
01-19 20:56:34.711   995  2746 I ActivityManager: Start proc 4204:android.process.acore/u0a6 for content provider com.android.providers.contacts/.CallLogProvider
01-19 20:56:34.713   995  2654 I ActivityManager: Killing 3544:com.google.android.youtube/u0a81 (adj 15): empty #17
01-19 20:56:34.738  4158  4203 V RenderScript: 0x7f46f600 Launching thread(s), CPUs 4
01-19 20:56:34.812  4158  4203 V RenderScript: Successfully loaded runtime: libRSDriver_adreno.so
01-19 20:56:34.841   995  1502 I ActivityManager: Killing 3703:com.google.android.deskclock/u0a75 (adj 15): empty #17
01-19 20:56:34.851  4204  4204 I Xposed  : com.android.providers.contacts
01-19 20:56:34.859  4204  4204 I Xposed  : we set ro_product_device  as  kolhzntyzgt
01-19 20:56:34.859  4204  4204 I Xposed  : we set ro_product_manufacturer  as  Sony
01-19 20:56:34.860  4184  4184 D TimeService: Receivedandroid.intent.action.TIME_SET intent. Current Time is 1453226194860
01-19 20:56:34.860  4184  4184 D         : TimeServiceNative: User Time to be set is 1453226194860
01-19 20:56:34.860  4184  4184 D QC-time-services: Lib:time_genoff_operation: pargs->base = 2
01-19 20:56:34.860  4184  4184 D QC-time-services: Lib:time_genoff_operation: pargs->operation = 0
01-19 20:56:34.860  4184  4184 D QC-time-services: Lib:time_genoff_operation: pargs->ts_val = 1453226194860
01-19 20:56:34.860  4184  4184 D QC-time-services: Lib:time_genoff_operation: Send to server  passed!!
01-19 20:56:34.860   394   887 D QC-time-services: Daemon: Connection accepted:time_genoff
01-19 20:56:34.862   394  4230 D QC-time-services: Daemon:Received base = 2, unit = 1, operation = 0,value = 1453226194860
01-19 20:56:34.862   394  4230 D QC-time-services: Daemon:genoff_opr: Base = 2, val = 1453226194860, operation = 0
01-19 20:56:34.862   394  4230 D QC-time-services: Daemon:rtc_get: Time read from RTC -- MM/DD/YY HH:MM:SS0/1/70 21:52:45
01-19 20:56:34.862   394  4230 D QC-time-services: Daemon:Value read from RTC seconds = 78765000
01-19 20:56:34.862   394  4230 D QC-time-services: Daemon:new time 1453226194860 
01-19 20:56:34.862   394  4230 D QC-time-services: Daemon: delta 1453147429860 genoff 1453147429860 
01-19 20:56:34.862   394  4230 D QC-time-services: Daemon:genoff_persistent_update: Writing genoff = 1453147429860 to memory
01-19 20:56:34.862   394  4230 D QC-time-services: Daemon:Opening File: /data/time/ats_2
01-19 20:56:34.862   394  4230 D QC-time-services: Daemon:time_persistent_memory_opr:Genoff write operation 
01-19 20:56:34.865   394  4230 D QC-time-services: Updating the TOD offset
01-19 20:56:34.865   394  4230 D QC-time-services: Daemon:genoff_persistent_update: Writing genoff = 1453147429860 to memory
01-19 20:56:34.865   394  4230 D QC-time-services: Daemon:Opening File: /data/time/ats_1
01-19 20:56:34.865   394  4230 D QC-time-services: Daemon:time_persistent_memory_opr:Genoff write operation 
01-19 20:56:34.868   394  4230 E QC-time-services: Daemon:Update to modem bit set
01-19 20:56:34.868   394  4230 D QC-time-services: Daemon:genoff_send_modem: Sending data to MODEM !
01-19 20:56:34.868   394  4230 D QC-time-services: Daemon: Base = 2, Value being sent to MODEM = 1137261394860
01-19 20:56:34.868  4184  4184 E QC-time-services: Receive Passed == base = 2, unit = 1, operation = 0, result = 0
01-19 20:56:34.875  1893  1893 I HeadsetService: Starting service.
01-19 20:56:34.893  2844  2859 W SQLiteConnectionPool: A SQLiteConnection object for database '/data/data/com.google.android.gms/databases/networkstatistics.sqlite' was leaked!  Please fix your application to end transactions in progress properly and to close the database when it is no longer needed.
01-19 20:56:34.937   394   887 E QC-time-services: Daemon: Time-services: Waiting to acceptconnection
01-19 20:56:34.943   394   885 E QC-time-services: Daemon:tod_update_ind_cb: Got Update from modem msg_id 40
01-19 20:56:34.981   995  2654 I ActivityManager: Killing 3085:com.google.android.apps.maps/u0a80 (adj 15): empty #17
01-19 20:56:35.014   995  3920 W art     : Long monitor contention event with owner method=void com.android.server.am.BroadcastQueue.processNextBroadcast(boolean) from BroadcastQueue.java:548 waiters=3 for 137ms
01-19 20:56:35.014   995  3324 W art     : Long monitor contention event with owner method=void com.android.server.am.BroadcastQueue.processNextBroadcast(boolean) from BroadcastQueue.java:548 waiters=4 for 138ms
01-19 20:56:35.050   995  2654 I ActivityManager: Start proc 4235:com.cyanogenmod.account/u0a4 for broadcast com.cyanogenmod.account/.receiver.BootReceiver
01-19 20:56:35.070  1893  1893 W Equalizer: WARNING: attaching an Equalizer to global output mix is deprecated!
01-19 20:56:35.077  4158  4158 E ExtMediaPlayer-JNI: QCMediaPlayer could not be located....
01-19 20:56:35.077  4158  4158 E MediaPlayer-JNI: QCMediaPlayer mediaplayer NOT present
01-19 20:56:35.124  4053  4053 I CalendarProvider2: Sending notification intent: Intent { act=android.intent.action.PROVIDER_CHANGED dat=content://com.android.calendar }
01-19 20:56:35.124  4053  4053 W ContentResolver: Failed to get type for: content://com.android.calendar (Unknown URL content://com.android.calendar)
01-19 20:56:35.139  2844  4257 D ConnectivityManager.CallbackHandler: CM callback handler got msg 524290
01-19 20:56:35.139  1893  1893 W BassBoost: WARNING: attaching a BassBoost to global output mix is deprecated!
01-19 20:56:35.141   378   378 W VirtualizerEffect: using built-in default tuning
01-19 20:56:35.144  1893  1893 W Virtualizer: WARNING: attaching a Virtualizer to global output mix is deprecated!
01-19 20:56:35.146  2844  2844 I CheckinService: Checkin interval check for package: unspecified last checkin: 1453223736462 min interval config: 0 actual interval: 2458684
01-19 20:56:35.163  3796  3910 I Gmail   : getAccountsCursor
01-19 20:56:35.170  2134  2134 V GLSActivity: AuthDelegateWrapperCreated with selected intent: Intent { cmp=com.google.android.gms/.auth.DefaultAuthDelegateService }
01-19 20:56:35.200  1893  1893 I HeadsetService: Headset=false; Bluetooth=false ; USB=false
01-19 20:56:35.208  4235  4235 I Xposed  : com.cyanogenmod.account
01-19 20:56:35.217  3796  3910 W Gmail   : AccountHistory cannot find the addedEvent of elishaeva.rostislava@gmail.com (went back to elishaeva.rostislava@gmail.com)
01-19 20:56:35.221  4204  4204 I Xposed  : com.android.providers.userdictionary
01-19 20:56:35.222  4204  4204 I Xposed  : we set ro_product_device  as  kolhzntyzgt
01-19 20:56:35.222  4204  4204 I Xposed  : we set ro_product_manufacturer  as  Sony
01-19 20:56:35.226  4235  4235 I Xposed  : we set ro_product_device  as  kolhzntyzgt
01-19 20:56:35.226  4235  4235 I Xposed  : we set ro_product_manufacturer  as  Sony
01-19 20:56:35.251  4204  4264 I ContactLocale: AddressBook Labels [en-GB;pa-US]: [, A, B, C, D, E, F, G, H, I, J, K, L, M, N, O, P, Q, R, S, T, U, V, W, X, Y, Z, Α, Β, Γ, Δ, Ε, Ζ, Η, Θ, Ι, Κ, Λ, Μ, Ν, Ξ, Ο, Π, Ρ, Σ, Τ, Υ, Φ, Χ, Ψ, Ω, , А, Б, В, Г, Д, Ђ, Е, Є, Ж, З, И, І, Ї, Й, Ј, К, Л, Љ, М, Н, Њ, О, П, Р, С, Т, Ћ, У, Ф, Х, Ц, Ч, Џ, Ш, Щ, Ю, Я, , א, ב, ג, ד, ה, ו, ז, ח, ט, י, כ, ל, מ, נ, ס, ע, פ, צ, ק, ר, ש, ת, , ا, ب, ت, ث, ج, ح, خ, د, ذ, ر, ز, س, ش, ص, ض, ط, ظ, ع, غ, ف, ق, ك, ل, م, ن, ه, و, ي, , ੴ, ੳ, ਉ, ਊ, ਓ, ਅ, ਆ, ਐ, ਔ, ੲ, ਇ, ਈ, ਏ, ਸ, ਹ, ਕ, ਖ, ਗ, ਘ, ਙ, ਚ, ਛ, ਜ, ਝ, ਞ, ਟ, ਠ, ਡ, ਢ, ਣ, ਤ, ਥ, ਦ, ਧ, ਨ, ਪ, ਫ, ਬ, ਭ, ਮ, ਯ, ਰ, ਲ, ਵ, ੜ, ਾ, ਿ, ੀ, ੁ, ੂ, ੇ, ੈ, ੋ, ੌ, ੍, , ก, ข, ฃ, ค, ฅ, ฆ, ง, จ, ฉ, ช, ซ, ฌ, ญ, ฎ, ฏ, ฐ, ฑ, ฒ, ณ, ด, ต, ถ, ท, ธ, น, บ, ป, ผ, ฝ, พ, ฟ, ภ, ม, ย, ร, ฤ, ล, ฦ, ว, ศ, ษ, ส, ห, ฬ, อ, ฮ, , ㄱ, ㄴ, ㄷ, ㄹ, ㅁ, ㅂ, ㅅ, ㅇ, ㅈ, ㅊ, ㅋ, ㅌ, ㅍ, ㅎ, , あ, か, さ, た, な, は, ま, や, ら, わ, #, ]
01-19 20:56:35.252   995  1028 I ActivityManager: Start proc 4267:com.google.android.deskclock/u0a75 for broadcast com.google.android.deskclock/com.android.deskclock.AlarmInitReceiver
01-19 20:56:35.254  4204  4204 D StrictMode: StrictMode policy violation; ~duration=26 ms: android.os.StrictMode$StrictModeDiskReadViolation: policy=31 violation=2
01-19 20:56:35.254  4204  4204 D StrictMode: 	at android.os.StrictMode$AndroidBlockGuardPolicy.onReadFromDisk(StrictMode.java:1137)
01-19 20:56:35.254  4204  4204 D StrictMode: 	at libcore.io.BlockGuardOs.stat(BlockGuardOs.java:292)
01-19 20:56:35.254  4204  4204 D StrictMode: 	at java.io.File.lastModified(File.java:571)
01-19 20:56:35.254  4204  4204 D StrictMode: 	at android.content.res.XResources.isFirstLoad(XResources.java:107)
01-19 20:56:35.254  4204  4204 D StrictMode: 	at de.robv.android.xposed.XposedBridge$7.afterHookedMethod(XposedBridge.java:345)
01-19 20:56:35.254  4204  4204 D StrictMode: 	at de.robv.android.xposed.XposedBridge.handleHookedMethod(XposedBridge.java:682)
01-19 20:56:35.254  4204  4204 D StrictMode: 	at android.app.ResourcesManager.getTopLevelResources(<Xposed>)
01-19 20:56:35.254  4204  4204 D StrictMode: 	at android.app.ActivityThread.getTopLevelResources(ActivityThread.java:1671)
01-19 20:56:35.254  4204  4204 D StrictMode: 	at android.app.LoadedApk.getResources(LoadedApk.java:533)
01-19 20:56:35.254  4204  4204 D StrictMode: 	at android.app.ContextImpl.<init>(ContextImpl.java:2342)
01-19 20:56:35.254  4204  4204 D StrictMode: 	at android.app.ContextImpl.createPackageContextAsUser(ContextImpl.java:2207)
01-19 20:56:35.254  4204  4204 D StrictMode: 	at android.app.ContextImpl.createPackageContext(ContextImpl.java:2185)
01-19 20:56:35.254  4204  4204 D StrictMode: 	at android.content.ContextWrapper.createPackageContext(ContextWrapper.java:677)
01-19 20:56:35.254  4204  4204 D StrictMode: 	at android.app.ActivityThread.installProvider(ActivityThread.java:5095)
01-19 20:56:35.254  4204  4204 D StrictMode: 	at android.app.ActivityThread.installContentProviders(ActivityThread.java:4662)
01-19 20:56:35.254  4204  4204 D StrictMode: 	at android.app.ActivityThread.handleBindApplication(ActivityThread.java:4602)
01-19 20:56:35.254  4204  4204 D StrictMode: 	at de.robv.android.xposed.XposedBridge.invokeOriginalMethodNative(Native Method)
01-19 20:56:35.254  4204  4204 D StrictMode: 	at de.robv.android.xposed.XposedBridge.handleHookedMethod(XposedBridge.java:668)
01-19 20:56:35.254  4204  4204 D StrictMode: 	at android.app.ActivityThread.handleBindApplication(<Xposed>)
01-19 20:56:35.254  4204  4204 D StrictMode: 	at android.app.ActivityThread.access$1600(ActivityThread.java:153)
01-19 20:56:35.254  4204  4204 D StrictMode: 	at android.app.ActivityThread$H.handleMessage(ActivityThread.java:1385)
01-19 20:56:35.254  4204  4204 D StrictMode: 	at android.os.Handler.dispatchMessage(Handler.java:102)
01-19 20:56:35.254  4204  4204 D StrictMode: 	at android.os.Looper.loop(Looper.java:135)
01-19 20:56:35.254  4204  4204 D StrictMode: 	at android.app.ActivityThread.main(ActivityThread.java:5375)
01-19 20:56:35.254  4204  4204 D StrictMode: 	at java.lang.reflect.Method.invoke(Native Method)
01-19 20:56:35.254  4204  4204 D StrictMode: 	at java.lang.reflect.Method.invoke(Method.java:372)
01-19 20:56:35.254  4204  4204 D StrictMode: 	at com.android.internal.os.ZygoteInit$MethodAndArgsCaller.run(ZygoteInit.java:904)
01-19 20:56:35.254  4204  4204 D StrictMode: 	at com.android.internal.os.ZygoteInit.main(ZygoteInit.java:699)
01-19 20:56:35.254  4204  4204 D StrictMode: 	at de.robv.android.xposed.XposedBridge.main(XposedBridge.java:115)
01-19 20:56:35.263  2844  3352 I Icing   : Indexing done EDD7C42BE3A27E8BAEFEA55BC42691E64D2F71E5
01-19 20:56:35.278   995  1028 I ActivityManager: Killing 3850:com.motorola.service.ims/1001 (adj 15): empty #17
01-19 20:56:35.283  4267  4267 I Xposed  : com.google.android.deskclock
01-19 20:56:35.289  4267  4267 I Xposed  : we set ro_product_device  as  kolhzntyzgt
01-19 20:56:35.289  4267  4267 I Xposed  : we set ro_product_manufacturer  as  Sony
01-19 20:56:35.314   995  1970 I ActivityManager: Killing 2672:com.google.android.partnersetup/u0a30 (adj 15): empty #17
01-19 20:56:35.354  4267  4267 I GAv4    : Google Analytics 7.8.95 is starting up. To enable debug logging on a device run:
01-19 20:56:35.354  4267  4267 I GAv4    :   adb shell setprop log.tag.GAv4 DEBUG
01-19 20:56:35.354  4267  4267 I GAv4    :   adb logcat -s GAv4
01-19 20:56:35.381  4267  4267 W GAv4    : AnalyticsReceiver is not registered or is disabled. Register the receiver for reliable dispatching on non-Google Play devices. See http://goo.gl/8Rd3yj for instructions.
01-19 20:56:35.389  4267  4267 W GAv4    : CampaignTrackingReceiver is not registered, not exported or is disabled. Installation campaign tracking is not possible. See http://goo.gl/8Rd3yj for instructions.
01-19 20:56:35.393  4267  4267 V AlarmClock: AlarmInitReceiver android.intent.action.TIME_SET
01-19 20:56:35.400  4267  4294 W GAv4    : AnalyticsService not registered in the app manifest. Hits might not be delivered reliably. See http://goo.gl/8Rd3yj for instructions.
01-19 20:56:35.442  4267  4295 V AlarmClock: AlarmInitReceiver finished
01-19 20:56:35.608   995  1052 W art     : Long monitor contention event with owner method=void com.android.server.am.BroadcastQueue.processNextBroadcast(boolean) from BroadcastQueue.java:548 waiters=1 for 160ms
01-19 20:56:35.658   995  1394 I ActivityManager: Killing 2619:com.android.settings/1000 (adj 15): empty #17
01-19 20:56:35.712   995  1327 D WifiService: Client connection lost with reason: 4
01-19 20:56:35.766   995  1052 W art     : Long monitor contention event with owner method=void com.android.server.am.ActivityManagerService.serviceDoneExecuting(android.os.IBinder, int, int, int) from ActivityManagerService.java:15699 waiters=1 for 109ms
01-19 20:56:35.808   995  1394 I ActivityManager: Start proc 4305:com.android.managedprovisioning/u0a12 for broadcast com.android.managedprovisioning/.BootReminder
01-19 20:56:35.815   995  2525 I ActivityManager: Killing 3610:com.google.android.apps.photos/u0a41 (adj 15): empty #17
01-19 20:56:35.861   995  1010 I art     : Background partial concurrent mark sweep GC freed 13648(1171KB) AllocSpace objects, 16(688KB) LOS objects, 22% free, 55MB/71MB, paused 1.171ms total 110.264ms
01-19 20:56:35.959  4158  4158 W WakefulBroadcastReceiver: No active wake lock id #1
01-19 20:56:35.964  4305  4305 I Xposed  : com.android.managedprovisioning
01-19 20:56:35.971  4305  4305 I Xposed  : we set ro_product_device  as  kolhzntyzgt
01-19 20:56:35.971  4305  4305 I Xposed  : we set ro_product_manufacturer  as  Sony
01-19 20:56:36.044   995  1970 I ActivityManager: Killing 2298:com.google.android.googlequicksearchbox:search/u0a35 (adj 15): empty #17
01-19 20:56:36.145  2844  4073 W DriveInitializer: Awaiting to be initialized
01-19 20:56:36.146  2844  4327 W DriveInitializer: Background init thread started
01-19 20:56:36.289  2844  4327 W DriveInitializer: Background init thread ended
01-19 20:56:36.349   995  2654 I ActivityManager: Start proc 4345:com.android.mms/u0a13 for broadcast com.android.mms/.transaction.MmsSystemEventReceiver
01-19 20:56:36.368   995  2821 I ActivityManager: Killing 1488:com.facebook.katana/u0a83 (adj 15): empty #17
01-19 20:56:36.397   995  1327 D WifiService: Client connection lost with reason: 4
01-19 20:56:36.405  1442  4333 E SQLiteLog: (283) recovered 172 frames from WAL file /data/data/com.android.providers.media/databases/internal.db-wal
01-19 20:56:36.500   995  3920 W art     : Long monitor contention event with owner method=void com.android.server.am.ActivityManagerService.serviceDoneExecuting(android.os.IBinder, int, int, int) from ActivityManagerService.java:15699 waiters=2 for 103ms
01-19 20:56:36.516  4345  4345 I Xposed  : com.android.mms
01-19 20:56:36.527  4345  4345 I Xposed  : we set ro_product_device  as  kolhzntyzgt
01-19 20:56:36.527  4345  4345 I Xposed  : we set ro_product_manufacturer  as  Sony
01-19 20:56:36.628  1442  4333 W MediaScanner: Error opening directory '/oem/media/', skipping: Permission denied.
01-19 20:56:36.653   995  1943 D CountryDetector: The first listener is added
01-19 20:56:36.735  4345  4345 V Mms     : mnc/mcc: 
01-19 20:56:36.736  4345  4345 V Mms     : tag: bool value: enabledMMS - true
01-19 20:56:36.736  4345  4345 V Mms     : tag: int value: maxMessageSize - 307200
01-19 20:56:36.736  4345  4345 V Mms     : tag: int value: maxImageHeight - 1944
01-19 20:56:36.736  4345  4345 V Mms     : tag: int value: maxImageWidth - 2592
01-19 20:56:36.736  4345  4345 V Mms     : tag: int value: defaultSMSMessagesPerThread - 10000
01-19 20:56:36.736  4345  4345 V Mms     : tag: int value: defaultMMSMessagesPerThread - 1000
01-19 20:56:36.736  4345  4345 V Mms     : tag: int value: minMessageCountPerThread - 10
01-19 20:56:36.736  4345  4345 V Mms     : tag: int value: maxMessageCountPerThread - 5000
01-19 20:56:36.736  4345  4345 V Mms     : tag: string value: uaProfUrl - http://uaprof.motorola.com/phoneconfig/nexus6/Profile/nexus6.rdf
01-19 20:56:36.736  4345  4345 V Mms     : tag: int value: recipientLimit - -1
01-19 20:56:36.736  4345  4345 V Mms     : tag: bool value: enableSlideDuration - true
01-19 20:56:36.736  4345  4345 V Mms     : tag: int value: maxMessageTextSize - -1
01-19 20:56:36.737  4345  4345 V Mms     : tag: string value: userAgent - shamu
01-19 20:56:36.749  4345  4345 I ContactPhotoManager: Cache adj: 1.0
01-19 20:56:36.842   995  1502 I ActivityManager: Start proc 4377:com.ota.updates/1000 for broadcast com.ota.updates/.receivers.AppReceiver
01-19 20:56:36.847  1982  4298 D MmsSmsDatabaseHelper: [MmsSmsDb] tableName: threads hasAutoIncrement: CREATE TABLE threads (_id INTEGER PRIMARY KEY AUTOINCREMENT,date INTEGER DEFAULT 0,message_count INTEGER DEFAULT 0,recipient_ids TEXT,snippet TEXT,snippet_cs INTEGER DEFAULT 0,read INTEGER DEFAULT 1,archived INTEGER DEFAULT 0,type INTEGER DEFAULT 0,error INTEGER DEFAULT 0,has_attachment INTEGER DEFAULT 0,unread_message_count INTEGER DEFAULT 0) result: true
01-19 20:56:36.848  1982  4298 D MmsSmsDatabaseHelper: [MmsSmsDb] tableName: canonical_addresses hasAutoIncrement: CREATE TABLE canonical_addresses (_id INTEGER PRIMARY KEY AUTOINCREMENT,address TEXT) result: true
01-19 20:56:36.849  1982  4298 D MmsSmsDatabaseHelper: [MmsSmsDb] tableName: part hasAutoIncrement: CREATE TABLE part (_id INTEGER PRIMARY KEY AUTOINCREMENT,mid INTEGER,seq INTEGER DEFAULT 0,ct TEXT,name TEXT,chset INTEGER,cd TEXT,fn TEXT,cid TEXT,cl TEXT,ctt_s INTEGER,ctt_t TEXT,_data TEXT,text TEXT) result: true
01-19 20:56:36.850  1982  4298 D MmsSmsDatabaseHelper: [MmsSmsDb] tableName: pdu hasAutoIncrement: CREATE TABLE pdu (_id INTEGER PRIMARY KEY AUTOINCREMENT,thread_id INTEGER,date INTEGER,date_sent INTEGER DEFAULT 0,msg_box INTEGER,read INTEGER DEFAULT 0,m_id TEXT,sub TEXT,sub_cs INTEGER,ct_t TEXT,ct_l TEXT,exp INTEGER,m_cls TEXT,m_type INTEGER,v INTEGER,m_size INTEGER,pri INTEGER,rr INTEGER,rpt_a INTEGER,resp_st INTEGER,st INTEGER,tr_id TEXT,retr_st INTEGER,retr_txt TEXT,retr_txt_cs INTEGER,read_status INTEGER,ct_cls INTEGER,resp_txt TEXT,d_tm INTEGER,d_rpt INTEGER,locked INTEGER DEFAULT 0,sub_id INTEGER DEFAULT -1, phone_id INTEGER DEFAULT -1, seen INTEGER DEFAULT 0,creator TEXT,text_only INTEGER DEFAULT 0) result: true
01-19 20:56:36.850  1982  4298 D MmsSmsDatabaseHelper: [getWritableDatabase] hasAutoIncrementThreads: true hasAutoIncrementAddresses: true hasAutoIncrementPart: true hasAutoIncrementPdu: true
01-19 20:56:37.011   995  3920 W art     : Long monitor contention event with owner method=void com.android.server.am.ActivityManagerService.attachApplication(android.app.IApplicationThread) from ActivityManagerService.java:6248 waiters=0 for 152ms
01-19 20:56:37.013  4345  4374 D Mms     : cancelNotification
01-19 20:56:37.028  4377  4377 I Xposed  : com.ota.updates
01-19 20:56:37.038  4377  4377 I Xposed  : we set ro_product_device  as  kolhzntyzgt
01-19 20:56:37.038  4377  4377 I Xposed  : we set ro_product_manufacturer  as  Sony
01-19 20:56:37.060  4345  4376 D Mms     : cancelNotification
01-19 20:56:37.061   995  2004 I ActivityManager: Killing 3504:com.google.android.apps.plus/u0a78 (adj 15): empty #17
01-19 20:56:37.100   995  1394 I ActivityManager: Killing 3991:com.android.keychain/1000 (adj 15): empty #17
01-19 20:56:37.213   995  1028 I ActivityManager: Killing 3796:com.google.android.gm/u0a77 (adj 15): empty #17
01-19 20:56:37.214  4158  4229 E ELEVEN  : calling refresh!
01-19 20:56:37.274   995  1943 I ActivityManager: Start proc 4401:com.android.settings/1000 for broadcast com.android.settings/.sim.SimBootReceiver
01-19 20:56:37.374  4401  4401 I Xposed  : com.android.settings
01-19 20:56:37.383  4401  4401 I Xposed  : we set ro_product_device  as  kolhzntyzgt
01-19 20:56:37.383  4401  4401 I Xposed  : we set ro_product_manufacturer  as  Sony
01-19 20:56:37.424   995  1970 I ActivityManager: Killing 3924:com.google.android.gm.exchange/u0a76 (adj 15): empty #17
01-19 20:56:37.468   995  2004 I ActivityManager: Start proc 4420:com.google.android.partnersetup/u0a30 for broadcast com.google.android.partnersetup/.GooglePartnerSetup
01-19 20:56:37.597  4420  4420 I Xposed  : com.google.android.partnersetup
01-19 20:56:37.607  4420  4420 I Xposed  : we set ro_product_device  as  kolhzntyzgt
01-19 20:56:37.607  4420  4420 I Xposed  : we set ro_product_manufacturer  as  Sony
01-19 20:56:37.702   995  1970 I ActivityManager: Start proc 4445:com.google.android.onetimeinitializer/u0a31 for broadcast com.google.android.onetimeinitializer/.OneTimeInitializerReceiver
01-19 20:56:37.722   391   391 I art     : Explicit concurrent mark sweep GC freed 704(30KB) AllocSpace objects, 0(0B) LOS objects, 40% free, 21MB/35MB, paused 1.264ms total 19.578ms
01-19 20:56:37.736   391   391 I art     : Explicit concurrent mark sweep GC freed 7(240B) AllocSpace objects, 0(0B) LOS objects, 39% free, 21MB/35MB, paused 204us total 13.924ms
01-19 20:56:37.748   391   391 I art     : Explicit concurrent mark sweep GC freed 5(160B) AllocSpace objects, 0(0B) LOS objects, 39% free, 21MB/35MB, paused 219us total 11.476ms
01-19 20:56:37.826  4445  4445 I Xposed  : com.google.android.onetimeinitializer
01-19 20:56:37.840  4445  4445 I Xposed  : we set ro_product_device  as  kolhzntyzgt
01-19 20:56:37.840  4445  4445 I Xposed  : we set ro_product_manufacturer  as  Sony
01-19 20:56:37.845  4420  4420 I RlzPingService: Setting next ping for 1453830997843
01-19 20:56:37.873  4445  4445 V OneTimeInitializerReceiver: OneTimeInitializerReceiver.onReceive
01-19 20:56:37.881  4445  4466 V OneTimeService: OneTimeService.onHandleIntent
01-19 20:56:37.902   995  2004 I ActivityManager: Start proc 4468:com.android.email/u0a48 for broadcast com.android.email/.service.EmailBroadcastReceiver
01-19 20:56:37.994   995  1394 I ActivityManager: Killing 4020:eu.chainfire.supersu/u0a87 (adj 15): empty #17
01-19 20:56:37.996  4468  4468 I Xposed  : com.android.email
01-19 20:56:38.002  4468  4468 I Xposed  : we set ro_product_device  as  kolhzntyzgt
01-19 20:56:38.002  4468  4468 I Xposed  : we set ro_product_manufacturer  as  Sony
01-19 20:56:38.020   995  1026 I ActivityManager: Killing 4134:com.cyanogenmod.eleven/u0a47 (adj 15): empty #17
01-19 20:56:38.056   995  1970 W ActivityManager: Unable to start service Intent { act=com.android.email.EXCHANGE_INTENT pkg=com.android.exchange } U=0: not found
01-19 20:56:38.062  4468  4487 D ActivityThread: Loading provider com.android.email.provider;com.android.email.notifier: com.android.email.provider.EmailProvider
01-19 20:56:38.067   995  2525 W ActivityManager: Unable to start service Intent { act=com.android.email.EXCHANGE_INTENT pkg=com.android.exchange } U=0: not found
01-19 20:56:38.086  4468  4468 D EmailBroadcastReceiver: Received android.intent.action.BOOT_COMPLETED
01-19 20:56:38.123   995  1502 I ActivityManager: Start proc 4496:com.android.gallery3d/u0a51 for broadcast com.android.gallery3d/org.codeaurora.gallery3d.video.DmReceiver
01-19 20:56:38.124   995  1394 W ActivityManager: Unable to start service Intent { act=com.android.email.EXCHANGE_INTENT pkg=com.android.exchange } U=0: not found
